 kermctrl

 Timestamp is 5bdcd625 (Fri Nov  2 15:56:37 2018)

 Preferred load address is 00400000

 Start         Length     Name                   Class
 0001:00000000 0006f190H .text$mn                CODE
 0001:0006f190 000000dbH .text$x                 CODE
 0002:00000000 000001b8H .idata$5                DATA
 0002:000001b8 00000004H .00cfg                  DATA
 0002:000001bc 00000004H .CRT$XCA                DATA
 0002:000001c0 00000004H .CRT$XCAA               DATA
 0002:000001c4 00000004H .CRT$XCZ                DATA
 0002:000001c8 00000004H .CRT$XIA                DATA
 0002:000001cc 00000004H .CRT$XIAA               DATA
 0002:000001d0 00000004H .CRT$XIAC               DATA
 0002:000001d4 0000000cH .CRT$XIC                DATA
 0002:000001e0 00000004H .CRT$XIZ                DATA
 0002:000001e4 00000004H .CRT$XPA                DATA
 0002:000001e8 00000008H .CRT$XPX                DATA
 0002:000001f0 00000004H .CRT$XPXA               DATA
 0002:000001f4 00000004H .CRT$XPZ                DATA
 0002:000001f8 00000004H .CRT$XTA                DATA
 0002:000001fc 00000004H .CRT$XTZ                DATA
 0002:00000200 00000000H .gfids$y                DATA
 0002:00000200 0001a600H .rdata                  DATA
 0002:0001a800 000002a0H .rdata$r                DATA
 0002:0001aaa0 00000028H .rdata$sxdata           DATA
 0002:0001aac8 00000330H .rdata$zzzdbg           DATA
 0002:0001adf8 00000004H .rtc$IAA                DATA
 0002:0001adfc 00000004H .rtc$IZZ                DATA
 0002:0001ae00 00000004H .rtc$TAA                DATA
 0002:0001ae04 00000004H .rtc$TZZ                DATA
 0002:0001ae08 00000b58H .xdata$x                DATA
 0002:0001b960 00000000H .edata                  DATA
 0002:0001b960 00000050H .idata$2                DATA
 0002:0001b9b0 00000014H .idata$3                DATA
 0002:0001b9c4 000001b8H .idata$4                DATA
 0002:0001bb7c 000007acH .idata$6                DATA
 0003:00000000 000007e0H .data                   DATA
 0003:000007e0 00000110H .data$r                 DATA
 0003:000008f0 00001a54H .bss                    DATA
 0004:00000000 00000160H .rsrc$01                DATA
 0004:00000160 000004a8H .rsrc$02                DATA

  Address         Publics by Value              Rva+Base       Lib:Object

 0000:00000000       ___guard_fids_count        00000000     <absolute>
 0000:00000000       ___guard_longjmp_table     00000000     <absolute>
 0000:00000000       ___guard_iat_table         00000000     <absolute>
 0000:00000000       ___dynamic_value_reloc_table 00000000     <absolute>
 0000:00000000       ___guard_iat_count         00000000     <absolute>
 0000:00000000       ___guard_fids_table        00000000     <absolute>
 0000:00000000       __except_list              00000000     <absolute>
 0000:00000000       ___guard_longjmp_count     00000000     <absolute>
 0000:0000000a       ___safe_se_handler_count   0000000a     <absolute>
 0000:00000100       ___guard_flags             00000100     <absolute>
 0000:00000000       ___ImageBase               00400000     <linker-defined>
 0001:00000000       _WinMain@16                00401000 f   kermctrl.obj
 0001:000000f0       ?ConvertToAnsi@@YAPADPA_W@Z 004010f0 f   kermctrl.obj
 0001:00000120       ?ConvertToUnicode@@YAPA_WPAD@Z 00401120 f   kermctrl.obj
 0001:00000150       ?InitApplication@@YAHPAUHINSTANCE__@@@Z 00401150 f   kermctrl.obj
 0001:000001c0       ?InitInstance@@YAHPAUHINSTANCE__@@H@Z 004011c0 f   kermctrl.obj
 0001:00000240       ?DisplayError@@YAXPAUIKermOA@@@Z 00401240 f   kermctrl.obj
 0001:00000330       ?MainWndProc@@YGJPAUHWND__@@IIJ@Z 00401330 f   kermctrl.obj
 0001:000006f0       _MultiByteToWideChar@24    004016f0 f   kernel32:KERNEL32.dll
 0001:000006f6       _WideCharToMultiByte@32    004016f6 f   kernel32:KERNEL32.dll
 0001:000006fc       _LoadStringA@16            004016fc f   user32:USER32.dll
 0001:00000702       _GetMessageA@16            00401702 f   user32:USER32.dll
 0001:00000708       _TranslateMessage@4        00401708 f   user32:USER32.dll
 0001:0000070e       _DispatchMessageA@4        0040170e f   user32:USER32.dll
 0001:00000714       _SetMessageQueue@4         00401714 f   user32:USER32.dll
 0001:0000071a       _DefWindowProcA@16         0040171a f   user32:USER32.dll
 0001:00000720       _PostQuitMessage@4         00401720 f   user32:USER32.dll
 0001:00000726       _RegisterClassA@4          00401726 f   user32:USER32.dll
 0001:0000072c       _CreateWindowExA@48        0040172c f   user32:USER32.dll
 0001:00000732       _ShowWindow@8              00401732 f   user32:USER32.dll
 0001:00000738       _EnableMenuItem@12         00401738 f   user32:USER32.dll
 0001:0000073e       _UpdateWindow@4            0040173e f   user32:USER32.dll
 0001:00000744       _MessageBoxA@16            00401744 f   user32:USER32.dll
 0001:0000074a       _LoadCursorA@8             0040174a f   user32:USER32.dll
 0001:00000750       _LoadIconA@8               00401750 f   user32:USER32.dll
 0001:00000756       _CoCreateInstance@20       00401756 f   ole32:ole32.dll
 0001:0000075c       _OleInitialize@4           0040175c f   ole32:ole32.dll
 0001:00000762       _OleUninitialize@0         00401762 f   ole32:ole32.dll
 0001:00000768       _SysAllocString@4          00401768 f   oleaut32:OLEAUT32.dll
 0001:0000076e       _SysFreeString@4           0040176e f   oleaut32:OLEAUT32.dll
 0001:00000774       _GetErrorInfo@8            00401774 f   oleaut32:OLEAUT32.dll
 0001:00000a90       ?configure_argv@__scrt_narrow_argv_policy@@SAHXZ 00401a90 f i LIBCMTD:exe_winmain.obj
 0001:00000ab0       ?get_app_type@__scrt_winmain_policy@@SA?AW4_crt_app_type@@XZ 00401ab0 f i LIBCMTD:exe_winmain.obj
 0001:00000af0       _WinMainCRTStartup         00401af0 f   LIBCMTD:exe_winmain.obj
 0001:00000b00       ??$__crt_fast_decode_pointer@PAP6AXXZ@@YAPAP6AXXZQAP6AXXZ@Z 00401b00 f i LIBCMTD:utility.obj
 0001:00000b30       ??$__crt_fast_encode_pointer@PAP6AXXZ@@YAPAP6AXXZQAP6AXXZ@Z 00401b30 f i LIBCMTD:utility.obj
 0001:00000b60       ?__crt_rotate_pointer_value@@YAIIH@Z 00401b60 f i LIBCMTD:utility.obj
 0001:00000c70       _NtCurrentTeb              00401c70 f i LIBCMTD:utility.obj
 0001:00000c80       ___scrt_acquire_startup_lock 00401c80 f   LIBCMTD:utility.obj
 0001:00000cd0       ___scrt_dllmain_after_initialize_c 00401cd0 f   LIBCMTD:utility.obj
 0001:00000d00       ___scrt_dllmain_before_initialize_c 00401d00 f   LIBCMTD:utility.obj
 0001:00000d20       ___scrt_dllmain_crt_thread_attach 00401d20 f   LIBCMTD:utility.obj
 0001:00000d50       ___scrt_dllmain_crt_thread_detach 00401d50 f   LIBCMTD:utility.obj
 0001:00000d70       ___scrt_dllmain_exception_filter 00401d70 f   LIBCMTD:utility.obj
 0001:00000dc0       ___scrt_dllmain_uninitialize_c 00401dc0 f   LIBCMTD:utility.obj
 0001:00000df0       ___scrt_dllmain_uninitialize_critical 00401df0 f   LIBCMTD:utility.obj
 0001:00000e10       ___scrt_initialize_crt     00401e10 f   LIBCMTD:utility.obj
 0001:00000e60       ___scrt_initialize_onexit_tables 00401e60 f   LIBCMTD:utility.obj
 0001:00000f40       ___scrt_is_nonwritable_in_current_image 00401f40 f   LIBCMTD:utility.obj
 0001:00001070       ___scrt_release_startup_lock 00402070 f   LIBCMTD:utility.obj
 0001:000010a0       ___scrt_uninitialize_crt   004020a0 f   LIBCMTD:utility.obj
 0001:000010e0       __onexit                   004020e0 f   LIBCMTD:utility.obj
 0001:00001150       _at_quick_exit             00402150 f   LIBCMTD:utility.obj
 0001:000011a0       _atexit                    004021a0 f   LIBCMTD:utility.obj
 0001:000011d0       ___security_init_cookie    004021d0 f   LIBCMTD:gs_support.obj
 0001:000012b0       __matherr                  004022b0 f   LIBCMTD:matherr.obj
 0001:000012c0       __get_startup_argv_mode    004022c0 f   LIBCMTD:argv_mode.obj
 0001:000012d0       __get_startup_commit_mode  004022d0 f   LIBCMTD:commit_mode.obj
 0001:000012e0       __get_startup_file_mode    004022e0 f   LIBCMTD:file_mode.obj
 0001:000012f0       __get_startup_new_mode     004022f0 f   LIBCMTD:new_mode.obj
 0001:00001300       __get_startup_thread_locale_mode 00402300 f   LIBCMTD:thread_locale.obj
 0001:00001310       ?__scrt_initialize_type_info@@YAXXZ 00402310 f   LIBCMTD:tncleanup.obj
 0001:00001320       ?__scrt_uninitialize_type_info@@YAXXZ 00402320 f   LIBCMTD:tncleanup.obj
 0001:00001340       __should_initialize_environment 00402340 f   LIBCMTD:env_mode.obj
 0001:00001350       __initialize_default_precision 00402350 f   LIBCMTD:default_precision.obj
 0001:00001380       __initialize_invalid_parameter_handler 00402380 f   LIBCMTD:invalid_parameter_handler.obj
 0001:00001390       __initialize_denormal_control 00402390 f   LIBCMTD:denormal_control.obj
 0001:000013a0       ___local_stdio_printf_options 004023a0 f i LIBCMTD:default_local_stdio_options.obj
 0001:000013b0       ___local_stdio_scanf_options 004023b0 f i LIBCMTD:default_local_stdio_options.obj
 0001:000013c0       ___scrt_initialize_default_local_stdio_options 004023c0 f   LIBCMTD:default_local_stdio_options.obj
 0001:00001400       ___scrt_is_user_matherr_present 00402400 f   LIBCMTD:matherr_detection.obj
 0001:00001430       ___scrt_get_dyn_tls_init_callback 00402430 f   LIBCMTD:dyn_tls_init.obj
 0001:00001440       ___scrt_get_dyn_tls_dtor_callback 00402440 f   LIBCMTD:dyn_tls_dtor.obj
 0001:00001450       ___scrt_fastfail           00402450 f   LIBCMTD:utility_desktop.obj
 0001:00001590       ___scrt_get_show_window_mode 00402590 f   LIBCMTD:utility_desktop.obj
 0001:000015d0       ___scrt_initialize_winrt   004025d0 f   LIBCMTD:utility_desktop.obj
 0001:000015e0       ___scrt_is_managed_app     004025e0 f   LIBCMTD:utility_desktop.obj
 0001:00001670       ___scrt_set_unhandled_exception_filter 00402670 f   LIBCMTD:utility_desktop.obj
 0001:00001680       ___scrt_unhandled_exception_filter@4 00402680 f   LIBCMTD:utility_desktop.obj
 0001:000016e0       __crt_debugger_hook        004026e0 f   LIBCMTD:utility_desktop.obj
 0001:000016f0       __RTC_Initialize           004026f0 f   LIBCMTD:_initsect_.obj
 0001:00001720       __RTC_Terminate            00402720 f   LIBCMTD:_initsect_.obj
 0001:00001750       @_guard_check_icall@4      00402750 f i LIBCMTD:checkcfg.obj
 0001:00001770       ___isa_available_init      00402770 f   LIBCMTD:_cpu_disp_.obj
 0001:00001a50       ___scrt_is_ucrt_dll_in_use 00402a50 f   LIBCMTD:ucrt_detection.obj
 0001:00001a80       @_guard_check_icall_nop@4  00402a80 f i LIBCMTD:guard_support.obj
 0001:00001a90       __guard_icall_checks_enforced 00402a90 f i LIBCMTD:guard_support.obj
 0001:00001ac0       @__security_check_cookie@4 00402ac0 f   LIBCMTD:_secchk_.obj
 0001:00001ae0       ___raise_securityfailure   00402ae0 f   LIBCMTD:gs_report.obj
 0001:00001b10       ___report_gsfailure        00402b10 f   LIBCMTD:gs_report.obj
 0001:00001c20       ___report_rangecheckfailure 00402c20 f   LIBCMTD:gs_report.obj
 0001:00001c30       ___report_securityfailure  00402c30 f   LIBCMTD:gs_report.obj
 0001:00001d10       ___report_securityfailureEx 00402d10 f   LIBCMTD:gs_report.obj
 0001:00001ea0       __except_handler4          00402ea0 f   libvcruntimed:_chandler4_.obj
 0001:00002070       ___vcrt_initialize         00403070 f   libvcruntimed:initialization.obj
 0001:000020b0       ___vcrt_thread_attach      004030b0 f   libvcruntimed:initialization.obj
 0001:000020d0       ___vcrt_thread_detach      004030d0 f   libvcruntimed:initialization.obj
 0001:000020f0       ___vcrt_uninitialize       004030f0 f   libvcruntimed:initialization.obj
 0001:00002110       ___vcrt_uninitialize_critical 00403110 f   libvcruntimed:initialization.obj
 0001:00002150       ??$?RD@__crt_internal_free_policy@@QBEXQBD@Z 00403150 f i libvcruntimed:std_type_info.obj
 0001:00002170       ??$?RX@__crt_internal_free_policy@@QBEXQBX@Z 00403170 f i libvcruntimed:std_type_info.obj
 0001:00002190       ??$__crt_interlocked_compare_exchange_pointer@$$CBDPAD$$T@@YAPBDPDSBDQAD$$T@Z 00403190 f i libvcruntimed:std_type_info.obj
 0001:000021b0       ??$__crt_interlocked_read_pointer@$$CBD@@YAPBDPDSBD@Z 004031b0 f i libvcruntimed:std_type_info.obj
 0001:000021d0       ??0?$__crt_unique_heap_ptr@DU__crt_internal_free_policy@@@@QAE@QAD@Z 004031d0 f i libvcruntimed:std_type_info.obj
 0001:000021f0       ??0?$__crt_unique_heap_ptr@XU__crt_internal_free_policy@@@@QAE@QAX@Z 004031f0 f i libvcruntimed:std_type_info.obj
 0001:00002210       ??1?$__crt_unique_heap_ptr@DU__crt_internal_free_policy@@@@QAE@XZ 00403210 f i libvcruntimed:std_type_info.obj
 0001:00002230       ??1?$__crt_unique_heap_ptr@XU__crt_internal_free_policy@@@@QAE@XZ 00403230 f i libvcruntimed:std_type_info.obj
 0001:00002270       ??B?$__crt_unique_heap_ptr@DU__crt_internal_free_policy@@@@QBE_NXZ 00403270 f i libvcruntimed:std_type_info.obj
 0001:00002290       ??B?$__crt_unique_heap_ptr@XU__crt_internal_free_policy@@@@QBE_NXZ 00403290 f i libvcruntimed:std_type_info.obj
 0001:00002300       ?__crt_interlocked_read_32@@YAHPDH@Z 00403300 f i libvcruntimed:std_type_info.obj
 0001:00002320       ?detach@?$__crt_unique_heap_ptr@XU__crt_internal_free_policy@@@@QAEPAXXZ 00403320 f i libvcruntimed:std_type_info.obj
 0001:00002350       ?get@?$__crt_unique_heap_ptr@DU__crt_internal_free_policy@@@@QBEPADXZ 00403350 f i libvcruntimed:std_type_info.obj
 0001:00002360       ?get@?$__crt_unique_heap_ptr@XU__crt_internal_free_policy@@@@QBEPAXXZ 00403360 f i libvcruntimed:std_type_info.obj
 0001:00002370       ?is_valid@?$__crt_unique_heap_ptr@DU__crt_internal_free_policy@@@@QBE_NXZ 00403370 f i libvcruntimed:std_type_info.obj
 0001:000023a0       ?is_valid@?$__crt_unique_heap_ptr@XU__crt_internal_free_policy@@@@QBE_NXZ 004033a0 f i libvcruntimed:std_type_info.obj
 0001:000023d0       ?release@?$__crt_unique_heap_ptr@DU__crt_internal_free_policy@@@@QAEXXZ 004033d0 f i libvcruntimed:std_type_info.obj
 0001:00002400       ?release@?$__crt_unique_heap_ptr@XU__crt_internal_free_policy@@@@QAEXXZ 00403400 f i libvcruntimed:std_type_info.obj
 0001:00002430       ___std_type_info_compare   00403430 f   libvcruntimed:std_type_info.obj
 0001:00002460       ___std_type_info_destroy_list 00403460 f   libvcruntimed:std_type_info.obj
 0001:000024a0       ___std_type_info_hash      004034a0 f   libvcruntimed:std_type_info.obj
 0001:00002500       ___std_type_info_name      00403500 f   libvcruntimed:std_type_info.obj
 0001:000026e0       _memset                    004036e0 f   libvcruntimed:memset.obj
 0001:00002840       __local_unwind4            00403840 f   libvcruntimed:_exsup4_.obj
 0001:00002916       __seh_longjmp_unwind4@4    00403916 f   libvcruntimed:_exsup4_.obj
 0001:0000293e       @_EH4_CallFilterFunc@8     0040393e f   libvcruntimed:_exsup4_.obj
 0001:00002955       @_EH4_TransferToHandler@8  00403955 f   libvcruntimed:_exsup4_.obj
 0001:0000296e       @_EH4_GlobalUnwind2@8      0040396e f   libvcruntimed:_exsup4_.obj
 0001:00002987       @_EH4_LocalUnwind@16       00403987 f   libvcruntimed:_exsup4_.obj
 0001:000029a0       _ReadNoFence               004039a0 f i libvcruntimed:jbcxrval.obj
 0001:000029c0       _ReadPointerNoFence        004039c0 f i libvcruntimed:jbcxrval.obj
 0001:000029e0       ___except_validate_context_record 004039e0 f   libvcruntimed:jbcxrval.obj
 0001:00002a30       ___except_validate_jump_buffer 00403a30 f   libvcruntimed:jbcxrval.obj
 0001:00002a80       ??$?RU__vcrt_ptd@@@__crt_internal_free_policy@@QBEXQBU__vcrt_ptd@@@Z 00403a80 f i libvcruntimed:per_thread_data.obj
 0001:00002aa0       ??0?$__crt_unique_heap_ptr@U__vcrt_ptd@@U__crt_internal_free_policy@@@@QAE@QAU__vcrt_ptd@@@Z 00403aa0 f i libvcruntimed:per_thread_data.obj
 0001:00002ae0       ??1?$__crt_unique_heap_ptr@U__vcrt_ptd@@U__crt_internal_free_policy@@@@QAE@XZ 00403ae0 f i libvcruntimed:per_thread_data.obj
 0001:00002b20       ??B?$__crt_unique_heap_ptr@U__vcrt_ptd@@U__crt_internal_free_policy@@@@QBE_NXZ 00403b20 f i libvcruntimed:per_thread_data.obj
 0001:00002b40       ?detach@?$__crt_unique_heap_ptr@U__vcrt_ptd@@U__crt_internal_free_policy@@@@QAEPAU__vcrt_ptd@@XZ 00403b40 f i libvcruntimed:per_thread_data.obj
 0001:00002b70       ?get@?$__crt_unique_heap_ptr@U__vcrt_ptd@@U__crt_internal_free_policy@@@@QBEPAU__vcrt_ptd@@XZ 00403b70 f i libvcruntimed:per_thread_data.obj
 0001:00002b80       ?is_valid@?$__crt_unique_heap_ptr@U__vcrt_ptd@@U__crt_internal_free_policy@@@@QBE_NXZ 00403b80 f i libvcruntimed:per_thread_data.obj
 0001:00002bb0       ?release@?$__crt_unique_heap_ptr@U__vcrt_ptd@@U__crt_internal_free_policy@@@@QAEXXZ 00403bb0 f i libvcruntimed:per_thread_data.obj
 0001:00002c10       ___vcrt_freefls@4          00403c10 f   libvcruntimed:per_thread_data.obj
 0001:00002c40       ___vcrt_freeptd            00403c40 f   libvcruntimed:per_thread_data.obj
 0001:00002ca0       ___vcrt_getptd             00403ca0 f   libvcruntimed:per_thread_data.obj
 0001:00002cc0       ___vcrt_getptd_noexit      00403cc0 f   libvcruntimed:per_thread_data.obj
 0001:00002e20       ___vcrt_getptd_noinit      00403e20 f   libvcruntimed:per_thread_data.obj
 0001:00002e80       ___vcrt_initialize_ptd     00403e80 f   libvcruntimed:per_thread_data.obj
 0001:00002ed0       ___vcrt_uninitialize_ptd   00403ed0 f   libvcruntimed:per_thread_data.obj
 0001:00002f00       ___vcrt_initialize_locks   00403f00 f   libvcruntimed:locks.obj
 0001:00002f60       ___vcrt_lock               00403f60 f   libvcruntimed:locks.obj
 0001:00002f80       ___vcrt_uninitialize_locks 00403f80 f   libvcruntimed:locks.obj
 0001:00002fd0       ___vcrt_unlock             00403fd0 f   libvcruntimed:locks.obj
 0001:00002ff0       ??$?BX@__crt_fast_encoded_nullptr_t@@QBEPAXXZ 00403ff0 f i libvcruntimed:winapi_downlevel.obj
 0001:00003010       ??$__crt_fast_decode_pointer@PAX@@YAPAXQAX@Z 00404010 f i libvcruntimed:winapi_downlevel.obj
 0001:00003040       ??$__crt_fast_encode_pointer@PAX@@YAPAXQAX@Z 00404040 f i libvcruntimed:winapi_downlevel.obj
 0001:00003070       ??$__crt_interlocked_exchange_pointer@UHINSTANCE__@@PAU1@@@YAPAUHINSTANCE__@@PDSAU0@QAU0@@Z 00404070 f i libvcruntimed:winapi_downlevel.obj
 0001:00003080       ??$__crt_interlocked_exchange_pointer@UHINSTANCE__@@PAX@@YAPAUHINSTANCE__@@PDSAU0@QAX@Z 00404080 f i libvcruntimed:winapi_downlevel.obj
 0001:00003090       ??$__crt_interlocked_exchange_pointer@XPAX@@YAPAXPDSAXQAX@Z 00404090 f i libvcruntimed:winapi_downlevel.obj
 0001:000030a0       ??$__crt_interlocked_read_pointer@UHINSTANCE__@@@@YAPAUHINSTANCE__@@PDSAU0@@Z 004040a0 f i libvcruntimed:winapi_downlevel.obj
 0001:000030c0       ??$__crt_interlocked_read_pointer@X@@YAPAXPDSAX@Z 004040c0 f i libvcruntimed:winapi_downlevel.obj
 0001:000030e0       ?__crt_fast_encode_pointer@@YA?AU__crt_fast_encoded_nullptr_t@@$$T@Z 004040e0 f i libvcruntimed:winapi_downlevel.obj
 0001:000034e0       ___vcrt_FlsAlloc           004044e0 f   libvcruntimed:winapi_downlevel.obj
 0001:00003520       ___vcrt_FlsFree            00404520 f   libvcruntimed:winapi_downlevel.obj
 0001:00003560       ___vcrt_FlsGetValue        00404560 f   libvcruntimed:winapi_downlevel.obj
 0001:000035a0       ___vcrt_FlsSetValue        004045a0 f   libvcruntimed:winapi_downlevel.obj
 0001:000035f0       ___vcrt_InitializeCriticalSectionEx 004045f0 f   libvcruntimed:winapi_downlevel.obj
 0001:00003640       ___vcrt_initialize_winapi_thunks 00404640 f   libvcruntimed:winapi_downlevel.obj
 0001:000036a0       ___vcrt_uninitialize_winapi_thunks 004046a0 f   libvcruntimed:winapi_downlevel.obj
 0001:00003710       ??$?B$$A6AXXZ@__crt_fast_encoded_nullptr_t@@QBEP6AXXZXZ 00404710 f i libvcruntimed:purevirt_data.obj
 0001:00003730       ??$__crt_fast_encode_pointer@P6AXXZ@@YAP6AXXZQ6AXXZ@Z 00404730 f i libvcruntimed:purevirt_data.obj
 0001:00003760       ___vcrt_initialize_pure_virtual_call_handler 00404760 f   libvcruntimed:purevirt_data.obj
 0001:00003790       ??$__vcrt_va_start_verify_argument_type@QBD@@YAXXZ 00404790 f i libvcruntimed:undname.obj
 0001:000037a0       ??0Block@_HeapManager@@QAE@XZ 004047a0 f i libvcruntimed:undname.obj
 0001:000037c0       ??0DName@@QAE@AAPBDD@Z     004047c0 f   libvcruntimed:undname.obj
 0001:000039f0       ??0DName@@QAE@ABV0@@Z      004049f0 f i libvcruntimed:undname.obj
 0001:00003a20       ??0DName@@QAE@D@Z          00404a20 f   libvcruntimed:undname.obj
 0001:00003a60       ??0DName@@QAE@PAV0@@Z      00404a60 f   libvcruntimed:undname.obj
 0001:00003b10       ??0DName@@QAE@PBD@Z        00404b10 f   libvcruntimed:undname.obj
 0001:00003b60       ??0DName@@QAE@W4DNameStatus@@@Z 00404b60 f   libvcruntimed:undname.obj
 0001:00003c00       ??0DName@@QAE@XZ           00404c00 f i libvcruntimed:undname.obj
 0001:00003c30       ??0DName@@QAE@_J@Z         00404c30 f   libvcruntimed:undname.obj
 0001:00003d20       ??0DName@@QAE@_K@Z         00404d20 f   libvcruntimed:undname.obj
 0001:00003dd0       ??0DNameNode@@IAE@XZ       00404dd0 f   libvcruntimed:undname.obj
 0001:00003df0       ??0DNameStatusNode@@AAE@W4DNameStatus@@@Z 00404df0 f   libvcruntimed:undname.obj
 0001:00003e40       ??0Replicator@@QAE@XZ      00404e40 f i libvcruntimed:undname.obj
 0001:00003e60       ??0UnDecorator@@QAE@PADPBDHP6APADJ@ZK@Z 00404e60 f i libvcruntimed:undname.obj
 0001:00003f00       ??0charNode@@QAE@D@Z       00404f00 f   libvcruntimed:undname.obj
 0001:00003f30       ??0pDNameNode@@QAE@PAVDName@@@Z 00404f30 f   libvcruntimed:undname.obj
 0001:00003f90       ??0pairNode@@QAE@PAVDNameNode@@0@Z 00404f90 f   libvcruntimed:undname.obj
 0001:00003fd0       ??0pcharNode@@QAE@PBDH@Z   00404fd0 f   libvcruntimed:undname.obj
 0001:00004070       ??2@YAPAXIAAV_HeapManager@@H@Z 00405070 f i libvcruntimed:undname.obj
 0001:00004090       ??4DName@@QAEAAV0@ABV0@@Z  00405090 f   libvcruntimed:undname.obj
 0001:000040c0       ??4DName@@QAEAAV0@D@Z      004050c0 f i libvcruntimed:undname.obj
 0001:00004100       ??4DName@@QAEAAV0@PAV0@@Z  00405100 f   libvcruntimed:undname.obj
 0001:000041a0       ??4DName@@QAEAAV0@PBD@Z    004051a0 f   libvcruntimed:undname.obj
 0001:000041e0       ??4DName@@QAEAAV0@W4DNameStatus@@@Z 004051e0 f   libvcruntimed:undname.obj
 0001:00004260       ??AReplicator@@QBE?AVDName@@H@Z 00405260 f   libvcruntimed:undname.obj
 0001:000042d0       ??BUnDecorator@@QAEPADXZ   004052d0 f i libvcruntimed:undname.obj
 0001:00004580       ??H@YA?AVDName@@DABV0@@Z   00405580 f i libvcruntimed:undname.obj
 0001:000045b0       ??H@YA?AVDName@@PBDABV0@@Z 004055b0 f i libvcruntimed:undname.obj
 0001:000045e0       ??H@YA?AVDName@@W4DNameStatus@@ABV0@@Z 004055e0 f i libvcruntimed:undname.obj
 0001:00004610       ??HDName@@QBE?AV0@ABV0@@Z  00405610 f   libvcruntimed:undname.obj
 0001:00004650       ??HDName@@QBE?AV0@D@Z      00405650 f   libvcruntimed:undname.obj
 0001:00004690       ??HDName@@QBE?AV0@PAV0@@Z  00405690 f   libvcruntimed:undname.obj
 0001:000046d0       ??HDName@@QBE?AV0@PBD@Z    004056d0 f   libvcruntimed:undname.obj
 0001:00004710       ??HDName@@QBE?AV0@W4DNameStatus@@@Z 00405710 f   libvcruntimed:undname.obj
 0001:00004750       ??YDName@@QAEAAV0@ABV0@@Z  00405750 f   libvcruntimed:undname.obj
 0001:000047c0       ??YDName@@QAEAAV0@D@Z      004057c0 f   libvcruntimed:undname.obj
 0001:00004840       ??YDName@@QAEAAV0@PAV0@@Z  00405840 f   libvcruntimed:undname.obj
 0001:000048f0       ??YDName@@QAEAAV0@PBD@Z    004058f0 f   libvcruntimed:undname.obj
 0001:00004990       ??YDName@@QAEAAV0@W4DNameStatus@@@Z 00405990 f   libvcruntimed:undname.obj
 0001:000049f0       ??YReplicator@@QAEAAV0@ABVDName@@@Z 004059f0 f   libvcruntimed:undname.obj
 0001:00004a80       ??_5DName@@QAEAAV0@ABV0@@Z 00405a80 f   libvcruntimed:undname.obj
 0001:00004ae0       ?Constructor@_HeapManager@@QAEXP6APAXI@ZP6AXPAX@Z@Z 00405ae0 f i libvcruntimed:undname.obj
 0001:00004b20       ?Destructor@_HeapManager@@QAEXXZ 00405b20 f i libvcruntimed:undname.obj
 0001:00004b80       ?UScore@UnDecorator@@SAPBDW4Tokens@@@Z 00405b80 f   libvcruntimed:undname.obj
 0001:00004bb0       ?append@DName@@AAEXPAVDNameNode@@@Z 00405bb0 f   libvcruntimed:undname.obj
 0001:00004c40       ?composeDeclaration@UnDecorator@@CA?AVDName@@ABV2@@Z 00405c40 f i libvcruntimed:undname.obj
 0001:000068d0       ?dbGetString@DName@@QBEPADXZ 004078d0 f   libvcruntimed:undname.obj
 0001:000068f0       ?doAccessSpecifiers@UnDecorator@@SAHXZ 004078f0 f i libvcruntimed:undname.obj
 0001:00006920       ?doAllocationLanguage@UnDecorator@@SAHXZ 00407920 f i libvcruntimed:undname.obj
 0001:00006950       ?doAllocationModel@UnDecorator@@SAHXZ 00407950 f i libvcruntimed:undname.obj
 0001:00006980       ?doEcsu@UnDecorator@@SAHXZ 00407980 f i libvcruntimed:undname.obj
 0001:000069b0       ?doEllipsis@UnDecorator@@SAHXZ 004079b0 f i libvcruntimed:undname.obj
 0001:000069e0       ?doFunctionReturns@UnDecorator@@SAHXZ 004079e0 f i libvcruntimed:undname.obj
 0001:00006a10       ?doMSKeywords@UnDecorator@@SAHXZ 00407a10 f i libvcruntimed:undname.obj
 0001:00006a40       ?doMemberTypes@UnDecorator@@SAHXZ 00407a40 f i libvcruntimed:undname.obj
 0001:00006a70       ?doNameOnly@UnDecorator@@SAHXZ 00407a70 f i libvcruntimed:undname.obj
 0001:00006a80       ?doNoIdentCharCheck@UnDecorator@@SAHXZ 00407a80 f i libvcruntimed:undname.obj
 0001:00006a90       ?doPchar@DName@@AAEXPBDH@Z 00407a90 f   libvcruntimed:undname.obj
 0001:00006bd0       ?doPtr64@UnDecorator@@SAHXZ 00407bd0 f i libvcruntimed:undname.obj
 0001:00006c00       ?doRestrictionSpec@UnDecorator@@SAHXZ 00407c00 f i libvcruntimed:undname.obj
 0001:00006c30       ?doThisTypes@UnDecorator@@SAHXZ 00407c30 f i libvcruntimed:undname.obj
 0001:00006c60       ?doThrowTypes@UnDecorator@@SAHXZ 00407c60 f i libvcruntimed:undname.obj
 0001:00006c90       ?doTypeOnly@UnDecorator@@SAHXZ 00407c90 f i libvcruntimed:undname.obj
 0001:00006ca0       ?doUnderScore@UnDecorator@@SAHXZ 00407ca0 f i libvcruntimed:undname.obj
 0001:00006cd0       ?getArgumentList@UnDecorator@@CA?AVDName@@XZ 00407cd0 f   libvcruntimed:undname.obj
 0001:00006e20       ?getArgumentTypes@UnDecorator@@CA?AVDName@@XZ 00407e20 f   libvcruntimed:undname.obj
 0001:00006f80       ?getArrayType@UnDecorator@@CA?AVDName@@ABV2@@Z 00407f80 f i libvcruntimed:undname.obj
 0001:000071c0       ?getBasedType@UnDecorator@@CA?AVDName@@XZ 004081c0 f   libvcruntimed:undname.obj
 0001:00007280       ?getBasicDataType@UnDecorator@@CA?AVDName@@ABV2@@Z 00408280 f   libvcruntimed:undname.obj
 0001:00007870       ?getCallIndex@UnDecorator@@CA?AVDName@@XZ 00408870 f i libvcruntimed:undname.obj
 0001:00007890       ?getCallingConvention@UnDecorator@@CA?AVDName@@XZ 00408890 f   libvcruntimed:undname.obj
 0001:00007a20       ?getDataIndirectType@UnDecorator@@CA?AVDName@@ABV2@PBD0H@Z 00408a20 f   libvcruntimed:undname.obj
 0001:000081e0       ?getDataIndirectType@UnDecorator@@CA?AVDName@@XZ 004091e0 f i libvcruntimed:undname.obj
 0001:00008220       ?getDataType@UnDecorator@@CA?AVDName@@PAV2@@Z 00409220 f   libvcruntimed:undname.obj
 0001:00008340       ?getDecoratedName@UnDecorator@@CA?AVDName@@XZ 00409340 f   libvcruntimed:undname.obj
 0001:00008660       ?getDimension@UnDecorator@@CA?AVDName@@_N@Z 00409660 f   libvcruntimed:undname.obj
 0001:00008910       ?getDispatchTarget@UnDecorator@@CA?AVDName@@XZ 00409910 f   libvcruntimed:undname.obj
 0001:000089b0       ?getDisplacement@UnDecorator@@CA?AVDName@@XZ 004099b0 f i libvcruntimed:undname.obj
 0001:000089d0       ?getECSUDataType@UnDecorator@@CA?AVDName@@XZ 004099d0 f   libvcruntimed:undname.obj
 0001:00008ba0       ?getECSUName@UnDecorator@@CA?AVDName@@XZ 00409ba0 f i libvcruntimed:undname.obj
 0001:00008bc0       ?getEnumType@UnDecorator@@CA?AVDName@@XZ 00409bc0 f i libvcruntimed:undname.obj
 0001:00008d10       ?getExtendedDataIndirectType@UnDecorator@@CA?AVDName@@AAPBDAA_NH@Z 00409d10 f   libvcruntimed:undname.obj
 0001:00008f60       ?getExternalDataType@UnDecorator@@CA?AVDName@@ABV2@@Z 00409f60 f i libvcruntimed:undname.obj
 0001:00008ff0       ?getFunctionIndirectType@UnDecorator@@CA?AVDName@@ABV2@@Z 00409ff0 f   libvcruntimed:undname.obj
 0001:00009480       ?getGuardNumber@UnDecorator@@CA?AVDName@@XZ 0040a480 f i libvcruntimed:undname.obj
 0001:000094a0       ?getLastChar@DName@@QBEDXZ 0040a4a0 f i libvcruntimed:undname.obj
 0001:000094e0       ?getLastChar@DNameStatusNode@@UBEDXZ 0040a4e0 f i libvcruntimed:undname.obj
 0001:00009510       ?getLastChar@charNode@@UBEDXZ 0040a510 f i libvcruntimed:undname.obj
 0001:00009530       ?getLastChar@pDNameNode@@UBEDXZ 0040a530 f i libvcruntimed:undname.obj
 0001:00009560       ?getLastChar@pairNode@@UBEDXZ 0040a560 f i libvcruntimed:undname.obj
 0001:000095d0       ?getLastChar@pcharNode@@UBEDXZ 0040a5d0 f i libvcruntimed:undname.obj
 0001:00009610       ?getLexicalFrame@UnDecorator@@CA?AVDName@@XZ 0040a610 f i libvcruntimed:undname.obj
 0001:00009650       ?getMemory@_HeapManager@@QAEPAXIH@Z 0040a650 f   libvcruntimed:undname.obj
 0001:00009770       ?getNumberOfDimensions@UnDecorator@@CAHXZ 0040a770 f   libvcruntimed:undname.obj
 0001:00009880       ?getOperatorName@UnDecorator@@CA?AVDName@@_NPA_N@Z 0040a880 f i libvcruntimed:undname.obj
 0001:0000a2b0       ?getPointerType@UnDecorator@@CA?AVDName@@ABV2@0@Z 0040b2b0 f i libvcruntimed:undname.obj
 0001:0000a2e0       ?getPointerTypeArray@UnDecorator@@CA?AVDName@@ABV2@0@Z 0040b2e0 f i libvcruntimed:undname.obj
 0001:0000a310       ?getPrimaryDataType@UnDecorator@@CA?AVDName@@ABV2@@Z 0040b310 f   libvcruntimed:undname.obj
 0001:0000a710       ?getPtrRefDataType@UnDecorator@@CA?AVDName@@ABV2@H@Z 0040b710 f   libvcruntimed:undname.obj
 0001:0000a940       ?getPtrRefType@UnDecorator@@CA?AVDName@@ABV2@0PBD@Z 0040b940 f   libvcruntimed:undname.obj
 0001:0000aab0       ?getReferenceType@UnDecorator@@CA?AVDName@@ABV2@0PBD@Z 0040bab0 f i libvcruntimed:undname.obj
 0001:0000aad0       ?getRestrictionSpec@UnDecorator@@CA?AVDName@@XZ 0040bad0 f   libvcruntimed:undname.obj
 0001:0000ac20       ?getReturnType@UnDecorator@@CA?AVDName@@PAV2@@Z 0040bc20 f   libvcruntimed:undname.obj
 0001:0000ac70       ?getScope@UnDecorator@@CA?AVDName@@XZ 0040bc70 f   libvcruntimed:undname.obj
 0001:0000b160       ?getScopedName@UnDecorator@@CA?AVDName@@XZ 0040c160 f   libvcruntimed:undname.obj
 0001:0000b280       ?getSignedDimension@UnDecorator@@CA?AVDName@@XZ 0040c280 f   libvcruntimed:undname.obj
 0001:0000b300       ?getStorageConvention@UnDecorator@@CA?AVDName@@XZ 0040c300 f i libvcruntimed:undname.obj
 0001:0000b320       ?getString@DName@@QBEPADPAD0@Z 0040c320 f i libvcruntimed:undname.obj
 0001:0000b370       ?getString@DName@@QBEPADPADH@Z 0040c370 f i libvcruntimed:undname.obj
 0001:0000b400       ?getString@DNameStatusNode@@UBEPADPAD0@Z 0040c400 f i libvcruntimed:undname.obj
 0001:0000b440       ?getString@charNode@@UBEPADPAD0@Z 0040c440 f i libvcruntimed:undname.obj
 0001:0000b470       ?getString@pDNameNode@@UBEPADPAD0@Z 0040c470 f i libvcruntimed:undname.obj
 0001:0000b4b0       ?getString@pairNode@@UBEPADPAD0@Z 0040c4b0 f i libvcruntimed:undname.obj
 0001:0000b530       ?getString@pcharNode@@UBEPADPAD0@Z 0040c530 f i libvcruntimed:undname.obj
 0001:0000b560       ?getStringEncoding@UnDecorator@@CA?AVDName@@PBDH@Z 0040c560 f   libvcruntimed:undname.obj
 0001:0000b670       ?getStringHelper@@YAPADPADPBD1H@Z 0040c670 f i libvcruntimed:undname.obj
 0001:0000b6b0       ?getSymbolName@UnDecorator@@CA?AVDName@@XZ 0040c6b0 f i libvcruntimed:undname.obj
 0001:0000b740       ?getTemplateArgumentList@UnDecorator@@CA?AVDName@@XZ 0040c740 f   libvcruntimed:undname.obj
 0001:0000bb30       ?getTemplateConstant@UnDecorator@@CA?AVDName@@XZ 0040cb30 f   libvcruntimed:undname.obj
 0001:0000c0e0       ?getTemplateName@UnDecorator@@CA?AVDName@@_N@Z 0040d0e0 f   libvcruntimed:undname.obj
 0001:0000c2b0       ?getThisType@UnDecorator@@CA?AVDName@@XZ 0040d2b0 f i libvcruntimed:undname.obj
 0001:0000c2f0       ?getThrowTypes@UnDecorator@@CA?AVDName@@XZ 0040d2f0 f   libvcruntimed:undname.obj
 0001:0000c3a0       ?getTypeEncoding@UnDecorator@@CAHXZ 0040d3a0 f i libvcruntimed:undname.obj
 0001:0000cde0       ?getVCallThunkType@UnDecorator@@CA?AVDName@@XZ 0040dde0 f i libvcruntimed:undname.obj
 0001:0000ce40       ?getVbTableType@UnDecorator@@CA?AVDName@@ABV2@@Z 0040de40 f i libvcruntimed:undname.obj
 0001:0000ce60       ?getVdispMapType@UnDecorator@@CA?AVDName@@ABV2@@Z 0040de60 f i libvcruntimed:undname.obj
 0001:0000ced0       ?getVfTableType@UnDecorator@@CA?AVDName@@ABV2@@Z 0040ded0 f i libvcruntimed:undname.obj
 0001:0000d090       ?getZName@UnDecorator@@CA?AVDName@@_N0@Z 0040e090 f   libvcruntimed:undname.obj
 0001:0000d360       ?haveTemplateParameters@UnDecorator@@SAHXZ 0040e360 f i libvcruntimed:undname.obj
 0001:0000d370       ?isArray@DName@@QBEHXZ     0040e370 f i libvcruntimed:undname.obj
 0001:0000d390       ?isComArray@DName@@QBEHXZ  0040e390 f i libvcruntimed:undname.obj
 0001:0000d3b0       ?isEmpty@DName@@QBEHXZ     0040e3b0 f i libvcruntimed:undname.obj
 0001:0000d3e0       ?isFull@Replicator@@QBEHXZ 0040e3e0 f i libvcruntimed:undname.obj
 0001:0000d410       ?isNoTE@DName@@QBEHXZ      0040e410 f i libvcruntimed:undname.obj
 0001:0000d430       ?isPinPtr@DName@@QBEHXZ    0040e430 f i libvcruntimed:undname.obj
 0001:0000d450       ?isPtrRef@DName@@QBEHXZ    0040e450 f i libvcruntimed:undname.obj
 0001:0000d470       ?isUDC@DName@@QBEHXZ       0040e470 f i libvcruntimed:undname.obj
 0001:0000d4b0       ?isUDTThunk@DName@@QBEHXZ  0040e4b0 f i libvcruntimed:undname.obj
 0001:0000d4f0       ?isVCallThunk@DName@@QBEHXZ 0040e4f0 f i libvcruntimed:undname.obj
 0001:0000d510       ?isValid@DName@@QBEHXZ     0040e510 f i libvcruntimed:undname.obj
 0001:0000d550       ?length@DName@@QBEHXZ      0040e550 f i libvcruntimed:undname.obj
 0001:0000d590       ?length@DNameStatusNode@@UBEHXZ 0040e590 f i libvcruntimed:undname.obj
 0001:0000d5b0       ?length@charNode@@UBEHXZ   0040e5b0 f i libvcruntimed:undname.obj
 0001:0000d5c0       ?length@pDNameNode@@UBEHXZ 0040e5c0 f i libvcruntimed:undname.obj
 0001:0000d5f0       ?length@pairNode@@UBEHXZ   0040e5f0 f i libvcruntimed:undname.obj
 0001:0000d660       ?length@pcharNode@@UBEHXZ  0040e660 f i libvcruntimed:undname.obj
 0001:0000d680       ?make@DNameStatusNode@@SAPAV1@W4DNameStatus@@@Z 0040e680 f i libvcruntimed:undname.obj
 0001:0000d700       ?setIsArray@DName@@QAEXXZ  0040e700 f i libvcruntimed:undname.obj
 0001:0000d720       ?setIsComArray@DName@@QAEXXZ 0040e720 f i libvcruntimed:undname.obj
 0001:0000d740       ?setIsNoTE@DName@@QAEXXZ   0040e740 f i libvcruntimed:undname.obj
 0001:0000d760       ?setIsPinPtr@DName@@QAEXXZ 0040e760 f i libvcruntimed:undname.obj
 0001:0000d780       ?setIsUDC@DName@@QAEXXZ    0040e780 f i libvcruntimed:undname.obj
 0001:0000d7b0       ?setIsVCallThunk@DName@@QAEXXZ 0040e7b0 f i libvcruntimed:undname.obj
 0001:0000d7d0       ?setPtrRef@DName@@QAEAAV1@XZ 0040e7d0 f i libvcruntimed:undname.obj
 0001:0000d7f0       ?status@DName@@QBE?AW4DNameStatus@@XZ 0040e7f0 f i libvcruntimed:undname.obj
 0001:0000d8f0       ___unDName                 0040e8f0 f   libvcruntimed:undname.obj
 0001:0000d9c0       ___unDNameEx               0040e9c0 f   libvcruntimed:undname.obj
 0001:0000da90       __vsprintf_s_l             0040ea90 f i libvcruntimed:undname.obj
 0001:0000dae0       _sprintf_s                 0040eae0 f i libvcruntimed:undname.obj
 0001:0000db20       __global_unwind2           0040eb20 f   libvcruntimed:_exsup_.obj
 0001:0000db85       __local_unwind2            0040eb85 f   libvcruntimed:_exsup_.obj
 0001:0000dc09       __abnormal_termination     0040ec09 f   libvcruntimed:_exsup_.obj
 0001:0000dc2c       __NLG_Notify1              0040ec2c f   libvcruntimed:_exsup_.obj
 0001:0000dc35       __NLG_Notify               0040ec35 f   libvcruntimed:_exsup_.obj
 0001:0000dc4c       __NLG_Dispatch             0040ec4c     libvcruntimed:_exsup_.obj
 0001:0000dc4c       __NLG_Dispatch2            0040ec4c     libvcruntimed:_exsup_.obj
 0001:0000dc54       __NLG_Call                 0040ec54 f   libvcruntimed:_exsup_.obj
 0001:0000dc56       __NLG_Return2              0040ec56     libvcruntimed:_exsup_.obj
 0001:0000dc60       ??$__crt_fast_decode_pointer@P6AXXZ@@YAP6AXXZQ6AXXZ@Z 0040ec60 f i libvcruntimed:purevirt.obj
 0001:0000dc90       ??$__crt_interlocked_exchange_pointer@$$A6AXXZP6AXXZ@@YAP6AXXZPDS6AXXZQ6AXXZ@Z 0040ec90 f i libvcruntimed:purevirt.obj
 0001:0000dca0       ??$__crt_interlocked_read_pointer@$$A6AXXZ@@YAP6AXXZPDS6AXXZ@Z 0040eca0 f i libvcruntimed:purevirt.obj
 0001:0000dcc0       __get_purecall_handler     0040ecc0 f   libvcruntimed:purevirt.obj
 0001:0000dce0       __purecall                 0040ece0 f   libvcruntimed:purevirt.obj
 0001:0000dd10       __set_purecall_handler     0040ed10 f   libvcruntimed:purevirt.obj
 0001:0000dd90       __seh_filter_dll           0040ed90 f   libucrtd:exception_filter.obj
 0001:0000ddc0       __seh_filter_exe           0040edc0 f   libucrtd:exception_filter.obj
 0001:0000e190       ___acrt_report_runtime_error 0040f190 f   libucrtd:report_runtime_error.obj
 0001:0000e380       __invoke_watson_if_error   0040f380 f i libucrtd:report_runtime_error.obj
 0001:0000e3b0       __query_app_type           0040f3b0 f   libucrtd:report_runtime_error.obj
 0001:0000e3c0       __set_app_type             0040f3c0 f   libucrtd:report_runtime_error.obj
 0001:0000e3d0       ??$__crt_fast_decode_pointer@P6AHPAU_exception@@@Z@@YAP6AHPAU_exception@@@ZQ6AH0@Z@Z 0040f3d0 f i libucrtd:matherr.obj
 0001:0000e400       ??$__crt_fast_encode_pointer@P6AHPAU_exception@@@Z@@YAP6AHPAU_exception@@@ZQ6AH0@Z@Z 0040f400 f i libucrtd:matherr.obj
 0001:0000e430       ?get_current_state_index@__crt_state_management@@YAIXZ 0040f430 f i libucrtd:matherr.obj
 0001:0000e440       ?initialize@?$dual_state_global@P6AHPAU_exception@@@Z@__crt_state_management@@QAEXQ6AHPAU_exception@@@Z@Z 0040f440 f i libucrtd:matherr.obj
 0001:0000e480       ?value@?$dual_state_global@P6AHPAU_exception@@@Z@__crt_state_management@@QAEAAP6AHPAU_exception@@@ZXZ 0040f480 f i libucrtd:matherr.obj
 0001:0000e4a0       ___acrt_has_user_matherr   0040f4a0 f   libucrtd:matherr.obj
 0001:0000e4e0       ___acrt_initialize_user_matherr 0040f4e0 f   libucrtd:matherr.obj
 0001:0000e500       ___acrt_invoke_user_matherr 0040f500 f   libucrtd:matherr.obj
 0001:0000e560       ___setusermatherr          0040f560 f   libucrtd:matherr.obj
 0001:0000e590       ??$?RE@__crt_internal_free_policy@@QBEXQBE@Z 0040f590 f i libucrtd:argv_parsing.obj
 0001:0000e5b0       ??$?RPAD@__crt_internal_free_policy@@QBEXQBQAD@Z 0040f5b0 f i libucrtd:argv_parsing.obj
 0001:0000e5d0       ??$?RPA_W@__crt_internal_free_policy@@QBEXQBQA_W@Z 0040f5d0 f i libucrtd:argv_parsing.obj
 0001:0000eb30       ??$get_module_file_name@$$TAAY0BAF@DH@?$__crt_char_traits@D@@SAK$$QA$$TAAY0BAF@D$$QAH@Z 0040fb30 f i libucrtd:argv_parsing.obj
 0001:0000eb50       ??$get_module_file_name@$$TAAY0BAF@_WH@?$__crt_char_traits@_W@@SAK$$QA$$TAAY0BAF@_W$$QAH@Z 0040fb50 f i libucrtd:argv_parsing.obj
 0001:0000f270       ??$set_program_name@PAD@?$__crt_char_traits@D@@SAX$$QAPAD@Z 00410270 f i libucrtd:argv_parsing.obj
 0001:0000f290       ??$set_program_name@PA_W@?$__crt_char_traits@_W@@SAX$$QAPA_W@Z 00410290 f i libucrtd:argv_parsing.obj
 0001:0000f2f0       ??0?$__crt_unique_heap_ptr@EU__crt_internal_free_policy@@@@QAE@QAE@Z 004102f0 f i libucrtd:argv_parsing.obj
 0001:0000f310       ??0?$__crt_unique_heap_ptr@PADU__crt_internal_free_policy@@@@QAE@QAPAD@Z 00410310 f i libucrtd:argv_parsing.obj
 0001:0000f330       ??0?$__crt_unique_heap_ptr@PA_WU__crt_internal_free_policy@@@@QAE@QAPA_W@Z 00410330 f i libucrtd:argv_parsing.obj
 0001:0000f350       ??1?$__crt_unique_heap_ptr@EU__crt_internal_free_policy@@@@QAE@XZ 00410350 f i libucrtd:argv_parsing.obj
 0001:0000f370       ??1?$__crt_unique_heap_ptr@PADU__crt_internal_free_policy@@@@QAE@XZ 00410370 f i libucrtd:argv_parsing.obj
 0001:0000f390       ??1?$__crt_unique_heap_ptr@PA_WU__crt_internal_free_policy@@@@QAE@XZ 00410390 f i libucrtd:argv_parsing.obj
 0001:0000f3b0       ??B?$__crt_unique_heap_ptr@EU__crt_internal_free_policy@@@@QBE_NXZ 004103b0 f i libucrtd:argv_parsing.obj
 0001:0000f470       ?detach@?$__crt_unique_heap_ptr@EU__crt_internal_free_policy@@@@QAEPAEXZ 00410470 f i libucrtd:argv_parsing.obj
 0001:0000f4a0       ?detach@?$__crt_unique_heap_ptr@PADU__crt_internal_free_policy@@@@QAEPAPADXZ 004104a0 f i libucrtd:argv_parsing.obj
 0001:0000f4d0       ?detach@?$__crt_unique_heap_ptr@PA_WU__crt_internal_free_policy@@@@QAEPAPA_WXZ 004104d0 f i libucrtd:argv_parsing.obj
 0001:0000f560       ?get@?$__crt_unique_heap_ptr@EU__crt_internal_free_policy@@@@QBEPAEXZ 00410560 f i libucrtd:argv_parsing.obj
 0001:0000f580       ?get@?$__crt_unique_heap_ptr@PADU__crt_internal_free_policy@@@@QBEPAPADXZ 00410580 f i libucrtd:argv_parsing.obj
 0001:0000f5a0       ?get@?$__crt_unique_heap_ptr@PA_WU__crt_internal_free_policy@@@@QBEPAPA_WXZ 004105a0 f i libucrtd:argv_parsing.obj
 0001:0000f5c0       ?get_address_of@?$__crt_unique_heap_ptr@PADU__crt_internal_free_policy@@@@QAEPAPAPADXZ 004105c0 f i libucrtd:argv_parsing.obj
 0001:0000f5d0       ?get_address_of@?$__crt_unique_heap_ptr@PA_WU__crt_internal_free_policy@@@@QAEPAPAPA_WXZ 004105d0 f i libucrtd:argv_parsing.obj
 0001:0000f620       ?is_valid@?$__crt_unique_heap_ptr@EU__crt_internal_free_policy@@@@QBE_NXZ 00410620 f i libucrtd:argv_parsing.obj
 0001:0000f650       ?release@?$__crt_unique_heap_ptr@EU__crt_internal_free_policy@@@@QAEXXZ 00410650 f i libucrtd:argv_parsing.obj
 0001:0000f680       ?release@?$__crt_unique_heap_ptr@PADU__crt_internal_free_policy@@@@QAEXXZ 00410680 f i libucrtd:argv_parsing.obj
 0001:0000f6b0       ?release@?$__crt_unique_heap_ptr@PA_WU__crt_internal_free_policy@@@@QAEXXZ 004106b0 f i libucrtd:argv_parsing.obj
 0001:0000f720       ___acrt_allocate_buffer_for_argv 00410720 f   libucrtd:argv_parsing.obj
 0001:0000f7e0       __configure_narrow_argv    004107e0 f   libucrtd:argv_parsing.obj
 0001:0000f800       __configure_wide_argv      00410800 f   libucrtd:argv_parsing.obj
 0001:0000f820       __set_pgmptr               00410820 f i libucrtd:argv_parsing.obj
 0001:0000f830       __set_wpgmptr              00410830 f i libucrtd:argv_parsing.obj
 0001:0000f83f       ??$?R_W@__crt_internal_free_policy@@QBEXQB_W@Z 0041083f f i libucrtd:environment_initialization.obj
 0001:0000fca0       ??$get_environment_from_os@$$V@?$__crt_char_traits@D@@SAPADXZ 00410ca0 f i libucrtd:environment_initialization.obj
 0001:0000fca5       ??$get_environment_from_os@$$V@?$__crt_char_traits@_W@@SAPA_WXZ 00410ca5 f i libucrtd:environment_initialization.obj
 0001:0000fdc6       ??$set_variable_in_environment_nolock@PADH@?$__crt_char_traits@D@@SAH$$QAPAD$$QAH@Z 00410dc6 f i libucrtd:environment_initialization.obj
 0001:0000fdde       ??$set_variable_in_environment_nolock@PA_WH@?$__crt_char_traits@_W@@SAH$$QAPA_W$$QAH@Z 00410dde f i libucrtd:environment_initialization.obj
 0001:0000fdf6       ??$tcscpy_s@PADABIAAPAD@?$__crt_char_traits@D@@SAH$$QAPADABIAAPAD@Z 00410df6 f i libucrtd:environment_initialization.obj
 0001:0000fe14       ??$tcscpy_s@PA_WABIAAPA_W@?$__crt_char_traits@_W@@SAH$$QAPA_WABIAAPA_W@Z 00410e14 f i libucrtd:environment_initialization.obj
 0001:0000fe32       ??$tcslen@AAPAD@?$__crt_char_traits@D@@SAIAAPAD@Z 00410e32 f i libucrtd:environment_initialization.obj
 0001:0000fe4a       ??$tcslen@AAPA_W@?$__crt_char_traits@_W@@SAIAAPA_W@Z 00410e4a f i libucrtd:environment_initialization.obj
 0001:0000fe68       ??$uninitialize@A6AXAAPAPAD@Z@?$dual_state_global@PAPAD@__crt_state_management@@QAEXA6AXAAPAPAD@Z@Z 00410e68 f i libucrtd:environment_initialization.obj
 0001:0000fea8       ??$uninitialize@A6AXAAPAPA_W@Z@?$dual_state_global@PAPA_W@__crt_state_management@@QAEXA6AXAAPAPA_W@Z@Z 00410ea8 f i libucrtd:environment_initialization.obj
 0001:0000ff1e       ??0?$__crt_unique_heap_ptr@_WU__crt_internal_free_policy@@@@QAE@QA_W@Z 00410f1e f i libucrtd:environment_initialization.obj
 0001:0000ff2e       ??1?$__crt_unique_heap_ptr@_WU__crt_internal_free_policy@@@@QAE@XZ 00410f2e f i libucrtd:environment_initialization.obj
 0001:0000ff43       ??B?$__crt_unique_heap_ptr@PADU__crt_internal_free_policy@@@@QBE_NXZ 00410f43 f i libucrtd:environment_initialization.obj
 0001:0000ff4b       ??B?$__crt_unique_heap_ptr@PA_WU__crt_internal_free_policy@@@@QBE_NXZ 00410f4b f i libucrtd:environment_initialization.obj
 0001:0000ff53       ??B?$__crt_unique_heap_ptr@_WU__crt_internal_free_policy@@@@QBE_NXZ 00410f53 f i libucrtd:environment_initialization.obj
 0001:0000ff5b       ?__crt_compute_required_transform_buffer_count@@YAIIQBD@Z 00410f5b f i libucrtd:environment_initialization.obj
 0001:0000ff75       ?__crt_compute_required_transform_buffer_count@@YAIIQB_W@Z 00410f75 f i libucrtd:environment_initialization.obj
 0001:0000ff91       ?__crt_transform_string@@YAIIQBDQA_WI@Z 00410f91 f i libucrtd:environment_initialization.obj
 0001:0000ffae       ?__crt_transform_string@@YAIIQB_WQADI@Z 00410fae f i libucrtd:environment_initialization.obj
 0001:0000ffce       ?detach@?$__crt_unique_heap_ptr@DU__crt_internal_free_policy@@@@QAEPADXZ 00410fce f i libucrtd:environment_initialization.obj
 0001:0000ffd4       ?detach@?$__crt_unique_heap_ptr@_WU__crt_internal_free_policy@@@@QAEPA_WXZ 00410fd4 f i libucrtd:environment_initialization.obj
 0001:0000ffda       ?get@?$__crt_unique_heap_ptr@_WU__crt_internal_free_policy@@@@QBEPA_WXZ 00410fda f i libucrtd:environment_initialization.obj
 0001:00010001       ?initialize@?$dual_state_global@PAPAD@__crt_state_management@@QAEXQAPAD@Z 00411001 f i libucrtd:environment_initialization.obj
 0001:00010032       ?initialize@?$dual_state_global@PAPA_W@__crt_state_management@@QAEXQAPA_W@Z 00411032 f i libucrtd:environment_initialization.obj
 0001:00010063       ?is_valid@?$__crt_unique_heap_ptr@PADU__crt_internal_free_policy@@@@QBE_NXZ 00411063 f i libucrtd:environment_initialization.obj
 0001:0001006b       ?is_valid@?$__crt_unique_heap_ptr@PA_WU__crt_internal_free_policy@@@@QBE_NXZ 0041106b f i libucrtd:environment_initialization.obj
 0001:00010073       ?is_valid@?$__crt_unique_heap_ptr@_WU__crt_internal_free_policy@@@@QBE_NXZ 00411073 f i libucrtd:environment_initialization.obj
 0001:00010081       ?release@?$__crt_unique_heap_ptr@_WU__crt_internal_free_policy@@@@QAEXXZ 00411081 f i libucrtd:environment_initialization.obj
 0001:00010096       ?value@?$dual_state_global@PAPAD@__crt_state_management@@QAEAAPAPADXZ 00411096 f i libucrtd:environment_initialization.obj
 0001:00010099       ?value@?$dual_state_global@PAPA_W@__crt_state_management@@QAEAAPAPA_WXZ 00411099 f i libucrtd:environment_initialization.obj
 0001:0001009c       ___dcrt_get_or_create_narrow_environment_nolock 0041109c f   libucrtd:environment_initialization.obj
 0001:000100a1       ___dcrt_get_or_create_wide_environment_nolock 004110a1 f   libucrtd:environment_initialization.obj
 0001:000100a6       ___dcrt_uninitialize_environments_nolock 004110a6 f   libucrtd:environment_initialization.obj
 0001:000100dd       ___p__environ              004110dd f   libucrtd:environment_initialization.obj
 0001:000100e3       ___p__wenviron             004110e3 f   libucrtd:environment_initialization.obj
 0001:000100e9       __get_initial_narrow_environment 004110e9 f   libucrtd:environment_initialization.obj
 0001:000100fd       __get_initial_wide_environment 004110fd f   libucrtd:environment_initialization.obj
 0001:00010111       __initialize_narrow_environment 00411111 f   libucrtd:environment_initialization.obj
 0001:00010116       __initialize_wide_environment 00411116 f   libucrtd:environment_initialization.obj
 0001:00010360       __get_narrow_winmain_command_line 00411360 f   libucrtd:argv_winmain.obj
 0001:00010370       __get_wide_winmain_command_line 00411370 f   libucrtd:argv_winmain.obj
 0001:00010380       __initterm                 00411380 f   libucrtd:initterm.obj
 0001:000103e0       __initterm_e               004113e0 f   libucrtd:initterm.obj
 0001:00010450       ??$?B$$A6GXPAXK0@Z@__crt_fast_encoded_nullptr_t@@QBEP6GXPAXK0@ZXZ 00411450 f i libucrtd:exit.obj
 0001:00010470       ??$?RV<lambda_03b1d95aef87969028cfba75ccab2455>@@AAV<lambda_6e4b09c48022b2350581041d5f6b0c4c>@@V<lambda_22bdf7517842c4b3e53723af5aa32b9e>@@@?$__crt_seh_guarded_call@X@@QAEX$$QAV<lambda_03b1d95aef87969028cfba75ccab2455>@@AAV<lambda_6e4b09c48022b2350581041d5f6b0c4c>@@$$QAV<lambda_22bdf7517842c4b3e53723af5aa32b9e>@@@Z 00411470 f i libucrtd:exit.obj
 0001:000104f0       ??$__acrt_lock_and_call@V<lambda_6e4b09c48022b2350581041d5f6b0c4c>@@@@YAXW4__acrt_lock_id@@$$QAV<lambda_6e4b09c48022b2350581041d5f6b0c4c>@@@Z 004114f0 f i libucrtd:exit.obj
 0001:00010530       ??$__crt_fast_decode_pointer@P6GXPAXK0@Z@@YAP6GXPAXK0@ZQ6GX0K0@Z@Z 00411530 f i libucrtd:exit.obj
 0001:00010560       ??$__crt_fast_encode_pointer@P6GXPAXK0@Z@@YAP6GXPAXK0@ZQ6GX0K0@Z@Z 00411560 f i libucrtd:exit.obj
 0001:00010590       ??$__crt_get_proc_address@P6GXI@Z@@YAP6GXI@ZQAUHINSTANCE__@@QBD@Z 00411590 f i libucrtd:exit.obj
 0001:000105b0       ??$__crt_interlocked_read@J@@YAJPDJ@Z 004115b0 f i libucrtd:exit.obj
 0001:00010640       ??0?$__crt_unique_handle_t@U__crt_hmodule_traits@@@@QAE@QAUHINSTANCE__@@@Z 00411640 f i libucrtd:exit.obj
 0001:00010660       ??1?$__crt_unique_handle_t@U__crt_hmodule_traits@@@@QAE@XZ 00411660 f i libucrtd:exit.obj
 0001:00010830       ?__acrt_select_exit_lock@@YA?AW4__acrt_lock_id@@XZ 00411830 f i libucrtd:exit.obj
 0001:00010860       ?close@?$__crt_unique_handle_t@U__crt_hmodule_traits@@@@QAEXXZ 00411860 f i libucrtd:exit.obj
 0001:000108a0       ?close@__crt_hmodule_traits@@SA_NPAUHINSTANCE__@@@Z 004118a0 f i libucrtd:exit.obj
 0001:00010990       ?get@?$__crt_unique_handle_t@U__crt_hmodule_traits@@@@QBEPAUHINSTANCE__@@XZ 00411990 f i libucrtd:exit.obj
 0001:000109b0       ?get_address_of@?$__crt_unique_handle_t@U__crt_hmodule_traits@@@@QAEPAPAUHINSTANCE__@@XZ 004119b0 f i libucrtd:exit.obj
 0001:000109c0       ?get_invalid_value@__crt_hmodule_traits@@SAPAUHINSTANCE__@@XZ 004119c0 f i libucrtd:exit.obj
 0001:00010b50       __Exit                     00411b50 f   libucrtd:exit.obj
 0001:00010b70       ___acrt_initialize_thread_local_exit_callback 00411b70 f   libucrtd:exit.obj
 0001:00010b80       __c_exit                   00411b80 f   libucrtd:exit.obj
 0001:00010ba0       __cexit                    00411ba0 f   libucrtd:exit.obj
 0001:00010bc0       __exit                     00411bc0 f   libucrtd:exit.obj
 0001:00010be0       __is_c_termination_complete 00411be0 f   libucrtd:exit.obj
 0001:00010c00       __register_thread_local_exe_atexit_callback 00411c00 f   libucrtd:exit.obj
 0001:00010c40       _exit                      00411c40 f   libucrtd:exit.obj
 0001:00010c60       _quick_exit                00411c60 f   libucrtd:exit.obj
 0001:00010c80       ??$__crt_interlocked_read@H@@YAHPDH@Z 00411c80 f i libucrtd:setmode.obj
 0001:00010ca0       ?value@?$dual_state_global@H@__crt_state_management@@QAEAAHXZ 00411ca0 f i libucrtd:setmode.obj
 0001:00010cc0       __get_fmode                00411cc0 f   libucrtd:setmode.obj
 0001:00010d60       __set_fmode                00411d60 f   libucrtd:setmode.obj
 0001:00010e20       __setmode                  00411e20 f   libucrtd:setmode.obj
 0001:000110e0       __setmode_nolock           004120e0 f   libucrtd:setmode.obj
 0001:00011310       ??$?RU__crt_locale_data@@@__crt_internal_free_policy@@QBEXQBU__crt_locale_data@@@Z 00412310 f i libucrtd:wsetlocale.obj
 0001:00011330       ??$?RU__crt_locale_pointers@@@__crt_internal_free_policy@@QBEXQBU__crt_locale_pointers@@@Z 00412330 f i libucrtd:wsetlocale.obj
 0001:00011350       ??$?RU__crt_multibyte_data@@@__crt_internal_free_policy@@QBEXQBU__crt_multibyte_data@@@Z 00412350 f i libucrtd:wsetlocale.obj
 0001:00011370       ??$?RV<lambda_287639389cd93001d524e978add0a966>@@AAV<lambda_ec6e89223f0b55d129b385f28d5ef06c>@@AAV<lambda_8dff2cf36a5417162780cd64fa2883ef>@@@?$__crt_seh_guarded_call@X@@QAEX$$QAV<lambda_287639389cd93001d524e978add0a966>@@AAV<lambda_ec6e89223f0b55d129b385f28d5ef06c>@@AAV<lambda_8dff2cf36a5417162780cd64fa2883ef>@@@Z 00412370 f i libucrtd:wsetlocale.obj
 0001:000113f0       ??$?RV<lambda_6673f7c4c09a5d469d0c27ae364621ce>@@AAV<lambda_ebab98244f73a74f49db879bf13fa982>@@V<lambda_be20789b7a146653eab82509ec35b419>@@@?$__crt_seh_guarded_call@X@@QAEX$$QAV<lambda_6673f7c4c09a5d469d0c27ae364621ce>@@AAV<lambda_ebab98244f73a74f49db879bf13fa982>@@$$QAV<lambda_be20789b7a146653eab82509ec35b419>@@@Z 004123f0 f i libucrtd:wsetlocale.obj
 0001:00011470       ??$?RV<lambda_77dab89fbeac4a713f5109d3a84a64bd>@@AAV<lambda_5aa87bd3d20598fe94a7059d4352bb0a>@@V<lambda_5f774f8e5ad3390f551a2c439a85eac2>@@@?$__crt_seh_guarded_call@X@@QAEX$$QAV<lambda_77dab89fbeac4a713f5109d3a84a64bd>@@AAV<lambda_5aa87bd3d20598fe94a7059d4352bb0a>@@$$QAV<lambda_5f774f8e5ad3390f551a2c439a85eac2>@@@Z 00412470 f i libucrtd:wsetlocale.obj
 0001:000114f0       ??$?RV<lambda_82aef432098b982f9ede325b418aa67a>@@AAV<lambda_862e9a3f04921db6ca1ce3faa2bf3edf>@@V<lambda_ffabc152e504b53d7492b9889b10c020>@@@?$__crt_seh_guarded_call@X@@QAEX$$QAV<lambda_82aef432098b982f9ede325b418aa67a>@@AAV<lambda_862e9a3f04921db6ca1ce3faa2bf3edf>@@$$QAV<lambda_ffabc152e504b53d7492b9889b10c020>@@@Z 004124f0 f i libucrtd:wsetlocale.obj
 0001:00011570       ??$?RV<lambda_e5124f882df8998aaf41531e079ba474>@@AAV<lambda_3e16ef9562a7dcce91392c22ab16ea36>@@V<lambda_e25ca0880e6ef98be67edffd8c599615>@@@?$__crt_seh_guarded_call@X@@QAEX$$QAV<lambda_e5124f882df8998aaf41531e079ba474>@@AAV<lambda_3e16ef9562a7dcce91392c22ab16ea36>@@$$QAV<lambda_e25ca0880e6ef98be67edffd8c599615>@@@Z 00412570 f i libucrtd:wsetlocale.obj
 0001:000115f0       ??$__acrt_lock_and_call@V<lambda_3e16ef9562a7dcce91392c22ab16ea36>@@@@YAXW4__acrt_lock_id@@$$QAV<lambda_3e16ef9562a7dcce91392c22ab16ea36>@@@Z 004125f0 f i libucrtd:wsetlocale.obj
 0001:00011630       ??$__acrt_lock_and_call@V<lambda_5aa87bd3d20598fe94a7059d4352bb0a>@@@@YAXW4__acrt_lock_id@@$$QAV<lambda_5aa87bd3d20598fe94a7059d4352bb0a>@@@Z 00412630 f i libucrtd:wsetlocale.obj
 0001:00011670       ??$__acrt_lock_and_call@V<lambda_862e9a3f04921db6ca1ce3faa2bf3edf>@@@@YAXW4__acrt_lock_id@@$$QAV<lambda_862e9a3f04921db6ca1ce3faa2bf3edf>@@@Z 00412670 f i libucrtd:wsetlocale.obj
 0001:000116b0       ??$__acrt_lock_and_call@V<lambda_ebab98244f73a74f49db879bf13fa982>@@@@YAXW4__acrt_lock_id@@$$QAV<lambda_ebab98244f73a74f49db879bf13fa982>@@@Z 004126b0 f i libucrtd:wsetlocale.obj
 0001:000116f0       ??$__crt_call_and_cleanup@V<lambda_ec6e89223f0b55d129b385f28d5ef06c>@@V<lambda_8dff2cf36a5417162780cd64fa2883ef>@@@@YAX$$QAV<lambda_ec6e89223f0b55d129b385f28d5ef06c>@@$$QAV<lambda_8dff2cf36a5417162780cd64fa2883ef>@@@Z 004126f0 f i libucrtd:wsetlocale.obj
 0001:00011720       ??$__vcrt_va_start_verify_argument_type@H@@YAXXZ 00412720 f i libucrtd:wsetlocale.obj
 0001:00011730       ??$uninitialize@V<lambda_88ce03f932007f29bf8b8056cbaba4f3>@@@?$dual_state_global@PAU__crt_locale_data@@@__crt_state_management@@QAEX$$QAV<lambda_88ce03f932007f29bf8b8056cbaba4f3>@@@Z 00412730 f i libucrtd:wsetlocale.obj
 0001:00011950       ??0?$__crt_unique_heap_ptr@U__crt_locale_data@@U__crt_internal_free_policy@@@@QAE@QAU__crt_locale_data@@@Z 00412950 f i libucrtd:wsetlocale.obj
 0001:00011970       ??0?$__crt_unique_heap_ptr@U__crt_locale_pointers@@U__crt_internal_free_policy@@@@QAE@QAU__crt_locale_pointers@@@Z 00412970 f i libucrtd:wsetlocale.obj
 0001:00011990       ??0?$__crt_unique_heap_ptr@U__crt_multibyte_data@@U__crt_internal_free_policy@@@@QAE@QAU__crt_multibyte_data@@@Z 00412990 f i libucrtd:wsetlocale.obj
 0001:000119b0       ??1?$__crt_unique_heap_ptr@U__crt_locale_data@@U__crt_internal_free_policy@@@@QAE@XZ 004129b0 f i libucrtd:wsetlocale.obj
 0001:000119d0       ??1?$__crt_unique_heap_ptr@U__crt_locale_pointers@@U__crt_internal_free_policy@@@@QAE@XZ 004129d0 f i libucrtd:wsetlocale.obj
 0001:000119f0       ??1?$__crt_unique_heap_ptr@U__crt_multibyte_data@@U__crt_internal_free_policy@@@@QAE@XZ 004129f0 f i libucrtd:wsetlocale.obj
 0001:00011a10       ??B?$__crt_unique_heap_ptr@U__crt_locale_data@@U__crt_internal_free_policy@@@@QBE_NXZ 00412a10 f i libucrtd:wsetlocale.obj
 0001:00011a30       ??B?$__crt_unique_heap_ptr@U__crt_locale_pointers@@U__crt_internal_free_policy@@@@QBE_NXZ 00412a30 f i libucrtd:wsetlocale.obj
 0001:00011a50       ??B?$__crt_unique_heap_ptr@U__crt_multibyte_data@@U__crt_internal_free_policy@@@@QBE_NXZ 00412a50 f i libucrtd:wsetlocale.obj
 0001:00011e40       ?detach@?$__crt_unique_heap_ptr@U__crt_locale_data@@U__crt_internal_free_policy@@@@QAEPAU__crt_locale_data@@XZ 00412e40 f i libucrtd:wsetlocale.obj
 0001:00011e70       ?detach@?$__crt_unique_heap_ptr@U__crt_locale_pointers@@U__crt_internal_free_policy@@@@QAEPAU__crt_locale_pointers@@XZ 00412e70 f i libucrtd:wsetlocale.obj
 0001:00011ea0       ?detach@?$__crt_unique_heap_ptr@U__crt_multibyte_data@@U__crt_internal_free_policy@@@@QAEPAU__crt_multibyte_data@@XZ 00412ea0 f i libucrtd:wsetlocale.obj
 0001:00011ed0       ?get@?$__crt_unique_heap_ptr@U__crt_locale_data@@U__crt_internal_free_policy@@@@QBEPAU__crt_locale_data@@XZ 00412ed0 f i libucrtd:wsetlocale.obj
 0001:00011ef0       ?get@?$__crt_unique_heap_ptr@U__crt_locale_pointers@@U__crt_internal_free_policy@@@@QBEPAU__crt_locale_pointers@@XZ 00412ef0 f i libucrtd:wsetlocale.obj
 0001:00011f10       ?get@?$__crt_unique_heap_ptr@U__crt_multibyte_data@@U__crt_internal_free_policy@@@@QBEPAU__crt_multibyte_data@@XZ 00412f10 f i libucrtd:wsetlocale.obj
 0001:00011f30       ?is_valid@?$__crt_unique_heap_ptr@U__crt_locale_data@@U__crt_internal_free_policy@@@@QBE_NXZ 00412f30 f i libucrtd:wsetlocale.obj
 0001:00011f60       ?is_valid@?$__crt_unique_heap_ptr@U__crt_locale_pointers@@U__crt_internal_free_policy@@@@QBE_NXZ 00412f60 f i libucrtd:wsetlocale.obj
 0001:00011f90       ?is_valid@?$__crt_unique_heap_ptr@U__crt_multibyte_data@@U__crt_internal_free_policy@@@@QBE_NXZ 00412f90 f i libucrtd:wsetlocale.obj
 0001:00011fc0       ?release@?$__crt_unique_heap_ptr@U__crt_locale_data@@U__crt_internal_free_policy@@@@QAEXXZ 00412fc0 f i libucrtd:wsetlocale.obj
 0001:00011ff0       ?release@?$__crt_unique_heap_ptr@U__crt_locale_pointers@@U__crt_internal_free_policy@@@@QAEXXZ 00412ff0 f i libucrtd:wsetlocale.obj
 0001:00012020       ?release@?$__crt_unique_heap_ptr@U__crt_multibyte_data@@U__crt_internal_free_policy@@@@QAEXXZ 00413020 f i libucrtd:wsetlocale.obj
 0001:00012050       ?value@?$dual_state_global@PAU__crt_locale_data@@@__crt_state_management@@QAEAAPAU__crt_locale_data@@XZ 00413050 f i libucrtd:wsetlocale.obj
 0001:00012070       ___acrt_copy_locale_name   00413070 f   libucrtd:wsetlocale.obj
 0001:00012110       ___acrt_set_locale_changed 00413110 f   libucrtd:wsetlocale.obj
 0001:00012130       ___acrt_uninitialize_locale 00413130 f   libucrtd:wsetlocale.obj
 0001:00012150       ___lc_lctowcs              00413150 f   libucrtd:wsetlocale.obj
 0001:00012200       ___lc_wcstolc              00413200 f   libucrtd:wsetlocale.obj
 0001:00012420       __configthreadlocale       00413420 f   libucrtd:wsetlocale.obj
 0001:000125a0       __create_locale            004135a0 f   libucrtd:wsetlocale.obj
 0001:00012610       __expandlocale             00413610 f   libucrtd:wsetlocale.obj
 0001:00012ae0       __free_locale              00413ae0 f   libucrtd:wsetlocale.obj
 0001:00012c10       __get_current_locale       00413c10 f   libucrtd:wsetlocale.obj
 0001:00012ce0       __wcreate_locale           00413ce0 f   libucrtd:wsetlocale.obj
 0001:00012f20       __wcscats                  00413f20 f   libucrtd:wsetlocale.obj
 0001:00012fa0       __wsetlocale               00413fa0 f   libucrtd:wsetlocale.obj
 0001:00013ef0       ?value@?$dual_state_global@J@__crt_state_management@@QAEAAJXZ 00414ef0 f i libucrtd:new_mode.obj
 0001:00013f10       __query_new_mode           00414f10 f   libucrtd:new_mode.obj
 0001:00013f30       __set_new_mode             00414f30 f   libucrtd:new_mode.obj
 0001:00013fd0       ___p__commode              00414fd0 f   libucrtd:ncommode.obj
 0001:00013fe0       ??$?BP6AXXZ@__crt_fast_encoded_nullptr_t@@QBEPAP6AXXZXZ 00414fe0 f i libucrtd:onexit.obj
 0001:00014000       ??$?RP6AXXZ@__crt_internal_free_policy@@QBEXQBQ6AXXZ@Z 00415000 f i libucrtd:onexit.obj
 0001:00014020       ??$?RV<lambda_b53b013fb8c6083c10bec37d2dacc554>@@AAV<lambda_3b83eb014488ad801d84acef5aaf14d3>@@V<lambda_121992cf5e0eae5719f6e4f596aaeb4f>@@@?$__crt_seh_guarded_call@H@@QAEH$$QAV<lambda_b53b013fb8c6083c10bec37d2dacc554>@@AAV<lambda_3b83eb014488ad801d84acef5aaf14d3>@@$$QAV<lambda_121992cf5e0eae5719f6e4f596aaeb4f>@@@Z 00415020 f i libucrtd:onexit.obj
 0001:000140b0       ??$?RV<lambda_d74cd35c3df28f16c733e6755eb03555>@@AAV<lambda_d121dba8a4adeaf3a9819e48611155df>@@V<lambda_ade73ae6aee997c6ba47ce5901b340f9>@@@?$__crt_seh_guarded_call@H@@QAEH$$QAV<lambda_d74cd35c3df28f16c733e6755eb03555>@@AAV<lambda_d121dba8a4adeaf3a9819e48611155df>@@$$QAV<lambda_ade73ae6aee997c6ba47ce5901b340f9>@@@Z 004150b0 f i libucrtd:onexit.obj
 0001:00014140       ??$__acrt_lock_and_call@V<lambda_3b83eb014488ad801d84acef5aaf14d3>@@@@YAHW4__acrt_lock_id@@$$QAV<lambda_3b83eb014488ad801d84acef5aaf14d3>@@@Z 00415140 f i libucrtd:onexit.obj
 0001:00014180       ??$__acrt_lock_and_call@V<lambda_d121dba8a4adeaf3a9819e48611155df>@@@@YAHW4__acrt_lock_id@@$$QAV<lambda_d121dba8a4adeaf3a9819e48611155df>@@@Z 00415180 f i libucrtd:onexit.obj
 0001:000141c0       ??$__crt_fast_encode_pointer@P6AHXZ@@YAP6AHXZQ6AHXZ@Z 004151c0 f i libucrtd:onexit.obj
 0001:000142c0       ??0?$__crt_unique_heap_ptr@P6AXXZU__crt_internal_free_policy@@@@QAE@QAP6AXXZ@Z 004152c0 f i libucrtd:onexit.obj
 0001:000142e0       ??1?$__crt_unique_heap_ptr@P6AXXZU__crt_internal_free_policy@@@@QAE@XZ 004152e0 f i libucrtd:onexit.obj
 0001:00014300       ??1scoped_global_state_reset@__crt_state_management@@QAE@XZ 00415300 f i libucrtd:onexit.obj
 0001:00014780       ?detach@?$__crt_unique_heap_ptr@P6AXXZU__crt_internal_free_policy@@@@QAEPAP6AXXZXZ 00415780 f i libucrtd:onexit.obj
 0001:000147b0       ?release@?$__crt_unique_heap_ptr@P6AXXZU__crt_internal_free_policy@@@@QAEXXZ 004157b0 f i libucrtd:onexit.obj
 0001:000147e0       __crt_at_quick_exit        004157e0 f   libucrtd:onexit.obj
 0001:00014800       __crt_atexit               00415800 f   libucrtd:onexit.obj
 0001:00014820       __execute_onexit_table     00415820 f   libucrtd:onexit.obj
 0001:00014850       __initialize_onexit_table  00415850 f   libucrtd:onexit.obj
 0001:000148b0       __register_onexit_function 004158b0 f   libucrtd:onexit.obj
 0001:00014ae0       ??$uninitialize@V<lambda_af27fe6ede5d83bbdbd622796c194e9c>@@@?$dual_state_global@PAU__crt_multibyte_data@@@__crt_state_management@@QAEX$$QAV<lambda_af27fe6ede5d83bbdbd622796c194e9c>@@@Z 00415ae0 f i libucrtd:initialization.obj
 0001:00014b70       ?initialize@?$dual_state_global@PAU__crt_locale_data@@@__crt_state_management@@QAEXQAU__crt_locale_data@@@Z 00415b70 f i libucrtd:initialization.obj
 0001:00014bb0       ___acrt_initialize         00415bb0 f   libucrtd:initialization.obj
 0001:00014bd0       ___acrt_thread_attach      00415bd0 f   libucrtd:initialization.obj
 0001:00014bf0       ___acrt_thread_detach      00415bf0 f   libucrtd:initialization.obj
 0001:00014c00       ___acrt_uninitialize       00415c00 f   libucrtd:initialization.obj
 0001:00014c20       ___acrt_uninitialize_critical 00415c20 f   libucrtd:initialization.obj
 0001:00014c40       __controlfp_s              00415c40 f   libucrtd:contrlfp.obj
 0001:00014d60       __get_terminate            00415d60 f   libucrtd:terminate.obj
 0001:00014d80       _set_terminate             00415d80 f   libucrtd:terminate.obj
 0001:00014db0       _terminate                 00415db0 f   libucrtd:terminate.obj
 0001:00014e50       ??0_LocaleUpdate@@QAE@QAU__crt_locale_pointers@@@Z 00415e50 f i libucrtd:debug_heap.obj
 0001:00014f30       ??1_LocaleUpdate@@QAE@XZ   00415f30 f i libucrtd:debug_heap.obj
 0001:00014f70       ?GetLocaleT@_LocaleUpdate@@QAEPAU__crt_locale_pointers@@XZ 00415f70 f i libucrtd:debug_heap.obj
 0001:00016820       __CrtCheckMemory           00417820 f   libucrtd:debug_heap.obj
 0001:000169b0       __CrtDoForAllClientObjects 004179b0 f   libucrtd:debug_heap.obj
 0001:00016b10       __CrtDumpMemoryLeaks       00417b10 f   libucrtd:debug_heap.obj
 0001:00016bb0       __CrtGetAllocHook          00417bb0 f   libucrtd:debug_heap.obj
 0001:00016bc0       __CrtGetDumpClient         00417bc0 f   libucrtd:debug_heap.obj
 0001:00016bd0       __CrtIsMemoryBlock         00417bd0 f   libucrtd:debug_heap.obj
 0001:00016d20       __CrtIsValidHeapPointer    00417d20 f   libucrtd:debug_heap.obj
 0001:00016d50       __CrtIsValidPointer        00417d50 f   libucrtd:debug_heap.obj
 0001:00016d80       __CrtMemCheckpoint         00417d80 f   libucrtd:debug_heap.obj
 0001:00016fb0       __CrtMemDifference         00417fb0 f   libucrtd:debug_heap.obj
 0001:00017220       __CrtMemDumpAllObjectsSince 00418220 f   libucrtd:debug_heap.obj
 0001:000172c0       __CrtMemDumpStatistics     004182c0 f   libucrtd:debug_heap.obj
 0001:000173f0       __CrtReportBlockType       004183f0 f   libucrtd:debug_heap.obj
 0001:00017420       __CrtSetAllocHook          00418420 f   libucrtd:debug_heap.obj
 0001:00017440       __CrtSetBreakAlloc         00418440 f   libucrtd:debug_heap.obj
 0001:00017460       __CrtSetDbgBlockType       00418460 f   libucrtd:debug_heap.obj
 0001:00017540       __CrtSetDbgFlag            00418540 f   libucrtd:debug_heap.obj
 0001:000176b0       __CrtSetDumpClient         004186b0 f   libucrtd:debug_heap.obj
 0001:000176d0       ___acrt_get_locale_data_prefix 004186d0 f i libucrtd:debug_heap.obj
 0001:000176f0       ___acrt_locale_changed     004186f0 f i libucrtd:debug_heap.obj
 0001:00017720       ___p__crtBreakAlloc        00418720 f   libucrtd:debug_heap.obj
 0001:00017730       ___p__crtDbgFlag           00418730 f   libucrtd:debug_heap.obj
 0001:00017740       __aligned_free_dbg         00418740 f   libucrtd:debug_heap.obj
 0001:000177f0       __aligned_malloc_dbg       004187f0 f   libucrtd:debug_heap.obj
 0001:00017820       __aligned_msize_dbg        00418820 f   libucrtd:debug_heap.obj
 0001:00017950       __aligned_offset_malloc_dbg 00418950 f   libucrtd:debug_heap.obj
 0001:00017b30       __aligned_offset_realloc_dbg 00418b30 f   libucrtd:debug_heap.obj
 0001:00017e40       __aligned_offset_recalloc_dbg 00418e40 f   libucrtd:debug_heap.obj
 0001:00017f00       __aligned_realloc_dbg      00418f00 f   libucrtd:debug_heap.obj
 0001:00017f30       __aligned_recalloc_dbg     00418f30 f   libucrtd:debug_heap.obj
 0001:00017f60       __calloc_dbg               00418f60 f   libucrtd:debug_heap.obj
 0001:00017fd0       __chvalidchk_l             00418fd0 f i libucrtd:debug_heap.obj
 0001:00018000       __expand_dbg               00419000 f   libucrtd:debug_heap.obj
 0001:00018130       __free_dbg                 00419130 f   libucrtd:debug_heap.obj
 0001:000181e0       __invoke_watson_if_oneof   004191e0 f i libucrtd:debug_heap.obj
 0001:00018220       __ischartype_l             00419220 f i libucrtd:debug_heap.obj
 0001:00018270       __malloc_dbg               00419270 f   libucrtd:debug_heap.obj
 0001:00018290       __msize_dbg                00419290 f   libucrtd:debug_heap.obj
 0001:00018420       __realloc_dbg              00419420 f   libucrtd:debug_heap.obj
 0001:000184c0       __recalloc_dbg             004194c0 f   libucrtd:debug_heap.obj
 0001:00018880       _strcpy_s                  00419880 f   libucrtd:strcpy_s.obj
 0001:000188a0       _strcmp                    004198a0 f   libucrtd:strcmp.obj
 0001:00018930       _strlen                    00419930 f   libucrtd:strlen.obj
 0001:000189c0       __set_abort_behavior       004199c0 f   libucrtd:abort.obj
 0001:000189f0       _abort                     004199f0 f   libucrtd:abort.obj
 0001:00018a60       ??$?RU?$__crt_report_hook_node@D@@@__crt_internal_free_policy@@QBEXQBU?$__crt_report_hook_node@D@@@Z 00419a60 f i libucrtd:dbgrpt.obj
 0001:00018a80       ??$?RU?$__crt_report_hook_node@_W@@@__crt_internal_free_policy@@QBEXQBU?$__crt_report_hook_node@_W@@@Z 00419a80 f i libucrtd:dbgrpt.obj
 0001:00018aa0       ??$?RV<lambda_39c757ba59d6ac35fb053df21e15f225>@@AAV<lambda_0e8d296f2015d00575aaed1fd344af09>@@V<lambda_6437917bd4515e197deeccd168d5d84f>@@@?$__crt_seh_guarded_call@H@@QAEH$$QAV<lambda_39c757ba59d6ac35fb053df21e15f225>@@AAV<lambda_0e8d296f2015d00575aaed1fd344af09>@@$$QAV<lambda_6437917bd4515e197deeccd168d5d84f>@@@Z 00419aa0 f i libucrtd:dbgrpt.obj
 0001:00018b30       ??$?RV<lambda_636fb9b48025d66c2559a49a493587d5>@@AAV<lambda_c8faeb264fdcc4f3901f0705ce773d88>@@V<lambda_dced16f8255fcb5c10431ec2cadde238>@@@?$__crt_seh_guarded_call@H@@QAEH$$QAV<lambda_636fb9b48025d66c2559a49a493587d5>@@AAV<lambda_c8faeb264fdcc4f3901f0705ce773d88>@@$$QAV<lambda_dced16f8255fcb5c10431ec2cadde238>@@@Z 00419b30 f i libucrtd:dbgrpt.obj
 0001:00018bc0       ??$__acrt_lock_and_call@V<lambda_0e8d296f2015d00575aaed1fd344af09>@@@@YAHW4__acrt_lock_id@@$$QAV<lambda_0e8d296f2015d00575aaed1fd344af09>@@@Z 00419bc0 f i libucrtd:dbgrpt.obj
 0001:00018c00       ??$__acrt_lock_and_call@V<lambda_c8faeb264fdcc4f3901f0705ce773d88>@@@@YAHW4__acrt_lock_id@@$$QAV<lambda_c8faeb264fdcc4f3901f0705ce773d88>@@@Z 00419c00 f i libucrtd:dbgrpt.obj
 0001:00018c40       ??$__vcrt_va_start_verify_argument_type@QB_W@@YAXXZ 00419c40 f i libucrtd:dbgrpt.obj
 0001:00019840       ??$get_module_file_name@AAPAUHINSTANCE__@@AAY0BAF@DK@?$__crt_char_traits@D@@SAKAAPAUHINSTANCE__@@AAY0BAF@D$$QAK@Z 0041a840 f i libucrtd:dbgrpt.obj
 0001:00019860       ??$get_module_file_name@AAPAUHINSTANCE__@@AAY0BAF@_WK@?$__crt_char_traits@_W@@SAKAAPAUHINSTANCE__@@AAY0BAF@_W$$QAK@Z 0041a860 f i libucrtd:dbgrpt.obj
 0001:00019880       ??$tcscpy_s@AAY0BAF@DIPBD@?$__crt_char_traits@D@@SAHAAY0BAF@D$$QAI$$QAPBD@Z 0041a880 f i libucrtd:dbgrpt.obj
 0001:000198a0       ??$tcscpy_s@AAY0BAF@_WIPB_W@?$__crt_char_traits@_W@@SAHAAY0BAF@_W$$QAI$$QAPB_W@Z 0041a8a0 f i libucrtd:dbgrpt.obj
 0001:000198c0       ??$tcslen@AAY0BAF@D@?$__crt_char_traits@D@@SAIAAY0BAF@D@Z 0041a8c0 f i libucrtd:dbgrpt.obj
 0001:000198e0       ??$tcslen@AAY0BAF@_W@?$__crt_char_traits@_W@@SAIAAY0BAF@_W@Z 0041a8e0 f i libucrtd:dbgrpt.obj
 0001:00019900       ??$tcslen@ABQBD@?$__crt_char_traits@D@@SAIABQBD@Z 0041a900 f i libucrtd:dbgrpt.obj
 0001:00019920       ??$tcslen@ABQB_W@?$__crt_char_traits@_W@@SAIABQB_W@Z 0041a920 f i libucrtd:dbgrpt.obj
 0001:00019a20       ??0?$__crt_unique_heap_ptr@U?$__crt_report_hook_node@D@@U__crt_internal_free_policy@@@@QAE@QAU?$__crt_report_hook_node@D@@@Z 0041aa20 f i libucrtd:dbgrpt.obj
 0001:00019a40       ??0?$__crt_unique_heap_ptr@U?$__crt_report_hook_node@_W@@U__crt_internal_free_policy@@@@QAE@QAU?$__crt_report_hook_node@_W@@@Z 0041aa40 f i libucrtd:dbgrpt.obj
 0001:00019a60       ??1?$__crt_unique_heap_ptr@U?$__crt_report_hook_node@D@@U__crt_internal_free_policy@@@@QAE@XZ 0041aa60 f i libucrtd:dbgrpt.obj
 0001:00019a80       ??1?$__crt_unique_heap_ptr@U?$__crt_report_hook_node@_W@@U__crt_internal_free_policy@@@@QAE@XZ 0041aa80 f i libucrtd:dbgrpt.obj
 0001:00019aa0       ??B?$__crt_unique_heap_ptr@U?$__crt_report_hook_node@D@@U__crt_internal_free_policy@@@@QBE_NXZ 0041aaa0 f i libucrtd:dbgrpt.obj
 0001:00019ac0       ??B?$__crt_unique_heap_ptr@U?$__crt_report_hook_node@_W@@U__crt_internal_free_policy@@@@QBE_NXZ 0041aac0 f i libucrtd:dbgrpt.obj
 0001:0001a000       ?detach@?$__crt_unique_heap_ptr@U?$__crt_report_hook_node@D@@U__crt_internal_free_policy@@@@QAEPAU?$__crt_report_hook_node@D@@XZ 0041b000 f i libucrtd:dbgrpt.obj
 0001:0001a030       ?detach@?$__crt_unique_heap_ptr@U?$__crt_report_hook_node@_W@@U__crt_internal_free_policy@@@@QAEPAU?$__crt_report_hook_node@_W@@XZ 0041b030 f i libucrtd:dbgrpt.obj
 0001:0001a060       ?get@?$__crt_unique_heap_ptr@U?$__crt_report_hook_node@D@@U__crt_internal_free_policy@@@@QBEPAU?$__crt_report_hook_node@D@@XZ 0041b060 f i libucrtd:dbgrpt.obj
 0001:0001a080       ?get@?$__crt_unique_heap_ptr@U?$__crt_report_hook_node@_W@@U__crt_internal_free_policy@@@@QBEPAU?$__crt_report_hook_node@_W@@XZ 0041b080 f i libucrtd:dbgrpt.obj
 0001:0001a100       ?is_valid@?$__crt_unique_heap_ptr@U?$__crt_report_hook_node@D@@U__crt_internal_free_policy@@@@QBE_NXZ 0041b100 f i libucrtd:dbgrpt.obj
 0001:0001a130       ?is_valid@?$__crt_unique_heap_ptr@U?$__crt_report_hook_node@_W@@U__crt_internal_free_policy@@@@QBE_NXZ 0041b130 f i libucrtd:dbgrpt.obj
 0001:0001a160       ?release@?$__crt_unique_heap_ptr@U?$__crt_report_hook_node@D@@U__crt_internal_free_policy@@@@QAEXXZ 0041b160 f i libucrtd:dbgrpt.obj
 0001:0001a190       ?release@?$__crt_unique_heap_ptr@U?$__crt_report_hook_node@_W@@U__crt_internal_free_policy@@@@QAEXXZ 0041b190 f i libucrtd:dbgrpt.obj
 0001:0001a1c0       __CrtDbgReport             0041b1c0 f   libucrtd:dbgrpt.obj
 0001:0001a210       __CrtDbgReportW            0041b210 f   libucrtd:dbgrpt.obj
 0001:0001a260       __CrtSetReportHook2        0041b260 f   libucrtd:dbgrpt.obj
 0001:0001a280       __CrtSetReportHookW2       0041b280 f   libucrtd:dbgrpt.obj
 0001:0001a2a0       ___acrt_MessageWindowA     0041b2a0 f   libucrtd:dbgrpt.obj
 0001:0001a2d0       ___acrt_MessageWindowW     0041b2d0 f   libucrtd:dbgrpt.obj
 0001:0001a300       __snwprintf_s              0041b300 f i libucrtd:dbgrpt.obj
 0001:0001a350       __vsnwprintf_s_l           0041b350 f i libucrtd:dbgrpt.obj
 0001:0001a3b0       _wcsncmp                   0041b3b0 f   libucrtd:wcsncmp.obj
 0001:0001a410       ??$?0ABV?$stream_output_adapter@D@__crt_stdio_output@@AB_KABQBDABQAU__crt_locale_pointers@@ABQAD@?$format_validation_base@DV?$stream_output_adapter@D@__crt_stdio_output@@@__crt_stdio_output@@IAE@ABV?$stream_output_adapter@D@1@AB_KABQBDABQAU__crt_locale_pointers@@ABQAD@Z 0041b410 f i libucrtd:output.obj
 0001:0001a440       ??$?0ABV?$stream_output_adapter@D@__crt_stdio_output@@AB_KABQBDABQAU__crt_locale_pointers@@ABQAD@?$positional_parameter_base@DV?$stream_output_adapter@D@__crt_stdio_output@@@__crt_stdio_output@@IAE@ABV?$stream_output_adapter@D@1@AB_KABQBDABQAU__crt_locale_pointers@@ABQAD@Z 0041b440 f i libucrtd:output.obj
 0001:0001a4c0       ??$?0ABV?$stream_output_adapter@D@__crt_stdio_output@@AB_KABQBDABQAU__crt_locale_pointers@@ABQAD@?$standard_base@DV?$stream_output_adapter@D@__crt_stdio_output@@@__crt_stdio_output@@IAE@ABV?$stream_output_adapter@D@1@AB_KABQBDABQAU__crt_locale_pointers@@ABQAD@Z 0041b4c0 f i libucrtd:output.obj
 0001:0001a510       ??$?0ABV?$stream_output_adapter@_W@__crt_stdio_output@@AB_KABQB_WABQAU__crt_locale_pointers@@ABQAD@?$format_validation_base@_WV?$stream_output_adapter@_W@__crt_stdio_output@@@__crt_stdio_output@@IAE@ABV?$stream_output_adapter@_W@1@AB_KABQB_WABQAU__crt_locale_pointers@@ABQAD@Z 0041b510 f i libucrtd:output.obj
 0001:0001a540       ??$?0ABV?$stream_output_adapter@_W@__crt_stdio_output@@AB_KABQB_WABQAU__crt_locale_pointers@@ABQAD@?$positional_parameter_base@_WV?$stream_output_adapter@_W@__crt_stdio_output@@@__crt_stdio_output@@IAE@ABV?$stream_output_adapter@_W@1@AB_KABQB_WABQAU__crt_locale_pointers@@ABQAD@Z 0041b540 f i libucrtd:output.obj
 0001:0001a5c0       ??$?0ABV?$stream_output_adapter@_W@__crt_stdio_output@@AB_KABQB_WABQAU__crt_locale_pointers@@ABQAD@?$standard_base@_WV?$stream_output_adapter@_W@__crt_stdio_output@@@__crt_stdio_output@@IAE@ABV?$stream_output_adapter@_W@1@AB_KABQB_WABQAU__crt_locale_pointers@@ABQAD@Z 0041b5c0 f i libucrtd:output.obj
 0001:0001a610       ??$?0ABV?$string_output_adapter@D@__crt_stdio_output@@AB_KABQBDABQAU__crt_locale_pointers@@ABQAD@?$format_validation_base@DV?$string_output_adapter@D@__crt_stdio_output@@@__crt_stdio_output@@IAE@ABV?$string_output_adapter@D@1@AB_KABQBDABQAU__crt_locale_pointers@@ABQAD@Z 0041b610 f i libucrtd:output.obj
 0001:0001a640       ??$?0ABV?$string_output_adapter@D@__crt_stdio_output@@AB_KABQBDABQAU__crt_locale_pointers@@ABQAD@?$positional_parameter_base@DV?$string_output_adapter@D@__crt_stdio_output@@@__crt_stdio_output@@IAE@ABV?$string_output_adapter@D@1@AB_KABQBDABQAU__crt_locale_pointers@@ABQAD@Z 0041b640 f i libucrtd:output.obj
 0001:0001a6c0       ??$?0ABV?$string_output_adapter@D@__crt_stdio_output@@AB_KABQBDABQAU__crt_locale_pointers@@ABQAD@?$standard_base@DV?$string_output_adapter@D@__crt_stdio_output@@@__crt_stdio_output@@IAE@ABV?$string_output_adapter@D@1@AB_KABQBDABQAU__crt_locale_pointers@@ABQAD@Z 0041b6c0 f i libucrtd:output.obj
 0001:0001a710       ??$?0ABV?$string_output_adapter@_W@__crt_stdio_output@@AB_KABQB_WABQAU__crt_locale_pointers@@ABQAD@?$format_validation_base@_WV?$string_output_adapter@_W@__crt_stdio_output@@@__crt_stdio_output@@IAE@ABV?$string_output_adapter@_W@1@AB_KABQB_WABQAU__crt_locale_pointers@@ABQAD@Z 0041b710 f i libucrtd:output.obj
 0001:0001a740       ??$?0ABV?$string_output_adapter@_W@__crt_stdio_output@@AB_KABQB_WABQAU__crt_locale_pointers@@ABQAD@?$positional_parameter_base@_WV?$string_output_adapter@_W@__crt_stdio_output@@@__crt_stdio_output@@IAE@ABV?$string_output_adapter@_W@1@AB_KABQB_WABQAU__crt_locale_pointers@@ABQAD@Z 0041b740 f i libucrtd:output.obj
 0001:0001a7c0       ??$?0ABV?$string_output_adapter@_W@__crt_stdio_output@@AB_KABQB_WABQAU__crt_locale_pointers@@ABQAD@?$standard_base@_WV?$string_output_adapter@_W@__crt_stdio_output@@@__crt_stdio_output@@IAE@ABV?$string_output_adapter@_W@1@AB_KABQB_WABQAU__crt_locale_pointers@@ABQAD@Z 0041b7c0 f i libucrtd:output.obj
 0001:0001a810       ??$?RV<lambda_3a2a6cca1b0f7007a3db339dcecd1562>@@AAV<lambda_e38011a3ba6e07c7dbcef4d549f26102>@@V<lambda_b2332a2b562101f3c3c34baab19e0511>@@@?$__crt_seh_guarded_call@H@@QAEH$$QAV<lambda_3a2a6cca1b0f7007a3db339dcecd1562>@@AAV<lambda_e38011a3ba6e07c7dbcef4d549f26102>@@$$QAV<lambda_b2332a2b562101f3c3c34baab19e0511>@@@Z 0041b810 f i libucrtd:output.obj
 0001:0001a8a0       ??$?RV<lambda_75d23329f2fb3d02b2e1cf5509bb1caf>@@AAV<lambda_c4f131f91cb4ec00a5b0a26aa161b8b4>@@V<lambda_114dc79c86b00c313cb0b6b3b001aaf8>@@@?$__crt_seh_guarded_call@H@@QAEH$$QAV<lambda_75d23329f2fb3d02b2e1cf5509bb1caf>@@AAV<lambda_c4f131f91cb4ec00a5b0a26aa161b8b4>@@$$QAV<lambda_114dc79c86b00c313cb0b6b3b001aaf8>@@@Z 0041b8a0 f i libucrtd:output.obj
 0001:0001a930       ??$?RV<lambda_80d7abc6eae2375db70be92ccaaf9b57>@@AAV<lambda_df52180bf14694d51fdefd82613e8f07>@@V<lambda_4fa1155033dff2042363dba4e2dc3802>@@@?$__crt_seh_guarded_call@H@@QAEH$$QAV<lambda_80d7abc6eae2375db70be92ccaaf9b57>@@AAV<lambda_df52180bf14694d51fdefd82613e8f07>@@$$QAV<lambda_4fa1155033dff2042363dba4e2dc3802>@@@Z 0041b930 f i libucrtd:output.obj
 0001:0001a9c0       ??$?RV<lambda_b4329732a1a72698597872ef534ad66d>@@AAV<lambda_96392db5b14a27f72535a2156da24b09>@@V<lambda_0f47277b42e3e84c3311fed419af0b3c>@@@?$__crt_seh_guarded_call@H@@QAEH$$QAV<lambda_b4329732a1a72698597872ef534ad66d>@@AAV<lambda_96392db5b14a27f72535a2156da24b09>@@$$QAV<lambda_0f47277b42e3e84c3311fed419af0b3c>@@@Z 0041b9c0 f i libucrtd:output.obj
 0001:0001aa50       ??$?RV<lambda_b7f50223258ab9fcc98080d45d02b1a4>@@AAV<lambda_42506531d319a600ce771deb5a236a10>@@V<lambda_31f843250ba6188c6e1f35d2bec6db0e>@@@?$__crt_seh_guarded_call@H@@QAEH$$QAV<lambda_b7f50223258ab9fcc98080d45d02b1a4>@@AAV<lambda_42506531d319a600ce771deb5a236a10>@@$$QAV<lambda_31f843250ba6188c6e1f35d2bec6db0e>@@@Z 0041ba50 f i libucrtd:output.obj
 0001:0001aae0       ??$?RV<lambda_cc35d49d909def412005bd38ddc96b77>@@AAV<lambda_d6a382b8dd98a6801a8abd6c28bdff2d>@@V<lambda_148068cfb9786d9714740654406e93d5>@@@?$__crt_seh_guarded_call@H@@QAEH$$QAV<lambda_cc35d49d909def412005bd38ddc96b77>@@AAV<lambda_d6a382b8dd98a6801a8abd6c28bdff2d>@@$$QAV<lambda_148068cfb9786d9714740654406e93d5>@@@Z 0041bae0 f i libucrtd:output.obj
 0001:0001ab70       ??$__acrt_lock_stream_and_call@V<lambda_42506531d319a600ce771deb5a236a10>@@@@YAHQAU_iobuf@@$$QAV<lambda_42506531d319a600ce771deb5a236a10>@@@Z 0041bb70 f i libucrtd:output.obj
 0001:0001abb0       ??$__acrt_lock_stream_and_call@V<lambda_96392db5b14a27f72535a2156da24b09>@@@@YAHQAU_iobuf@@$$QAV<lambda_96392db5b14a27f72535a2156da24b09>@@@Z 0041bbb0 f i libucrtd:output.obj
[...]
 0002:0001b1f8       __sehtable$??$?RV<lambda_636fb9b48025d66c2559a49a493587d5>@@AAV<lambda_c8faeb264fdcc4f3901f0705ce773d88>@@V<lambda_dced16f8255fcb5c10431ec2cadde238>@@@?$__crt_seh_guarded_call@H@@QAEH$$QAV<lambda_636fb9b48025d66c2559a49a493587d5>@@AAV<lambda_c8faeb264fdcc4f3901f0705ce773d88>@@$$QAV<lambda_dced16f8255fcb5c10431ec2cadde238>@@@Z 0048c1f8     libucrtd:dbgrpt.obj
 0002:0001b218       __sehtable$??$?RV<lambda_39c757ba59d6ac35fb053df21e15f225>@@AAV<lambda_0e8d296f2015d00575aaed1fd344af09>@@V<lambda_6437917bd4515e197deeccd168d5d84f>@@@?$__crt_seh_guarded_call@H@@QAEH$$QAV<lambda_39c757ba59d6ac35fb053df21e15f225>@@AAV<lambda_0e8d296f2015d00575aaed1fd344af09>@@$$QAV<lambda_6437917bd4515e197deeccd168d5d84f>@@@Z 0048c218     libucrtd:dbgrpt.obj
 0002:0001b238       __sehtable$??$?RV<lambda_80d7abc6eae2375db70be92ccaaf9b57>@@AAV<lambda_df52180bf14694d51fdefd82613e8f07>@@V<lambda_4fa1155033dff2042363dba4e2dc3802>@@@?$__crt_seh_guarded_call@H@@QAEH$$QAV<lambda_80d7abc6eae2375db70be92ccaaf9b57>@@AAV<lambda_df52180bf14694d51fdefd82613e8f07>@@$$QAV<lambda_4fa1155033dff2042363dba4e2dc3802>@@@Z 0048c238     libucrtd:output.obj
 0002:0001b258       __sehtable$??$?RV<lambda_75d23329f2fb3d02b2e1cf5509bb1caf>@@AAV<lambda_c4f131f91cb4ec00a5b0a26aa161b8b4>@@V<lambda_114dc79c86b00c313cb0b6b3b001aaf8>@@@?$__crt_seh_guarded_call@H@@QAEH$$QAV<lambda_75d23329f2fb3d02b2e1cf5509bb1caf>@@AAV<lambda_c4f131f91cb4ec00a5b0a26aa161b8b4>@@$$QAV<lambda_114dc79c86b00c313cb0b6b3b001aaf8>@@@Z 0048c258     libucrtd:output.obj
 0002:0001b278       __sehtable$??$?RV<lambda_cc35d49d909def412005bd38ddc96b77>@@AAV<lambda_d6a382b8dd98a6801a8abd6c28bdff2d>@@V<lambda_148068cfb9786d9714740654406e93d5>@@@?$__crt_seh_guarded_call@H@@QAEH$$QAV<lambda_cc35d49d909def412005bd38ddc96b77>@@AAV<lambda_d6a382b8dd98a6801a8abd6c28bdff2d>@@$$QAV<lambda_148068cfb9786d9714740654406e93d5>@@@Z 0048c278     libucrtd:output.obj
 0002:0001b298       __sehtable$??$?RV<lambda_b7f50223258ab9fcc98080d45d02b1a4>@@AAV<lambda_42506531d319a600ce771deb5a236a10>@@V<lambda_31f843250ba6188c6e1f35d2bec6db0e>@@@?$__crt_seh_guarded_call@H@@QAEH$$QAV<lambda_b7f50223258ab9fcc98080d45d02b1a4>@@AAV<lambda_42506531d319a600ce771deb5a236a10>@@$$QAV<lambda_31f843250ba6188c6e1f35d2bec6db0e>@@@Z 0048c298     libucrtd:output.obj
 0002:0001b2b8       __sehtable$??$?RV<lambda_3a2a6cca1b0f7007a3db339dcecd1562>@@AAV<lambda_e38011a3ba6e07c7dbcef4d549f26102>@@V<lambda_b2332a2b562101f3c3c34baab19e0511>@@@?$__crt_seh_guarded_call@H@@QAEH$$QAV<lambda_3a2a6cca1b0f7007a3db339dcecd1562>@@AAV<lambda_e38011a3ba6e07c7dbcef4d549f26102>@@$$QAV<lambda_b2332a2b562101f3c3c34baab19e0511>@@@Z 0048c2b8     libucrtd:output.obj
 0002:0001b2d8       __sehtable$??$?RV<lambda_b4329732a1a72698597872ef534ad66d>@@AAV<lambda_96392db5b14a27f72535a2156da24b09>@@V<lambda_0f47277b42e3e84c3311fed419af0b3c>@@@?$__crt_seh_guarded_call@H@@QAEH$$QAV<lambda_b4329732a1a72698597872ef534ad66d>@@AAV<lambda_96392db5b14a27f72535a2156da24b09>@@$$QAV<lambda_0f47277b42e3e84c3311fed419af0b3c>@@@Z 0048c2d8     libucrtd:output.obj
 0002:0001b2f8       __sehtable$??$?RV<lambda_15ade71b0218206bbe3333a0c9b79046>@@AAV<lambda_da44e0f8b0f19ba52fefafb335991732>@@V<lambda_207f2d024fc103971653565357d6cd41>@@@?$__crt_seh_guarded_call@X@@QAEX$$QAV<lambda_15ade71b0218206bbe3333a0c9b79046>@@AAV<lambda_da44e0f8b0f19ba52fefafb335991732>@@$$QAV<lambda_207f2d024fc103971653565357d6cd41>@@@Z 0048c2f8     libucrtd:per_thread_data.obj
 0002:0001b318       __sehtable$??$?RV<lambda_a7e850c220f1c8d1e6efeecdedd162c6>@@AAV<lambda_46720907175c18b6c9d2717bc0d2d362>@@V<lambda_9048902d66e8d99359bc9897bbb930a8>@@@?$__crt_seh_guarded_call@X@@QAEX$$QAV<lambda_a7e850c220f1c8d1e6efeecdedd162c6>@@AAV<lambda_46720907175c18b6c9d2717bc0d2d362>@@$$QAV<lambda_9048902d66e8d99359bc9897bbb930a8>@@@Z 0048c318     libucrtd:per_thread_data.obj
 0002:0001b338       __sehtable$??$?RV<lambda_eb0e2b1d104b126d27395a74edba6f03>@@AAV<lambda_d51eb34c9f7d53dbc39f6b791b6a3e42>@@V<lambda_f7564ebddb1f0eaf818ab6f3eade8363>@@@?$__crt_seh_guarded_call@X@@QAEX$$QAV<lambda_eb0e2b1d104b126d27395a74edba6f03>@@AAV<lambda_d51eb34c9f7d53dbc39f6b791b6a3e42>@@$$QAV<lambda_f7564ebddb1f0eaf818ab6f3eade8363>@@@Z 0048c338     libucrtd:per_thread_data.obj
 0002:0001b358       __sehtable$??$?RV<lambda_6affb1475c98b40b75cdec977db92e3c>@@AAV<lambda_b8d4b9c228a6ecc3f80208dbb4b4a104>@@V<lambda_608742c3c92a14382c1684fc64f96c88>@@@?$__crt_seh_guarded_call@X@@QAEX$$QAV<lambda_6affb1475c98b40b75cdec977db92e3c>@@AAV<lambda_b8d4b9c228a6ecc3f80208dbb4b4a104>@@$$QAV<lambda_608742c3c92a14382c1684fc64f96c88>@@@Z 0048c358     libucrtd:per_thread_data.obj
 0002:0001b378       __sehtable$?update_thread_multibyte_data_internal@@YAPAU__crt_multibyte_data@@QAU__acrt_ptd@@QAU1@@Z 0048c378     libucrtd:mbctype.obj
 0002:0001b398       __sehtable$??$?RV<lambda_b5fb591949065c3fa449bad279e8c939>@@AAV<lambda_6c10a39a819b864ce80acc26b314dcd3>@@V<lambda_e567670a9eae49807d365f3e9c117712>@@@?$__crt_seh_guarded_call@X@@QAEX$$QAV<lambda_b5fb591949065c3fa449bad279e8c939>@@AAV<lambda_6c10a39a819b864ce80acc26b314dcd3>@@$$QAV<lambda_e567670a9eae49807d365f3e9c117712>@@@Z 0048c398     libucrtd:mbctype.obj
 0002:0001b3b8       __sehtable$__open_osfhandle 0048c3b8     libucrtd:osfinfo.obj
 0002:0001b3d8       __sehtable$__alloc_osfhnd  0048c3d8     libucrtd:osfinfo.obj
 0002:0001b3f8       __sehtable$___acrt_lowio_ensure_fh_exists 0048c3f8     libucrtd:osfinfo.obj
 0002:0001b418       __sehtable$___acrt_initialize_lowio 0048c418     libucrtd:ioinit.obj
 0002:0001b438       __sehtable$___acrt_update_thread_locale_data 0048c438     libucrtd:locale_refcounting.obj
 0002:0001b458       __sehtable$??$?RV<lambda_93797fb4802c957ba6a7f08e1250235b>@@AAV<lambda_1f3ce6bd48e0aa2e72a71c02eee379d3>@@V<lambda_56cae30c9364c9b6c15aeaac05d0418e>@@@?$__crt_seh_guarded_call@H@@QAEH$$QAV<lambda_93797fb4802c957ba6a7f08e1250235b>@@AAV<lambda_1f3ce6bd48e0aa2e72a71c02eee379d3>@@$$QAV<lambda_56cae30c9364c9b6c15aeaac05d0418e>@@@Z 0048c458     libucrtd:winapi_thunks.obj
 0002:0001b478       __sehtable$__query_new_handler 0048c478     libucrtd:new_handler.obj
 0002:0001b498       __sehtable$__set_new_handler 0048c498     libucrtd:new_handler.obj
 0002:0001b4b8       __sehtable$_signal         0048c4b8     libucrtd:signal.obj
 0002:0001b4d8       __sehtable$_raise          0048c4d8     libucrtd:signal.obj
 0002:0001b4f8       __sehtable$?ctrlevent_capture@@YGHK@Z 0048c4f8     libucrtd:signal.obj
 0002:0001b518       __sehtable$??$?RV<lambda_cbab9ec6f41b0180b23cc171c22676b0>@@AAV<lambda_44731a7d0e6d81c3e6aa82d741081786>@@V<lambda_4b292cb8dd18144e164572427af410ab>@@@?$__crt_seh_guarded_call@P6AXH@Z@@QAEP6AXH@Z$$QAV<lambda_cbab9ec6f41b0180b23cc171c22676b0>@@AAV<lambda_44731a7d0e6d81c3e6aa82d741081786>@@$$QAV<lambda_4b292cb8dd18144e164572427af410ab>@@@Z 0048c518     libucrtd:signal.obj
 0002:0001b538       __sehtable$__VCrtDbgReportA 0048c538     libucrtd:dbgrptt.obj
 0002:0001b560       __sehtable$__VCrtDbgReportW 0048c560     libucrtd:dbgrptt.obj
 0002:0001b588       __unwindtable$?fp_format_a@@YAHQBNPADIQADIH_NIQAU__crt_locale_pointers@@@Z 0048c588     libucrtd:cvt.obj
 0002:0001b590       __ehfuncinfo$?fp_format_a@@YAHQBNPADIQADIH_NIQAU__crt_locale_pointers@@@Z 0048c590     libucrtd:cvt.obj
 0002:0001b5b8       __sehtable$_fputwc         0048c5b8     libucrtd:fputwc.obj
 0002:0001b5d8       __sehtable$_fputc          0048c5d8     libucrtd:fputc.obj
 0002:0001b5f4       __unwindtable$?shortsort@@YAXPAD0IP6AHPBX1@Z@Z 0048c5f4     libucrtd:qsort.obj
 0002:0001b5fc       __ehfuncinfo$?shortsort@@YAXPAD0IP6AHPBX1@Z@Z 0048c5fc     libucrtd:qsort.obj
 0002:0001b620       __sehtable$??$?RV<lambda_2866be3712abc81a800a822484c830d8>@@AAV<lambda_39ca0ed439415581b5b15c265174cece>@@V<lambda_2b24c74d71094a6cd0cb82e44167d71b>@@@?$__crt_seh_guarded_call@X@@QAEX$$QAV<lambda_2866be3712abc81a800a822484c830d8>@@AAV<lambda_39ca0ed439415581b5b15c265174cece>@@$$QAV<lambda_2b24c74d71094a6cd0cb82e44167d71b>@@@Z 0048c620     libucrtd:fflush.obj
 0002:0001b640       __sehtable$??$?RV<lambda_2cc53f568c5a2bb6f192f930a45d44ea>@@AAV<lambda_ab61a845afdef5b7c387490eaf3616ee>@@V<lambda_c2ffc0b7726aa6be21d5f0026187e748>@@@?$__crt_seh_guarded_call@X@@QAEX$$QAV<lambda_2cc53f568c5a2bb6f192f930a45d44ea>@@AAV<lambda_ab61a845afdef5b7c387490eaf3616ee>@@$$QAV<lambda_c2ffc0b7726aa6be21d5f0026187e748>@@@Z 0048c640     libucrtd:fflush.obj
 0002:0001b660       __sehtable$??$?RV<lambda_6d20deecaf4856105ebacbad442d1079>@@AAV<lambda_9a32fed5bf61b6b509b2d3f6003082a1>@@V<lambda_63ea2239ed67c638ddbae41947fdf875>@@@?$__crt_seh_guarded_call@H@@QAEH$$QAV<lambda_6d20deecaf4856105ebacbad442d1079>@@AAV<lambda_9a32fed5bf61b6b509b2d3f6003082a1>@@$$QAV<lambda_63ea2239ed67c638ddbae41947fdf875>@@@Z 0048c660     libucrtd:fflush.obj
 0002:0001b680       __sehtable$___set_fpsr_sse2 0048c680     libucrtd:fpctrl.obj
 0002:0001b69c       __unwindtable$?_wcstombs_l_helper@@YAIPADPB_WIPAU__crt_locale_pointers@@@Z 0048c69c     libucrtd:wcstombs.obj
 0002:0001b6a4       __ehfuncinfo$?_wcstombs_l_helper@@YAIPADPB_WIPAU__crt_locale_pointers@@@Z 0048c6a4     libucrtd:wcstombs.obj
 0002:0001b6c8       __sehtable$__fcloseall     0048c6c8     libucrtd:closeall.obj
 0002:0001b6e8       __sehtable$??$?RV<lambda_73934b50d04267ee15484ada9e51f93a>@@AAV<lambda_5533cddd4bda0037814beee657757329>@@V<lambda_505f522a38cc75b1e009910344c75d09>@@@?$__crt_seh_guarded_call@H@@QAEH$$QAV<lambda_73934b50d04267ee15484ada9e51f93a>@@AAV<lambda_5533cddd4bda0037814beee657757329>@@$$QAV<lambda_505f522a38cc75b1e009910344c75d09>@@@Z 0048c6e8     libucrtd:commit.obj
 0002:0001b708       __sehtable$__write         0048c708     libucrtd:write.obj
 0002:0001b728       __sehtable$??$common_lseek@J@@YAJHJH@Z 0048c728     libucrtd:lseek.obj
 0002:0001b748       __sehtable$??$common_lseek@_J@@YA_JH_JH@Z 0048c748     libucrtd:lseek.obj
 0002:0001b768       __sehtable$_fclose         0048c768     libucrtd:fclose.obj
 0002:0001b788       __sehtable$??$?RV<lambda_f828341fbe69b7c0d4c527b01f22877f>@@AAV<lambda_9e0b6ab72a5b3ae37ad997d08b519f50>@@V<lambda_f01deac0a8d65d6e0411edf7e0af5775>@@@?$__crt_seh_guarded_call@G@@QAEG$$QAV<lambda_f828341fbe69b7c0d4c527b01f22877f>@@AAV<lambda_9e0b6ab72a5b3ae37ad997d08b519f50>@@$$QAV<lambda_f01deac0a8d65d6e0411edf7e0af5775>@@@Z 0048c788     libucrtd:putwch.obj
 0002:0001b7a8       __sehtable$??$?RV<lambda_e683defbe2e5a27c42b5544acbb13393>@@AAV<lambda_4e7105787b7b0e0227fbf2b2d883fa65>@@V<lambda_80a887151cae997482d53eaa74bb832b>@@@?$__crt_seh_guarded_call@H@@QAEH$$QAV<lambda_e683defbe2e5a27c42b5544acbb13393>@@AAV<lambda_4e7105787b7b0e0227fbf2b2d883fa65>@@$$QAV<lambda_80a887151cae997482d53eaa74bb832b>@@@Z 0048c7a8     libucrtd:close.obj
 0002:0001b7c8       __sehtable$?__acrt_stdio_allocate_stream@@YA?AV__crt_stdio_stream@@XZ 0048c7c8     libucrtd:stream.obj
 0002:0001b7e8       __sehtable$__IsNonwritableInCurrentImage 0048c7e8     LIBCMTD:pesect.obj
 0002:0001b808       __sehtable$___FrameUnwindToState 0048c808     libvcruntimed:frame.obj
 0002:0001b830       __sehtable$?CallCatchBlock@@YAPAXPAUEHExceptionRecord@@PAUEHRegistrationNode@@PAU_CONTEXT@@PBU_s_FuncInfo@@PAXHK@Z 0048c830     libvcruntimed:frame.obj
 0002:0001b858       __sehtable$___BuildCatchObject 0048c858     libvcruntimed:frame.obj
 0002:0001b878       __sehtable$___DestructExceptionObject 0048c878     libvcruntimed:frame.obj
 0002:0001b894       __catchsym$?CallUnexpected@@YAXPBU_s_ESTypeList@@@Z$2 0048c894     libvcruntimed:frame.obj
 0002:0001b8a4       __unwindtable$?CallUnexpected@@YAXPBU_s_ESTypeList@@@Z 0048c8a4     libvcruntimed:frame.obj
 0002:0001b8b4       __tryblocktable$?CallUnexpected@@YAXPBU_s_ESTypeList@@@Z 0048c8b4     libvcruntimed:frame.obj
 0002:0001b8c8       __ehfuncinfo$?CallUnexpected@@YAXPBU_s_ESTypeList@@@Z 0048c8c8     libvcruntimed:frame.obj
 0002:0001b8f0       __sehtable$___BuildCatchObjectHelper 0048c8f0     libvcruntimed:frame.obj
 0002:0001bba8       .idata$6                   0048cba8     kernel32:KERNEL32.dll
 0002:0001bcac       .idata$6                   0048ccac     user32:USER32.dll
 0002:0001bcee       .idata$6                   0048ccee     ole32:ole32.dll
 0002:0001bcf8       .idata$6                   0048ccf8     oleaut32:OLEAUT32.dll
 0003:00000020       ?__vcrt_flsindex@@3KA      0048e020     libvcruntimed:per_thread_data.obj
 0003:00000040       __ctype_loc_style          0048e040     libucrtd:wsetlocale.obj
 0003:00000044       ?__acrt_current_request_number@@3JA 0048e044     libucrtd:debug_heap.obj
 0003:00000054       ?__acrt_flsindex@@3KA      0048e054     libucrtd:per_thread_data.obj
 0003:00000058       ?errno_no_memory@@3HA      0048e058     libucrtd:errno.obj
 0003:0000005c       ?doserrno_no_memory@@3KA   0048e05c     libucrtd:errno.obj
 0003:00000280       __mbctypes                 0048e280     libucrtd:mbctype.obj
 0003:00000388       __mbcasemaps               0048e388     libucrtd:mbctype.obj
 0003:00000488       ?__rgctypeflag@@3PADA      0048e488     libucrtd:mbctype.obj
 0003:00000490       ?__rgcode_page_info@@3PAUcode_page_info@@A 0048e490     libucrtd:mbctype.obj
 0003:000006e0       ?global_msvcrt_heap_handle_cache@?1??__acrt_get_msvcrt_heap_handle@@9@4PAXA 0048e6e0     libucrtd:free_base.obj
 0003:000006e8       ?__acrt_debug_fill_threshold@@3IA 0048e6e8     libucrtd:debug_fill_threshold.obj
 0003:000007b0       ?__DAZ_ENABLED@?1??__set_fpsr_sse2@@9@9 0048e7b0     libucrtd:fpctrl.obj
 0003:00000a2c       ?pkermit@?1??MainWndProc@@YGJPAUHWND__@@IIJ@Z@4PAUIKermOA@@A 0048ea2c     kermctrl.obj
 0003:00000a30       ?achA@?1??ConvertToAnsi@@YAPADPA_W@Z@4PADA 0048ea30     kermctrl.obj
 0003:00000c28       ?achW@?1??ConvertToUnicode@@YAPA_WPAD@Z@4PA_WA 0048ec28     kermctrl.obj
 0003:00001018       ?module_local_atexit_table@@3U_onexit_table_t@@A 0048f018     LIBCMTD:utility.obj
 0003:00001024       ?module_local_at_quick_exit_table@@3U_onexit_table_t@@A 0048f024     LIBCMTD:utility.obj
 0003:00001030       ?module_local_atexit_table_initialized@@3_NA 0048f030     LIBCMTD:utility.obj
 0003:00001031       ?is_initialized_as_dll@@3_NA 0048f031     LIBCMTD:utility.obj
 0003:00001060       _GS_ExceptionRecord        0048f060     LIBCMTD:gs_report.obj
 0003:000010b0       _GS_ContextRecord          0048f0b0     LIBCMTD:gs_report.obj
 0003:0000137c       ?__vcrt_startup_thread_ptd@@3U__vcrt_ptd@@A 0048f37c     libvcruntimed:per_thread_data.obj
 0003:000013a4       ___vcrt_lock_table         0048f3a4     libvcruntimed:locks.obj
 0003:000013bc       ___vcrt_locks_initialized  0048f3bc     libvcruntimed:locks.obj
 0003:000013c0       ?module_handles@@3PAPAUHINSTANCE__@@A 0048f3c0     libvcruntimed:winapi_downlevel.obj
 0003:000013cc       ?encoded_function_pointers@@3PAPAXA 0048f3cc     libvcruntimed:winapi_downlevel.obj
 0003:0000140c       ?heap@@3V_HeapManager@@A   0048f40c     libvcruntimed:undname.obj
 0003:00001420       ?buf@?1??dbGetString@DName@@QBEPADXZ@4PADA 0048f420     libvcruntimed:undname.obj
 0003:000014a4       ?__acrt_app_type@@3W4_crt_app_type@@A 0048f4a4     libucrtd:report_runtime_error.obj
 0003:000014a8       ?outmsg@?9??__acrt_report_runtime_error@@9@4PA_WA 0048f4a8     libucrtd:report_runtime_error.obj
 0003:00001ad0       ?user_matherr@@3V?$dual_state_global@P6AHPAU_exception@@@Z@__crt_state_management@@A 0048fad0     libucrtd:matherr.obj
 0003:00001ad8       ?program_name@?1???$common_configure_argv@D@@YAHW4_crt_argv_mode@@@Z@4PADA 0048fad8     libucrtd:argv_parsing.obj
 0003:00001be0       ?program_name@?1???$common_configure_argv@_W@@YAHW4_crt_argv_mode@@@Z@4PA_WA 0048fbe0     libucrtd:argv_parsing.obj
 0003:00001dfc       ?empty_string@?1???$common_wincmdln@D@@YAPADXZ@4PADA 0048fdfc     libucrtd:argv_winmain.obj
 0003:00001e00       ?empty_string@?1???$common_wincmdln@_W@@YAPA_WXZ@4PA_WA 0048fe00     libucrtd:argv_winmain.obj
 0003:00001e04       ?c_termination_complete@@3JA 0048fe04     libucrtd:exit.obj
 0003:00001e08       ?thread_local_exit_callback_func@@3P6GXPAXK0@ZA 0048fe08     libucrtd:exit.obj
 0003:00001e14       ?__acrt_global_new_mode@@3V?$dual_state_global@J@__crt_state_management@@A 0048fe14     libucrtd:new_mode.obj
 0003:00001e34       ?__acrt_first_block@@3PAU_CrtMemBlockHeader@@A 0048fe34     libucrtd:debug_heap.obj
 0003:00001e38       ?__acrt_last_block@@3PAU_CrtMemBlockHeader@@A 0048fe38     libucrtd:debug_heap.obj
 0003:00001e3c       ?__acrt_total_allocations@@3IA 0048fe3c     libucrtd:debug_heap.obj
 0003:00001e40       ?__acrt_current_allocations@@3IA 0048fe40     libucrtd:debug_heap.obj
 0003:00001e44       ?__acrt_max_allocations@@3IA 0048fe44     libucrtd:debug_heap.obj
 0003:00001e48       ?__acrt_check_frequency@@3IA 0048fe48     libucrtd:debug_heap.obj
 0003:00001e4c       ?__acrt_check_counter@@3IA 0048fe4c     libucrtd:debug_heap.obj
 0003:00001e54       ?heap_validation_pending@@3_NA 0048fe54     libucrtd:debug_heap.obj
 0003:00001e58       ?__acrt_invalid_parameter_handler@@3V?$dual_state_global@P6AXPB_W00II@Z@__crt_state_management@@A 0048fe58     libucrtd:invalid_parameter.obj
 0003:00001e5c       ___acrt_error_mode         0048fe5c     libucrtd:set_error_mode.obj
 0003:00001e6c       ?fSystemSet@@3HA           0048fe6c     libucrtd:mbctype.obj
 0003:00001e70       ?initialized@?1??__acrt_initialize_multibyte@@9@4_NA 0048fe70     libucrtd:mbctype.obj
 0003:00001e90       ?__acrt_lock_table@@3PAU_RTL_CRITICAL_SECTION@@A 0048fe90     libucrtd:locks.obj
 0003:00001fe0       ?__acrt_locks_initialized@@3IA 0048ffe0     libucrtd:locks.obj
 0003:00001fe4       ?state_cache@?1???$get_cached_win_policy@Ubegin_thread_init_policy_properties@?1??__acrt_get_begin_thread_init_policy@@YA?AW4begin_thread_init_policy@@XZ@@@YA?AW4begin_thread_init_policy@@W4AppPolicyThreadInitializationType@@@Z@4JA 0048ffe4     libucrtd:win_policies.obj
 0003:00001fe8       ?state_cache@?1???$get_cached_win_policy@Udeveloper_information_policy_properties@?1??__acrt_get_developer_information_policy@@YA?AW4developer_information_policy@@XZ@@@YA?AW4developer_information_policy@@W4AppPolicyShowDeveloperDiagnostic@@@Z@4JA 0048ffe8     libucrtd:win_policies.obj
 0003:00001fec       ?state_cache@?1???$get_cached_win_policy@Uwindowing_model_policy_properties@?1??__acrt_get_windowing_model_policy@@YA?AW4windowing_model_policy@@XZ@@@YA?AW4windowing_model_policy@@W4AppPolicyWindowingModel@@@Z@4JA 0048ffec     libucrtd:win_policies.obj
 0003:00002200       ?module_handles@@3PAPAUHINSTANCE__@@A 00490200     libucrtd:winapi_thunks.obj
 0003:00002250       ?encoded_function_pointers@@3PAPAXA 00490250     libucrtd:winapi_thunks.obj
 0003:000022d8       ?static_enum_proc@?1??enum_system_locales_ex_nolock@@YAHQ6GHPA_WKJ@Z@Z@4P6GH0KJ@ZA 004902d8     libucrtd:winapi_thunks.obj
 0003:000022e8       ?__acrt_new_handler@@3V?$dual_state_global@P6AHI@Z@__crt_state_management@@A 004902e8     libucrtd:new_handler.obj
 0003:000022ec       ?console_ctrl_handler_installed@@3_NA 004902ec     libucrtd:signal.obj
 0003:000022f0       ?ctrlc_action@@3V?$dual_state_global@P6AXH@Z@__crt_state_management@@A 004902f0     libucrtd:signal.obj
 0003:000022f4       ?ctrlbreak_action@@3V?$dual_state_global@P6AXH@Z@__crt_state_management@@A 004902f4     libucrtd:signal.obj
 0003:000022f8       ?abort_action@@3V?$dual_state_global@P6AXH@Z@__crt_state_management@@A 004902f8     libucrtd:signal.obj
 0003:000022fc       ?term_action@@3V?$dual_state_global@P6AXH@Z@__crt_state_management@@A 004902fc     libucrtd:signal.obj
 0003:00002320       ?enable_percent_n@@3IA     00490320     libucrtd:printf_count_output.obj
 0003:00002328       __pmatherr_set             00490328     libucrtd:libm_error.obj
 0004:00000160       $R000000                   00491160     kermctrl.res
 0004:00000448       $R0002E8                   00491448     kermctrl.res
 0004:00000460       $R000300                   00491460     kermctrl.res
 0004:00000568       $R000408                   00491568     kermctrl.res
