 kermdec

 Timestamp is 5bdcd622 (Fri Nov  2 15:56:34 2018)

 Preferred load address is 10000000

 Start         Length     Name                   Class
 0001:00000000 00072af0H .text$mn                CODE
 0001:00072af0 000000dbH .text$x                 CODE
 0002:00000000 000001a4H .idata$5                DATA
 0002:000001a4 00000004H .00cfg                  DATA
 0002:000001a8 00000004H .CRT$XCA                DATA
 0002:000001ac 00000004H .CRT$XCZ                DATA
 0002:000001b0 00000004H .CRT$XIA                DATA
 0002:000001b4 0000000cH .CRT$XIC                DATA
 0002:000001c0 00000004H .CRT$XIZ                DATA
 0002:000001c4 00000004H .CRT$XPA                DATA
 0002:000001c8 00000008H .CRT$XPX                DATA
 0002:000001d0 00000004H .CRT$XPXA               DATA
 0002:000001d4 00000004H .CRT$XPZ                DATA
 0002:000001d8 00000004H .CRT$XTA                DATA
 0002:000001dc 00000004H .CRT$XTZ                DATA
 0002:000001e0 00000000H .gfids$y                DATA
 0002:000001e0 0001a430H .rdata                  DATA
 0002:0001a610 000002a0H .rdata$r                DATA
 0002:0001a8b0 00000028H .rdata$sxdata           DATA
 0002:0001a8d8 00000304H .rdata$zzzdbg           DATA
 0002:0001abdc 00000004H .rtc$IAA                DATA
 0002:0001abe0 00000004H .rtc$IZZ                DATA
 0002:0001abe4 00000004H .rtc$TAA                DATA
 0002:0001abe8 00000008H .rtc$TZZ                DATA
 0002:0001abf0 00000b70H .xdata$x                DATA
 0002:0001b760 0000013cH .edata                  DATA
 0002:0001b89c 00000028H .idata$2                DATA
 0002:0001b8c4 00000014H .idata$3                DATA
 0002:0001b8d8 000001a4H .idata$4                DATA
 0002:0001ba7c 00000764H .idata$6                DATA
 0003:00000000 00000dc0H .data                   DATA
 0003:00000dc0 00000110H .data$r                 DATA
 0003:00000ed0 0000139cH .bss                    DATA
 0004:00000000 000001b0H .rsrc$01                DATA
 0004:000001b0 00000868H .rsrc$02                DATA

  Address         Publics by Value              Rva+Base       Lib:Object

 0000:00000000       ___guard_longjmp_count     00000000     <absolute>
 0000:00000000       __except_list              00000000     <absolute>
 0000:00000000       ___guard_fids_count        00000000     <absolute>
 0000:00000000       ___guard_fids_table        00000000     <absolute>
 0000:00000000       ___guard_longjmp_table     00000000     <absolute>
 0000:00000000       ___dynamic_value_reloc_table 00000000     <absolute>
 0000:00000000       ___guard_iat_count         00000000     <absolute>
 0000:00000000       ___guard_iat_table         00000000     <absolute>
 0000:0000000a       ___safe_se_handler_count   0000000a     <absolute>
 0000:00000100       ___guard_flags             00000100     <absolute>
 0000:00000000       ___ImageBase               10000000     <linker-defined>
 0001:00000000       _SetupTerm@4               10001000 f   kermdec.obj
 0001:00000050       _WriteTerm@16              10001050 f   kermdec.obj
 0001:00000160       _OpenTerm@12               10001160 f   kermdec.obj
 0001:00000290       _CloseTerm@4               10001290 f   kermdec.obj
 0001:000002b0       _GetTermConfig@8           100012b0 f   kermdec.obj
 0001:00000310       _ProcessTermChar@8         10001310 f   kermdec.obj
 0001:000003c0       _ProcessTermKey@8          100013c0 f   kermdec.obj
 0001:00000990       _DoKeyMap@8                10001990 f   kermdec.obj
 0001:00000a80       ?WriteTermCharEsc@@YAXD@Z  10001a80 f   kermdec.obj
 0001:00001490       ?WriteTermCharEscSeq@@YAXD@Z 10002490 f   kermdec.obj
 0001:00003070       ?WriteTermCharCtl@@YAXD@Z  10004070 f   kermdec.obj
 0001:00003420       ?WriteTermCharRaw@@YAXD@Z  10004420 f   kermdec.obj
 0001:000035f0       _DllMain@12                100045f0 f   kermdec.obj
 0001:00003610       ?DrawTermDesc@@YAXXZ       10004610 f   kermdec.obj
 0001:000036a0       ?ResetTerm@@YAXXZ          100046a0 f   kermdec.obj
 0001:000039d0       ?WriteTermCharEscVT52@@YAXD@Z 100049d0 f   kermdec.obj
 0001:00003e60       ?WriteDirectCursorSeq@@YAXD@Z 10004e60 f   kermdec.obj
 0001:00003ee0       ?WriteTermCharSelSeq@@YAXD@Z 10004ee0 f   kermdec.obj
 0001:00003fd0       ?WriteTermPoundSeq@@YAXD@Z 10004fd0 f   kermdec.obj
 0001:00004170       ?WriteTermChar@@YAXDH@Z    10005170 f   kermdec.obj
 0001:00004270       ?GetRadioButton@@YAHPAUHWND__@@HH@Z 10005270 f   kermdec.obj
 0001:000042b0       ?AboutDlgProc@@YGHPAUHWND__@@IIJ@Z 100052b0 f   kermdec.obj
 0001:000043b0       ?TermDlgInit@@YAHPAUHWND__@@@Z 100053b0 f   kermdec.obj
 0001:00004440       ?TermDlgTerm@@YAHPAUHWND__@@@Z 10005440 f   kermdec.obj
 0001:000044d0       ?TermDlgProc@@YGHPAUHWND__@@IIJ@Z 100054d0 f   kermdec.obj
 0001:0000459e       _LocalAlloc@8              1000559e f   kernel32:KERNEL32.dll
 0001:000045a4       _LocalLock@4               100055a4 f   kernel32:KERNEL32.dll
 0001:000045aa       _LocalUnlock@4             100055aa f   kernel32:KERNEL32.dll
 0001:000045b0       _LocalFree@4               100055b0 f   kernel32:KERNEL32.dll
 0001:000045b6       _lstrcpyA@8                100055b6 f   kernel32:KERNEL32.dll
 0001:000045bc       _lstrcatA@8                100055bc f   kernel32:KERNEL32.dll
 0001:000045c2       _wsprintfA                 100055c2 f   user32:USER32.dll
 0001:000045c8       _DialogBoxParamA@20        100055c8 f   user32:USER32.dll
 0001:000045ce       _EndDialog@8               100055ce f   user32:USER32.dll
 0001:000045d4       _SetDlgItemTextA@12        100055d4 f   user32:USER32.dll
 0001:000045da       _CheckDlgButton@12         100055da f   user32:USER32.dll
 0001:000045e0       _IsDlgButtonChecked@8      100055e0 f   user32:USER32.dll
 0001:000045e6       _SetPropA@12               100055e6 f   user32:USER32.dll
 0001:000045ec       _GetPropA@8                100055ec f   user32:USER32.dll
 0001:000045f2       _RemovePropA@8             100055f2 f   user32:USER32.dll
 0001:000045f8       _MessageBoxA@16            100055f8 f   user32:USER32.dll
 0001:000045fe       _MessageBeep@4             100055fe f   user32:USER32.dll
 0001:00004604       _SetRect@20                10005604 f   user32:USER32.dll
 0001:00004610       ___raise_securityfailure   10005610 f   LIBCMTD:gs_report.obj
 0001:00004640       ___report_gsfailure        10005640 f   LIBCMTD:gs_report.obj
 0001:00004750       ___report_rangecheckfailure 10005750 f   LIBCMTD:gs_report.obj
 0001:00004760       ___report_securityfailure  10005760 f   LIBCMTD:gs_report.obj
 0001:00004840       ___report_securityfailureEx 10005840 f   LIBCMTD:gs_report.obj
 0001:00004970       @__security_check_cookie@4 10005970 f   LIBCMTD:_secchk_.obj
 0001:00004e30       __CRT_INIT@12              10005e30 f   LIBCMTD:dll_dllmain.obj
 0001:00004e50       __DllMainCRTStartup@12     10005e50 f   LIBCMTD:dll_dllmain.obj
 0001:00004e80       ___security_init_cookie    10005e80 f   LIBCMTD:gs_support.obj
 0001:00004f60       ?__scrt_initialize_type_info@@YAXXZ 10005f60 f   LIBCMTD:tncleanup.obj
 0001:00004f70       ?__scrt_uninitialize_type_info@@YAXXZ 10005f70 f   LIBCMTD:tncleanup.obj
 0001:00004f90       ___local_stdio_printf_options 10005f90 f i LIBCMTD:default_local_stdio_options.obj
 0001:00004fa0       ___local_stdio_scanf_options 10005fa0 f i LIBCMTD:default_local_stdio_options.obj
 0001:00004fb0       ___scrt_initialize_default_local_stdio_options 10005fb0 f   LIBCMTD:default_local_stdio_options.obj
 0001:00004ff0       ??$__crt_fast_decode_pointer@PAP6AXXZ@@YAPAP6AXXZQAP6AXXZ@Z 10005ff0 f i LIBCMTD:utility.obj
 0001:00005020       ??$__crt_fast_encode_pointer@PAP6AXXZ@@YAPAP6AXXZQAP6AXXZ@Z 10006020 f i LIBCMTD:utility.obj
 0001:00005050       ?__crt_rotate_pointer_value@@YAIIH@Z 10006050 f i LIBCMTD:utility.obj
 0001:00005060       ?configure_argv@__scrt_narrow_argv_policy@@SAHXZ 10006060 f i LIBCMTD:utility.obj
 0001:00005180       _NtCurrentTeb              10006180 f i LIBCMTD:utility.obj
 0001:00005190       ___scrt_acquire_startup_lock 10006190 f   LIBCMTD:utility.obj
 0001:000051e0       ___scrt_dllmain_after_initialize_c 100061e0 f   LIBCMTD:utility.obj
 0001:00005210       ___scrt_dllmain_before_initialize_c 10006210 f   LIBCMTD:utility.obj
 0001:00005230       ___scrt_dllmain_crt_thread_attach 10006230 f   LIBCMTD:utility.obj
 0001:00005260       ___scrt_dllmain_crt_thread_detach 10006260 f   LIBCMTD:utility.obj
 0001:00005280       ___scrt_dllmain_exception_filter 10006280 f   LIBCMTD:utility.obj
 0001:000052d0       ___scrt_dllmain_uninitialize_c 100062d0 f   LIBCMTD:utility.obj
 0001:00005300       ___scrt_dllmain_uninitialize_critical 10006300 f   LIBCMTD:utility.obj
 0001:00005320       ___scrt_initialize_crt     10006320 f   LIBCMTD:utility.obj
 0001:00005370       ___scrt_initialize_onexit_tables 10006370 f   LIBCMTD:utility.obj
 0001:00005450       ___scrt_is_nonwritable_in_current_image 10006450 f   LIBCMTD:utility.obj
 0001:00005580       ___scrt_release_startup_lock 10006580 f   LIBCMTD:utility.obj
 0001:000055b0       ___scrt_uninitialize_crt   100065b0 f   LIBCMTD:utility.obj
 0001:000055f0       __onexit                   100065f0 f   LIBCMTD:utility.obj
 0001:00005660       _at_quick_exit             10006660 f   LIBCMTD:utility.obj
 0001:000056b0       _atexit                    100066b0 f   LIBCMTD:utility.obj
 0001:000056e0       ___scrt_get_dyn_tls_init_callback 100066e0 f   LIBCMTD:dyn_tls_init.obj
 0001:000056f0       ___scrt_fastfail           100066f0 f   LIBCMTD:utility_desktop.obj
 0001:00005830       ___scrt_get_show_window_mode 10006830 f   LIBCMTD:utility_desktop.obj
 0001:00005870       ___scrt_initialize_winrt   10006870 f   LIBCMTD:utility_desktop.obj
 0001:00005880       ___scrt_is_managed_app     10006880 f   LIBCMTD:utility_desktop.obj
 0001:00005910       ___scrt_set_unhandled_exception_filter 10006910 f   LIBCMTD:utility_desktop.obj
 0001:00005920       ___scrt_unhandled_exception_filter@4 10006920 f   LIBCMTD:utility_desktop.obj
 0001:00005980       __crt_debugger_hook        10006980 f   LIBCMTD:utility_desktop.obj
 0001:00005990       __RTC_Initialize           10006990 f   LIBCMTD:_initsect_.obj
 0001:000059c0       __RTC_Terminate            100069c0 f   LIBCMTD:_initsect_.obj
 0001:000059f0       @_guard_check_icall@4      100069f0 f i LIBCMTD:checkcfg.obj
 0001:00005a10       ___isa_available_init      10006a10 f   LIBCMTD:_cpu_disp_.obj
 0001:00005cf0       __get_startup_argv_mode    10006cf0 f   LIBCMTD:argv_mode.obj
 0001:00005d00       ___scrt_is_ucrt_dll_in_use 10006d00 f   LIBCMTD:ucrt_detection.obj
 0001:00005d30       @_guard_check_icall_nop@4  10006d30 f i LIBCMTD:guard_support.obj
 0001:00005d40       __guard_icall_checks_enforced 10006d40 f i LIBCMTD:guard_support.obj
 0001:00005d70       _memcpy                    10006d70 f   libvcruntimed:memcpy.obj
 0001:000062f0       _memset                    100072f0 f   libvcruntimed:memset.obj
 0001:000064b0       __except_handler4          100074b0 f   libvcruntimed:_chandler4_.obj
 0001:000066a0       ??$?RD@__crt_internal_free_policy@@QBEXQBD@Z 100076a0 f i libvcruntimed:std_type_info.obj
 0001:000066c0       ??$?RX@__crt_internal_free_policy@@QBEXQBX@Z 100076c0 f i libvcruntimed:std_type_info.obj
 0001:000066e0       ??$__crt_interlocked_compare_exchange_pointer@$$CBDPAD$$T@@YAPBDPDSBDQAD$$T@Z 100076e0 f i libvcruntimed:std_type_info.obj
 0001:00006700       ??$__crt_interlocked_read_pointer@$$CBD@@YAPBDPDSBD@Z 10007700 f i libvcruntimed:std_type_info.obj
 0001:00006720       ??0?$__crt_unique_heap_ptr@DU__crt_internal_free_policy@@@@QAE@QAD@Z 10007720 f i libvcruntimed:std_type_info.obj
 0001:00006740       ??0?$__crt_unique_heap_ptr@XU__crt_internal_free_policy@@@@QAE@QAX@Z 10007740 f i libvcruntimed:std_type_info.obj
 0001:00006760       ??1?$__crt_unique_heap_ptr@DU__crt_internal_free_policy@@@@QAE@XZ 10007760 f i libvcruntimed:std_type_info.obj
 0001:00006780       ??1?$__crt_unique_heap_ptr@XU__crt_internal_free_policy@@@@QAE@XZ 10007780 f i libvcruntimed:std_type_info.obj
 0001:000067c0       ??B?$__crt_unique_heap_ptr@DU__crt_internal_free_policy@@@@QBE_NXZ 100077c0 f i libvcruntimed:std_type_info.obj
 0001:000067e0       ??B?$__crt_unique_heap_ptr@XU__crt_internal_free_policy@@@@QBE_NXZ 100077e0 f i libvcruntimed:std_type_info.obj
 0001:00006850       ?__crt_interlocked_read_32@@YAHPDH@Z 10007850 f i libvcruntimed:std_type_info.obj
 0001:00006870       ?detach@?$__crt_unique_heap_ptr@XU__crt_internal_free_policy@@@@QAEPAXXZ 10007870 f i libvcruntimed:std_type_info.obj
 0001:000068a0       ?get@?$__crt_unique_heap_ptr@DU__crt_internal_free_policy@@@@QBEPADXZ 100078a0 f i libvcruntimed:std_type_info.obj
 0001:000068b0       ?get@?$__crt_unique_heap_ptr@XU__crt_internal_free_policy@@@@QBEPAXXZ 100078b0 f i libvcruntimed:std_type_info.obj
 0001:000068c0       ?is_valid@?$__crt_unique_heap_ptr@DU__crt_internal_free_policy@@@@QBE_NXZ 100078c0 f i libvcruntimed:std_type_info.obj
 0001:000068f0       ?is_valid@?$__crt_unique_heap_ptr@XU__crt_internal_free_policy@@@@QBE_NXZ 100078f0 f i libvcruntimed:std_type_info.obj
 0001:00006920       ?release@?$__crt_unique_heap_ptr@DU__crt_internal_free_policy@@@@QAEXXZ 10007920 f i libvcruntimed:std_type_info.obj
 0001:00006950       ?release@?$__crt_unique_heap_ptr@XU__crt_internal_free_policy@@@@QAEXXZ 10007950 f i libvcruntimed:std_type_info.obj
 0001:00006980       ___std_type_info_compare   10007980 f   libvcruntimed:std_type_info.obj
 0001:000069b0       ___std_type_info_destroy_list 100079b0 f   libvcruntimed:std_type_info.obj
 0001:000069f0       ___std_type_info_hash      100079f0 f   libvcruntimed:std_type_info.obj
 0001:00006a50       ___std_type_info_name      10007a50 f   libvcruntimed:std_type_info.obj
 0001:00006c30       ___vcrt_initialize         10007c30 f   libvcruntimed:initialization.obj
 0001:00006c70       ___vcrt_thread_attach      10007c70 f   libvcruntimed:initialization.obj
 0001:00006c90       ___vcrt_thread_detach      10007c90 f   libvcruntimed:initialization.obj
 0001:00006cb0       ___vcrt_uninitialize       10007cb0 f   libvcruntimed:initialization.obj
 0001:00006cd0       ___vcrt_uninitialize_critical 10007cd0 f   libvcruntimed:initialization.obj
 0001:00006cf0       __local_unwind4            10007cf0 f   libvcruntimed:_exsup4_.obj
 0001:00006dc6       __seh_longjmp_unwind4@4    10007dc6 f   libvcruntimed:_exsup4_.obj
 0001:00006dee       @_EH4_CallFilterFunc@8     10007dee f   libvcruntimed:_exsup4_.obj
 0001:00006e05       @_EH4_TransferToHandler@8  10007e05 f   libvcruntimed:_exsup4_.obj
 0001:00006e1e       @_EH4_GlobalUnwind2@8      10007e1e f   libvcruntimed:_exsup4_.obj
 0001:00006e37       @_EH4_LocalUnwind@16       10007e37 f   libvcruntimed:_exsup4_.obj
 0001:00006e50       _ReadNoFence               10007e50 f i libvcruntimed:jbcxrval.obj
 0001:00006e70       _ReadPointerNoFence        10007e70 f i libvcruntimed:jbcxrval.obj
 0001:00006e90       ___except_validate_context_record 10007e90 f   libvcruntimed:jbcxrval.obj
 0001:00006ee0       ___except_validate_jump_buffer 10007ee0 f   libvcruntimed:jbcxrval.obj
 0001:00006f30       ??$__vcrt_va_start_verify_argument_type@QBD@@YAXXZ 10007f30 f i libvcruntimed:undname.obj
 0001:00006f40       ??0Block@_HeapManager@@QAE@XZ 10007f40 f i libvcruntimed:undname.obj
 0001:00006f60       ??0DName@@QAE@AAPBDD@Z     10007f60 f   libvcruntimed:undname.obj
 0001:00007190       ??0DName@@QAE@ABV0@@Z      10008190 f i libvcruntimed:undname.obj
 0001:000071c0       ??0DName@@QAE@D@Z          100081c0 f   libvcruntimed:undname.obj
 0001:00007200       ??0DName@@QAE@PAV0@@Z      10008200 f   libvcruntimed:undname.obj
 0001:000072b0       ??0DName@@QAE@PBD@Z        100082b0 f   libvcruntimed:undname.obj
 0001:00007300       ??0DName@@QAE@W4DNameStatus@@@Z 10008300 f   libvcruntimed:undname.obj
 0001:000073a0       ??0DName@@QAE@XZ           100083a0 f i libvcruntimed:undname.obj
 0001:000073d0       ??0DName@@QAE@_J@Z         100083d0 f   libvcruntimed:undname.obj
 0001:000074c0       ??0DName@@QAE@_K@Z         100084c0 f   libvcruntimed:undname.obj
 0001:00007570       ??0DNameNode@@IAE@XZ       10008570 f   libvcruntimed:undname.obj
 0001:00007590       ??0DNameStatusNode@@AAE@W4DNameStatus@@@Z 10008590 f   libvcruntimed:undname.obj
 0001:000075e0       ??0Replicator@@QAE@XZ      100085e0 f i libvcruntimed:undname.obj
 0001:00007600       ??0UnDecorator@@QAE@PADPBDHP6APADJ@ZK@Z 10008600 f i libvcruntimed:undname.obj
 0001:000076a0       ??0charNode@@QAE@D@Z       100086a0 f   libvcruntimed:undname.obj
 0001:000076d0       ??0pDNameNode@@QAE@PAVDName@@@Z 100086d0 f   libvcruntimed:undname.obj
 0001:00007730       ??0pairNode@@QAE@PAVDNameNode@@0@Z 10008730 f   libvcruntimed:undname.obj
 0001:00007770       ??0pcharNode@@QAE@PBDH@Z   10008770 f   libvcruntimed:undname.obj
 0001:00007810       ??2@YAPAXIAAV_HeapManager@@H@Z 10008810 f i libvcruntimed:undname.obj
 0001:00007830       ??4DName@@QAEAAV0@ABV0@@Z  10008830 f   libvcruntimed:undname.obj
 0001:00007860       ??4DName@@QAEAAV0@D@Z      10008860 f i libvcruntimed:undname.obj
 0001:000078a0       ??4DName@@QAEAAV0@PAV0@@Z  100088a0 f   libvcruntimed:undname.obj
 0001:00007940       ??4DName@@QAEAAV0@PBD@Z    10008940 f   libvcruntimed:undname.obj
 0001:00007980       ??4DName@@QAEAAV0@W4DNameStatus@@@Z 10008980 f   libvcruntimed:undname.obj
 0001:00007a00       ??AReplicator@@QBE?AVDName@@H@Z 10008a00 f   libvcruntimed:undname.obj
 0001:00007a70       ??BUnDecorator@@QAEPADXZ   10008a70 f i libvcruntimed:undname.obj
 0001:00007d20       ??H@YA?AVDName@@DABV0@@Z   10008d20 f i libvcruntimed:undname.obj
 0001:00007d50       ??H@YA?AVDName@@PBDABV0@@Z 10008d50 f i libvcruntimed:undname.obj
 0001:00007d80       ??H@YA?AVDName@@W4DNameStatus@@ABV0@@Z 10008d80 f i libvcruntimed:undname.obj
 0001:00007db0       ??HDName@@QBE?AV0@ABV0@@Z  10008db0 f   libvcruntimed:undname.obj
 0001:00007df0       ??HDName@@QBE?AV0@D@Z      10008df0 f   libvcruntimed:undname.obj
 0001:00007e30       ??HDName@@QBE?AV0@PAV0@@Z  10008e30 f   libvcruntimed:undname.obj
 0001:00007e70       ??HDName@@QBE?AV0@PBD@Z    10008e70 f   libvcruntimed:undname.obj
 0001:00007eb0       ??HDName@@QBE?AV0@W4DNameStatus@@@Z 10008eb0 f   libvcruntimed:undname.obj
 0001:00007ef0       ??YDName@@QAEAAV0@ABV0@@Z  10008ef0 f   libvcruntimed:undname.obj
 0001:00007f60       ??YDName@@QAEAAV0@D@Z      10008f60 f   libvcruntimed:undname.obj
 0001:00007fe0       ??YDName@@QAEAAV0@PAV0@@Z  10008fe0 f   libvcruntimed:undname.obj
 0001:00008090       ??YDName@@QAEAAV0@PBD@Z    10009090 f   libvcruntimed:undname.obj
 0001:00008130       ??YDName@@QAEAAV0@W4DNameStatus@@@Z 10009130 f   libvcruntimed:undname.obj
 0001:00008190       ??YReplicator@@QAEAAV0@ABVDName@@@Z 10009190 f   libvcruntimed:undname.obj
 0001:00008220       ??_5DName@@QAEAAV0@ABV0@@Z 10009220 f   libvcruntimed:undname.obj
 0001:00008280       ?Constructor@_HeapManager@@QAEXP6APAXI@ZP6AXPAX@Z@Z 10009280 f i libvcruntimed:undname.obj
 0001:000082c0       ?Destructor@_HeapManager@@QAEXXZ 100092c0 f i libvcruntimed:undname.obj
 0001:00008320       ?UScore@UnDecorator@@SAPBDW4Tokens@@@Z 10009320 f   libvcruntimed:undname.obj
 0001:00008350       ?append@DName@@AAEXPAVDNameNode@@@Z 10009350 f   libvcruntimed:undname.obj
 0001:000083e0       ?composeDeclaration@UnDecorator@@CA?AVDName@@ABV2@@Z 100093e0 f i libvcruntimed:undname.obj
 0001:0000a070       ?dbGetString@DName@@QBEPADXZ 1000b070 f   libvcruntimed:undname.obj
 0001:0000a090       ?doAccessSpecifiers@UnDecorator@@SAHXZ 1000b090 f i libvcruntimed:undname.obj
 0001:0000a0c0       ?doAllocationLanguage@UnDecorator@@SAHXZ 1000b0c0 f i libvcruntimed:undname.obj
 0001:0000a0f0       ?doAllocationModel@UnDecorator@@SAHXZ 1000b0f0 f i libvcruntimed:undname.obj
 0001:0000a120       ?doEcsu@UnDecorator@@SAHXZ 1000b120 f i libvcruntimed:undname.obj
 0001:0000a150       ?doEllipsis@UnDecorator@@SAHXZ 1000b150 f i libvcruntimed:undname.obj
 0001:0000a180       ?doFunctionReturns@UnDecorator@@SAHXZ 1000b180 f i libvcruntimed:undname.obj
 0001:0000a1b0       ?doMSKeywords@UnDecorator@@SAHXZ 1000b1b0 f i libvcruntimed:undname.obj
 0001:0000a1e0       ?doMemberTypes@UnDecorator@@SAHXZ 1000b1e0 f i libvcruntimed:undname.obj
 0001:0000a210       ?doNameOnly@UnDecorator@@SAHXZ 1000b210 f i libvcruntimed:undname.obj
 0001:0000a220       ?doNoIdentCharCheck@UnDecorator@@SAHXZ 1000b220 f i libvcruntimed:undname.obj
 0001:0000a230       ?doPchar@DName@@AAEXPBDH@Z 1000b230 f   libvcruntimed:undname.obj
 0001:0000a370       ?doPtr64@UnDecorator@@SAHXZ 1000b370 f i libvcruntimed:undname.obj
 0001:0000a3a0       ?doRestrictionSpec@UnDecorator@@SAHXZ 1000b3a0 f i libvcruntimed:undname.obj
 0001:0000a3d0       ?doThisTypes@UnDecorator@@SAHXZ 1000b3d0 f i libvcruntimed:undname.obj
 0001:0000a400       ?doThrowTypes@UnDecorator@@SAHXZ 1000b400 f i libvcruntimed:undname.obj
 0001:0000a430       ?doTypeOnly@UnDecorator@@SAHXZ 1000b430 f i libvcruntimed:undname.obj
 0001:0000a440       ?doUnderScore@UnDecorator@@SAHXZ 1000b440 f i libvcruntimed:undname.obj
 0001:0000a470       ?getArgumentList@UnDecorator@@CA?AVDName@@XZ 1000b470 f   libvcruntimed:undname.obj
 0001:0000a5c0       ?getArgumentTypes@UnDecorator@@CA?AVDName@@XZ 1000b5c0 f   libvcruntimed:undname.obj
 0001:0000a720       ?getArrayType@UnDecorator@@CA?AVDName@@ABV2@@Z 1000b720 f i libvcruntimed:undname.obj
 0001:0000a960       ?getBasedType@UnDecorator@@CA?AVDName@@XZ 1000b960 f   libvcruntimed:undname.obj
 0001:0000aa20       ?getBasicDataType@UnDecorator@@CA?AVDName@@ABV2@@Z 1000ba20 f   libvcruntimed:undname.obj
 0001:0000b010       ?getCallIndex@UnDecorator@@CA?AVDName@@XZ 1000c010 f i libvcruntimed:undname.obj
 0001:0000b030       ?getCallingConvention@UnDecorator@@CA?AVDName@@XZ 1000c030 f   libvcruntimed:undname.obj
 0001:0000b1c0       ?getDataIndirectType@UnDecorator@@CA?AVDName@@ABV2@PBD0H@Z 1000c1c0 f   libvcruntimed:undname.obj
 0001:0000b980       ?getDataIndirectType@UnDecorator@@CA?AVDName@@XZ 1000c980 f i libvcruntimed:undname.obj
 0001:0000b9c0       ?getDataType@UnDecorator@@CA?AVDName@@PAV2@@Z 1000c9c0 f   libvcruntimed:undname.obj
 0001:0000bae0       ?getDecoratedName@UnDecorator@@CA?AVDName@@XZ 1000cae0 f   libvcruntimed:undname.obj
 0001:0000be00       ?getDimension@UnDecorator@@CA?AVDName@@_N@Z 1000ce00 f   libvcruntimed:undname.obj
 0001:0000c0b0       ?getDispatchTarget@UnDecorator@@CA?AVDName@@XZ 1000d0b0 f   libvcruntimed:undname.obj
 0001:0000c150       ?getDisplacement@UnDecorator@@CA?AVDName@@XZ 1000d150 f i libvcruntimed:undname.obj
 0001:0000c170       ?getECSUDataType@UnDecorator@@CA?AVDName@@XZ 1000d170 f   libvcruntimed:undname.obj
 0001:0000c340       ?getECSUName@UnDecorator@@CA?AVDName@@XZ 1000d340 f i libvcruntimed:undname.obj
 0001:0000c360       ?getEnumType@UnDecorator@@CA?AVDName@@XZ 1000d360 f i libvcruntimed:undname.obj
 0001:0000c4b0       ?getExtendedDataIndirectType@UnDecorator@@CA?AVDName@@AAPBDAA_NH@Z 1000d4b0 f   libvcruntimed:undname.obj
 0001:0000c700       ?getExternalDataType@UnDecorator@@CA?AVDName@@ABV2@@Z 1000d700 f i libvcruntimed:undname.obj
 0001:0000c790       ?getFunctionIndirectType@UnDecorator@@CA?AVDName@@ABV2@@Z 1000d790 f   libvcruntimed:undname.obj
 0001:0000cc20       ?getGuardNumber@UnDecorator@@CA?AVDName@@XZ 1000dc20 f i libvcruntimed:undname.obj
 0001:0000cc40       ?getLastChar@DName@@QBEDXZ 1000dc40 f i libvcruntimed:undname.obj
 0001:0000cc80       ?getLastChar@DNameStatusNode@@UBEDXZ 1000dc80 f i libvcruntimed:undname.obj
 0001:0000ccb0       ?getLastChar@charNode@@UBEDXZ 1000dcb0 f i libvcruntimed:undname.obj
 0001:0000ccd0       ?getLastChar@pDNameNode@@UBEDXZ 1000dcd0 f i libvcruntimed:undname.obj
 0001:0000cd00       ?getLastChar@pairNode@@UBEDXZ 1000dd00 f i libvcruntimed:undname.obj
 0001:0000cd70       ?getLastChar@pcharNode@@UBEDXZ 1000dd70 f i libvcruntimed:undname.obj
 0001:0000cdb0       ?getLexicalFrame@UnDecorator@@CA?AVDName@@XZ 1000ddb0 f i libvcruntimed:undname.obj
 0001:0000cdf0       ?getMemory@_HeapManager@@QAEPAXIH@Z 1000ddf0 f   libvcruntimed:undname.obj
 0001:0000cf10       ?getNumberOfDimensions@UnDecorator@@CAHXZ 1000df10 f   libvcruntimed:undname.obj
 0001:0000d010       ?getOperatorName@UnDecorator@@CA?AVDName@@_NPA_N@Z 1000e010 f i libvcruntimed:undname.obj
 0001:0000da40       ?getPointerType@UnDecorator@@CA?AVDName@@ABV2@0@Z 1000ea40 f i libvcruntimed:undname.obj
 0001:0000da70       ?getPointerTypeArray@UnDecorator@@CA?AVDName@@ABV2@0@Z 1000ea70 f i libvcruntimed:undname.obj
 0001:0000daa0       ?getPrimaryDataType@UnDecorator@@CA?AVDName@@ABV2@@Z 1000eaa0 f   libvcruntimed:undname.obj
 0001:0000dea0       ?getPtrRefDataType@UnDecorator@@CA?AVDName@@ABV2@H@Z 1000eea0 f   libvcruntimed:undname.obj
 0001:0000e0d0       ?getPtrRefType@UnDecorator@@CA?AVDName@@ABV2@0PBD@Z 1000f0d0 f   libvcruntimed:undname.obj
 0001:0000e240       ?getReferenceType@UnDecorator@@CA?AVDName@@ABV2@0PBD@Z 1000f240 f i libvcruntimed:undname.obj
 0001:0000e260       ?getRestrictionSpec@UnDecorator@@CA?AVDName@@XZ 1000f260 f   libvcruntimed:undname.obj
 0001:0000e3b0       ?getReturnType@UnDecorator@@CA?AVDName@@PAV2@@Z 1000f3b0 f   libvcruntimed:undname.obj
 0001:0000e400       ?getScope@UnDecorator@@CA?AVDName@@XZ 1000f400 f   libvcruntimed:undname.obj
 0001:0000e8f0       ?getScopedName@UnDecorator@@CA?AVDName@@XZ 1000f8f0 f   libvcruntimed:undname.obj
 0001:0000ea10       ?getSignedDimension@UnDecorator@@CA?AVDName@@XZ 1000fa10 f   libvcruntimed:undname.obj
 0001:0000ea90       ?getStorageConvention@UnDecorator@@CA?AVDName@@XZ 1000fa90 f i libvcruntimed:undname.obj
 0001:0000eab0       ?getString@DName@@QBEPADPAD0@Z 1000fab0 f i libvcruntimed:undname.obj
 0001:0000eb00       ?getString@DName@@QBEPADPADH@Z 1000fb00 f i libvcruntimed:undname.obj
 0001:0000eb90       ?getString@DNameStatusNode@@UBEPADPAD0@Z 1000fb90 f i libvcruntimed:undname.obj
 0001:0000ebd0       ?getString@charNode@@UBEPADPAD0@Z 1000fbd0 f i libvcruntimed:undname.obj
 0001:0000ec00       ?getString@pDNameNode@@UBEPADPAD0@Z 1000fc00 f i libvcruntimed:undname.obj
 0001:0000ec40       ?getString@pairNode@@UBEPADPAD0@Z 1000fc40 f i libvcruntimed:undname.obj
 0001:0000ecc0       ?getString@pcharNode@@UBEPADPAD0@Z 1000fcc0 f i libvcruntimed:undname.obj
 0001:0000ecf0       ?getStringEncoding@UnDecorator@@CA?AVDName@@PBDH@Z 1000fcf0 f   libvcruntimed:undname.obj
 0001:0000ee00       ?getStringHelper@@YAPADPADPBD1H@Z 1000fe00 f i libvcruntimed:undname.obj
 0001:0000ee40       ?getSymbolName@UnDecorator@@CA?AVDName@@XZ 1000fe40 f i libvcruntimed:undname.obj
 0001:0000eed0       ?getTemplateArgumentList@UnDecorator@@CA?AVDName@@XZ 1000fed0 f   libvcruntimed:undname.obj
 0001:0000f2c0       ?getTemplateConstant@UnDecorator@@CA?AVDName@@XZ 100102c0 f   libvcruntimed:undname.obj
 0001:0000f870       ?getTemplateName@UnDecorator@@CA?AVDName@@_N@Z 10010870 f   libvcruntimed:undname.obj
 0001:0000fa40       ?getThisType@UnDecorator@@CA?AVDName@@XZ 10010a40 f i libvcruntimed:undname.obj
 0001:0000fa80       ?getThrowTypes@UnDecorator@@CA?AVDName@@XZ 10010a80 f   libvcruntimed:undname.obj
 0001:0000fb30       ?getTypeEncoding@UnDecorator@@CAHXZ 10010b30 f i libvcruntimed:undname.obj
 0001:00010570       ?getVCallThunkType@UnDecorator@@CA?AVDName@@XZ 10011570 f i libvcruntimed:undname.obj
 0001:000105d0       ?getVbTableType@UnDecorator@@CA?AVDName@@ABV2@@Z 100115d0 f i libvcruntimed:undname.obj
 0001:000105f0       ?getVdispMapType@UnDecorator@@CA?AVDName@@ABV2@@Z 100115f0 f i libvcruntimed:undname.obj
 0001:00010660       ?getVfTableType@UnDecorator@@CA?AVDName@@ABV2@@Z 10011660 f i libvcruntimed:undname.obj
 0001:00010820       ?getZName@UnDecorator@@CA?AVDName@@_N0@Z 10011820 f   libvcruntimed:undname.obj
 0001:00010af0       ?haveTemplateParameters@UnDecorator@@SAHXZ 10011af0 f i libvcruntimed:undname.obj
 0001:00010b00       ?isArray@DName@@QBEHXZ     10011b00 f i libvcruntimed:undname.obj
 0001:00010b20       ?isComArray@DName@@QBEHXZ  10011b20 f i libvcruntimed:undname.obj
 0001:00010b40       ?isEmpty@DName@@QBEHXZ     10011b40 f i libvcruntimed:undname.obj
 0001:00010b70       ?isFull@Replicator@@QBEHXZ 10011b70 f i libvcruntimed:undname.obj
 0001:00010ba0       ?isNoTE@DName@@QBEHXZ      10011ba0 f i libvcruntimed:undname.obj
 0001:00010bc0       ?isPinPtr@DName@@QBEHXZ    10011bc0 f i libvcruntimed:undname.obj
 0001:00010be0       ?isPtrRef@DName@@QBEHXZ    10011be0 f i libvcruntimed:undname.obj
 0001:00010c00       ?isUDC@DName@@QBEHXZ       10011c00 f i libvcruntimed:undname.obj
 0001:00010c40       ?isUDTThunk@DName@@QBEHXZ  10011c40 f i libvcruntimed:undname.obj
 0001:00010c80       ?isVCallThunk@DName@@QBEHXZ 10011c80 f i libvcruntimed:undname.obj
 0001:00010ca0       ?isValid@DName@@QBEHXZ     10011ca0 f i libvcruntimed:undname.obj
 0001:00010ce0       ?length@DName@@QBEHXZ      10011ce0 f i libvcruntimed:undname.obj
 0001:00010d20       ?length@DNameStatusNode@@UBEHXZ 10011d20 f i libvcruntimed:undname.obj
 0001:00010d40       ?length@charNode@@UBEHXZ   10011d40 f i libvcruntimed:undname.obj
 0001:00010d50       ?length@pDNameNode@@UBEHXZ 10011d50 f i libvcruntimed:undname.obj
 0001:00010d80       ?length@pairNode@@UBEHXZ   10011d80 f i libvcruntimed:undname.obj
 0001:00010df0       ?length@pcharNode@@UBEHXZ  10011df0 f i libvcruntimed:undname.obj
 0001:00010e10       ?make@DNameStatusNode@@SAPAV1@W4DNameStatus@@@Z 10011e10 f i libvcruntimed:undname.obj
 0001:00010e90       ?setIsArray@DName@@QAEXXZ  10011e90 f i libvcruntimed:undname.obj
 0001:00010eb0       ?setIsComArray@DName@@QAEXXZ 10011eb0 f i libvcruntimed:undname.obj
 0001:00010ed0       ?setIsNoTE@DName@@QAEXXZ   10011ed0 f i libvcruntimed:undname.obj
 0001:00010ef0       ?setIsPinPtr@DName@@QAEXXZ 10011ef0 f i libvcruntimed:undname.obj
 0001:00010f10       ?setIsUDC@DName@@QAEXXZ    10011f10 f i libvcruntimed:undname.obj
 0001:00010f40       ?setIsVCallThunk@DName@@QAEXXZ 10011f40 f i libvcruntimed:undname.obj
 0001:00010f60       ?setPtrRef@DName@@QAEAAV1@XZ 10011f60 f i libvcruntimed:undname.obj
 0001:00010f80       ?status@DName@@QBE?AW4DNameStatus@@XZ 10011f80 f i libvcruntimed:undname.obj
 0001:00011080       ___unDName                 10012080 f   libvcruntimed:undname.obj
 0001:00011150       ___unDNameEx               10012150 f   libvcruntimed:undname.obj
 0001:00011220       __vsprintf_s_l             10012220 f i libvcruntimed:undname.obj
 0001:00011270       _sprintf_s                 10012270 f i libvcruntimed:undname.obj
 0001:000112b0       ??$?RU__vcrt_ptd@@@__crt_internal_free_policy@@QBEXQBU__vcrt_ptd@@@Z 100122b0 f i libvcruntimed:per_thread_data.obj
 0001:000112d0       ??0?$__crt_unique_heap_ptr@U__vcrt_ptd@@U__crt_internal_free_policy@@@@QAE@QAU__vcrt_ptd@@@Z 100122d0 f i libvcruntimed:per_thread_data.obj
 0001:00011310       ??1?$__crt_unique_heap_ptr@U__vcrt_ptd@@U__crt_internal_free_policy@@@@QAE@XZ 10012310 f i libvcruntimed:per_thread_data.obj
 0001:00011350       ??B?$__crt_unique_heap_ptr@U__vcrt_ptd@@U__crt_internal_free_policy@@@@QBE_NXZ 10012350 f i libvcruntimed:per_thread_data.obj
 0001:00011370       ?detach@?$__crt_unique_heap_ptr@U__vcrt_ptd@@U__crt_internal_free_policy@@@@QAEPAU__vcrt_ptd@@XZ 10012370 f i libvcruntimed:per_thread_data.obj
 0001:000113a0       ?get@?$__crt_unique_heap_ptr@U__vcrt_ptd@@U__crt_internal_free_policy@@@@QBEPAU__vcrt_ptd@@XZ 100123a0 f i libvcruntimed:per_thread_data.obj
 0001:000113b0       ?is_valid@?$__crt_unique_heap_ptr@U__vcrt_ptd@@U__crt_internal_free_policy@@@@QBE_NXZ 100123b0 f i libvcruntimed:per_thread_data.obj
 0001:000113e0       ?release@?$__crt_unique_heap_ptr@U__vcrt_ptd@@U__crt_internal_free_policy@@@@QAEXXZ 100123e0 f i libvcruntimed:per_thread_data.obj
 0001:00011440       ___vcrt_freefls@4          10012440 f   libvcruntimed:per_thread_data.obj
 0001:00011470       ___vcrt_freeptd            10012470 f   libvcruntimed:per_thread_data.obj
 0001:000114d0       ___vcrt_getptd             100124d0 f   libvcruntimed:per_thread_data.obj
 0001:000114f0       ___vcrt_getptd_noexit      100124f0 f   libvcruntimed:per_thread_data.obj
 0001:00011650       ___vcrt_getptd_noinit      10012650 f   libvcruntimed:per_thread_data.obj
 0001:000116b0       ___vcrt_initialize_ptd     100126b0 f   libvcruntimed:per_thread_data.obj
 0001:00011700       ___vcrt_uninitialize_ptd   10012700 f   libvcruntimed:per_thread_data.obj
 0001:00011730       ___vcrt_initialize_locks   10012730 f   libvcruntimed:locks.obj
 0001:00011790       ___vcrt_lock               10012790 f   libvcruntimed:locks.obj
 0001:000117b0       ___vcrt_uninitialize_locks 100127b0 f   libvcruntimed:locks.obj
 0001:00011800       ___vcrt_unlock             10012800 f   libvcruntimed:locks.obj
 0001:00011820       ??$?BX@__crt_fast_encoded_nullptr_t@@QBEPAXXZ 10012820 f i libvcruntimed:winapi_downlevel.obj
 0001:00011840       ??$__crt_fast_decode_pointer@PAX@@YAPAXQAX@Z 10012840 f i libvcruntimed:winapi_downlevel.obj
 0001:00011870       ??$__crt_fast_encode_pointer@PAX@@YAPAXQAX@Z 10012870 f i libvcruntimed:winapi_downlevel.obj
 0001:000118a0       ??$__crt_interlocked_exchange_pointer@UHINSTANCE__@@PAU1@@@YAPAUHINSTANCE__@@PDSAU0@QAU0@@Z 100128a0 f i libvcruntimed:winapi_downlevel.obj
 0001:000118b0       ??$__crt_interlocked_exchange_pointer@UHINSTANCE__@@PAX@@YAPAUHINSTANCE__@@PDSAU0@QAX@Z 100128b0 f i libvcruntimed:winapi_downlevel.obj
 0001:000118c0       ??$__crt_interlocked_exchange_pointer@XPAX@@YAPAXPDSAXQAX@Z 100128c0 f i libvcruntimed:winapi_downlevel.obj
 0001:000118d0       ??$__crt_interlocked_read_pointer@UHINSTANCE__@@@@YAPAUHINSTANCE__@@PDSAU0@@Z 100128d0 f i libvcruntimed:winapi_downlevel.obj
 0001:000118f0       ??$__crt_interlocked_read_pointer@X@@YAPAXPDSAX@Z 100128f0 f i libvcruntimed:winapi_downlevel.obj
 0001:00011910       ?__crt_fast_encode_pointer@@YA?AU__crt_fast_encoded_nullptr_t@@$$T@Z 10012910 f i libvcruntimed:winapi_downlevel.obj
 0001:00011d10       ___vcrt_FlsAlloc           10012d10 f   libvcruntimed:winapi_downlevel.obj
 0001:00011d50       ___vcrt_FlsFree            10012d50 f   libvcruntimed:winapi_downlevel.obj
 0001:00011d90       ___vcrt_FlsGetValue        10012d90 f   libvcruntimed:winapi_downlevel.obj
 0001:00011dd0       ___vcrt_FlsSetValue        10012dd0 f   libvcruntimed:winapi_downlevel.obj
 0001:00011e20       ___vcrt_InitializeCriticalSectionEx 10012e20 f   libvcruntimed:winapi_downlevel.obj
 0001:00011e70       ___vcrt_initialize_winapi_thunks 10012e70 f   libvcruntimed:winapi_downlevel.obj
 0001:00011ed0       ___vcrt_uninitialize_winapi_thunks 10012ed0 f   libvcruntimed:winapi_downlevel.obj
 0001:00011f40       ??$?B$$A6AXXZ@__crt_fast_encoded_nullptr_t@@QBEP6AXXZXZ 10012f40 f i libvcruntimed:purevirt_data.obj
 0001:00011f60       ??$__crt_fast_encode_pointer@P6AXXZ@@YAP6AXXZQ6AXXZ@Z 10012f60 f i libvcruntimed:purevirt_data.obj
 0001:00011f90       ___vcrt_initialize_pure_virtual_call_handler 10012f90 f   libvcruntimed:purevirt_data.obj
 0001:00011fc0       __global_unwind2           10012fc0 f   libvcruntimed:_exsup_.obj
 0001:00012025       __local_unwind2            10013025 f   libvcruntimed:_exsup_.obj
 0001:000120a9       __abnormal_termination     100130a9 f   libvcruntimed:_exsup_.obj
 0001:000120cc       __NLG_Notify1              100130cc f   libvcruntimed:_exsup_.obj
 0001:000120d5       __NLG_Notify               100130d5 f   libvcruntimed:_exsup_.obj
 0001:000120ec       __NLG_Dispatch             100130ec     libvcruntimed:_exsup_.obj
 0001:000120ec       __NLG_Dispatch2            100130ec     libvcruntimed:_exsup_.obj
 0001:000120f4       __NLG_Call                 100130f4 f   libvcruntimed:_exsup_.obj
 0001:000120f6       __NLG_Return2              100130f6     libvcruntimed:_exsup_.obj
 0001:00012100       ??$__crt_fast_decode_pointer@P6AXXZ@@YAP6AXXZQ6AXXZ@Z 10013100 f i libvcruntimed:purevirt.obj
 0001:00012130       ??$__crt_interlocked_exchange_pointer@$$A6AXXZP6AXXZ@@YAP6AXXZPDS6AXXZQ6AXXZ@Z 10013130 f i libvcruntimed:purevirt.obj
 0001:00012140       ??$__crt_interlocked_read_pointer@$$A6AXXZ@@YAP6AXXZPDS6AXXZ@Z 10013140 f i libvcruntimed:purevirt.obj
 0001:00012160       __get_purecall_handler     10013160 f   libvcruntimed:purevirt.obj
 0001:00012180       __purecall                 10013180 f   libvcruntimed:purevirt.obj
 0001:000121b0       __set_purecall_handler     100131b0 f   libvcruntimed:purevirt.obj
 0001:000121e0       ??0_LocaleUpdate@@QAE@QAU__crt_locale_pointers@@@Z 100131e0 f i libucrtd:stricmp.obj
 0001:000122c0       ??1_LocaleUpdate@@QAE@XZ   100132c0 f i libucrtd:stricmp.obj
 0001:00012300       ?GetLocaleT@_LocaleUpdate@@QAEPAU__crt_locale_pointers@@XZ 10013300 f i libucrtd:stricmp.obj
 0001:00012320       ___acrt_locale_changed     10013320 f i libucrtd:stricmp.obj
 0001:00012350       ___ascii_stricmp           10013350 f   libucrtd:stricmp.obj
 0001:000123d0       __stricmp                  100133d0 f   libucrtd:stricmp.obj
 0001:00012510       __stricmp_l                10013510 f   libucrtd:stricmp.obj
 0001:000126f0       _strlen                    100136f0 f   libucrtd:strlen.obj
 0001:00012780       ??$is_overflow_condition@K@__crt_strtox@@YA_NIK@Z 10013780 f i libucrtd:atox.obj
 0001:000127e0       ??$is_overflow_condition@_K@__crt_strtox@@YA_NI_K@Z 100137e0 f i libucrtd:atox.obj
 0001:00012870       ??$make_c_string_character_source@D$$T@__crt_strtox@@YA?AV?$c_string_character_source@D@0@QBD$$T@Z 10013870 f i libucrtd:atox.obj
 0001:00012890       ??$make_c_string_character_source@_W$$T@__crt_strtox@@YA?AV?$c_string_character_source@_W@0@QB_W$$T@Z 10013890 f i libucrtd:atox.obj
 0001:000128b0       ??$parse_integer@KV?$c_string_character_source@D@__crt_strtox@@@__crt_strtox@@YAKQAU__crt_locale_pointers@@V?$c_string_character_source@D@0@H_N@Z 100138b0 f i libucrtd:atox.obj
 0001:00012c20       ??$parse_integer@KV?$c_string_character_source@_W@__crt_strtox@@@__crt_strtox@@YAKQAU__crt_locale_pointers@@V?$c_string_character_source@_W@0@H_N@Z 10013c20 f i libucrtd:atox.obj
 0001:00012fa0       ??$parse_integer@_KV?$c_string_character_source@D@__crt_strtox@@@__crt_strtox@@YA_KQAU__crt_locale_pointers@@V?$c_string_character_source@D@0@H_N@Z 10013fa0 f i libucrtd:atox.obj
 0001:000133c0       ??$parse_integer@_KV?$c_string_character_source@_W@__crt_strtox@@@__crt_strtox@@YA_KQAU__crt_locale_pointers@@V?$c_string_character_source@_W@0@H_N@Z 100143c0 f i libucrtd:atox.obj
 0001:000137f0       ??$parse_integer_from_string@JD$$T@__crt_strtox@@YAJQBD$$THQAU__crt_locale_pointers@@@Z 100147f0 f i libucrtd:atox.obj
 0001:00013830       ??$parse_integer_from_string@J_W$$T@__crt_strtox@@YAJQB_W$$THQAU__crt_locale_pointers@@@Z 10014830 f i libucrtd:atox.obj
 0001:00013870       ??$parse_integer_from_string@_JD$$T@__crt_strtox@@YA_JQBD$$THQAU__crt_locale_pointers@@@Z 10014870 f i libucrtd:atox.obj
 0001:000138b0       ??$parse_integer_from_string@_J_W$$T@__crt_strtox@@YA_JQB_W$$THQAU__crt_locale_pointers@@@Z 100148b0 f i libucrtd:atox.obj
 0001:000138f0       ??0?$c_string_character_source@D@__crt_strtox@@QAE@QBDQAPBD@Z 100148f0 f i libucrtd:atox.obj
 0001:00013930       ??0?$c_string_character_source@_W@__crt_strtox@@QAE@QB_WQAPB_W@Z 10014930 f i libucrtd:atox.obj
 0001:00013970       ??1?$c_string_character_source@D@__crt_strtox@@QAE@XZ 10014970 f i libucrtd:atox.obj
 0001:000139a0       ??1?$c_string_character_source@_W@__crt_strtox@@QAE@XZ 100149a0 f i libucrtd:atox.obj
 0001:000139d0       ?get@?$c_string_character_source@D@__crt_strtox@@QAEDXZ 100149d0 f i libucrtd:atox.obj
 0001:00013a00       ?get@?$c_string_character_source@_W@__crt_strtox@@QAE_WXZ 10014a00 f i libucrtd:atox.obj
 0001:00013a30       ?is_space@__crt_strtox@@YA_NDQAU__crt_locale_pointers@@@Z 10014a30 f i libucrtd:atox.obj
 0001:00013a70       ?is_space@__crt_strtox@@YA_N_WPAU__crt_locale_pointers@@@Z 10014a70 f i libucrtd:atox.obj
 0001:00013aa0       ?maximum_signed_value@__crt_strtox@@YAJK@Z 10014aa0 f i libucrtd:atox.obj
 0001:00013ab0       ?maximum_signed_value@__crt_strtox@@YA_J_K@Z 10014ab0 f i libucrtd:atox.obj
 0001:00013ac0       ?minimum_signed_value@__crt_strtox@@YAJK@Z 10014ac0 f i libucrtd:atox.obj
 0001:00013ad0       ?minimum_signed_value@__crt_strtox@@YA_J_K@Z 10014ad0 f i libucrtd:atox.obj
 0001:00013ae0       ?parse_digit@__crt_strtox@@YAID@Z 10014ae0 f i libucrtd:atox.obj
 0001:00013b40       ?parse_digit@__crt_strtox@@YAI_W@Z 10014b40 f i libucrtd:atox.obj
 0001:00013bc0       ?restore_state@?$c_string_character_source@D@__crt_strtox@@QAE_NQBD@Z 10014bc0 f i libucrtd:atox.obj
 0001:00013be0       ?restore_state@?$c_string_character_source@_W@__crt_strtox@@QAE_NQB_W@Z 10014be0 f i libucrtd:atox.obj
 0001:00013c00       ?save_state@?$c_string_character_source@D@__crt_strtox@@QBEPBDXZ 10014c00 f i libucrtd:atox.obj
 0001:00013c20       ?save_state@?$c_string_character_source@_W@__crt_strtox@@QBEPB_WXZ 10014c20 f i libucrtd:atox.obj
 0001:00013c40       ?unget@?$c_string_character_source@D@__crt_strtox@@QAEXD@Z 10014c40 f i libucrtd:atox.obj
 0001:00013cf0       ?unget@?$c_string_character_source@_W@__crt_strtox@@QAEX_W@Z 10014cf0 f i libucrtd:atox.obj
 0001:00013da0       ?validate@?$c_string_character_source@D@__crt_strtox@@QBE_NXZ 10014da0 f i libucrtd:atox.obj
 0001:00013e30       ?validate@?$c_string_character_source@_W@__crt_strtox@@QBE_NXZ 10014e30 f i libucrtd:atox.obj
 0001:00013ec0       ?wide_character_to_digit@__crt_strtox@@YAH_W@Z 10014ec0 f i libucrtd:atox.obj
 0001:000141f0       ___acrt_get_locale_data_prefix 100151f0 f i libucrtd:atox.obj
 0001:00014210       __atoi64                   10015210 f   libucrtd:atox.obj
 0001:00014230       __atoi64_l                 10015230 f   libucrtd:atox.obj
 0001:00014250       __atoi_l                   10015250 f   libucrtd:atox.obj
 0001:00014270       __atol_l                   10015270 f   libucrtd:atox.obj
 0001:00014290       __atoll_l                  10015290 f   libucrtd:atox.obj
 0001:000142b0       __chvalidchk_l             100152b0 f i libucrtd:atox.obj
 0001:000142d0       __ischartype_l             100152d0 f i libucrtd:atox.obj
 0001:00014320       __wtoi                     10015320 f   libucrtd:atox.obj
 0001:00014340       __wtoi64                   10015340 f   libucrtd:atox.obj
 0001:00014360       __wtoi64_l                 10015360 f   libucrtd:atox.obj
 0001:00014380       __wtoi_l                   10015380 f   libucrtd:atox.obj
 0001:000143a0       __wtol                     100153a0 f   libucrtd:atox.obj
 0001:000143c0       __wtol_l                   100153c0 f   libucrtd:atox.obj
 0001:000143e0       __wtoll                    100153e0 f   libucrtd:atox.obj
 0001:00014400       __wtoll_l                  10015400 f   libucrtd:atox.obj
 0001:00014420       _atoi                      10015420 f   libucrtd:atox.obj
 0001:00014440       _atol                      10015440 f   libucrtd:atox.obj
 0001:00014460       _atoll                     10015460 f   libucrtd:atox.obj
 0001:00014480       __initterm                 10015480 f   libucrtd:initterm.obj
 0001:000144e0       __initterm_e               100154e0 f   libucrtd:initterm.obj
 0001:000145a0       __seh_filter_dll           100155a0 f   libucrtd:exception_filter.obj
 0001:000145d0       __seh_filter_exe           100155d0 f   libucrtd:exception_filter.obj
 0001:000147f0       ??$?B$$A6GXPAXK0@Z@__crt_fast_encoded_nullptr_t@@QBEP6GXPAXK0@ZXZ 100157f0 f i libucrtd:exit.obj
 0001:00014810       ??$?RV<lambda_03b1d95aef87969028cfba75ccab2455>@@AAV<lambda_6e4b09c48022b2350581041d5f6b0c4c>@@V<lambda_22bdf7517842c4b3e53723af5aa32b9e>@@@?$__crt_seh_guarded_call@X@@QAEX$$QAV<lambda_03b1d95aef87969028cfba75ccab2455>@@AAV<lambda_6e4b09c48022b2350581041d5f6b0c4c>@@$$QAV<lambda_22bdf7517842c4b3e53723af5aa32b9e>@@@Z 10015810 f i libucrtd:exit.obj
 0001:00014890       ??$__acrt_lock_and_call@V<lambda_6e4b09c48022b2350581041d5f6b0c4c>@@@@YAXW4__acrt_lock_id@@$$QAV<lambda_6e4b09c48022b2350581041d5f6b0c4c>@@@Z 10015890 f i libucrtd:exit.obj
 0001:000148d0       ??$__crt_fast_decode_pointer@P6GXPAXK0@Z@@YAP6GXPAXK0@ZQ6GX0K0@Z@Z 100158d0 f i libucrtd:exit.obj
 0001:00014900       ??$__crt_fast_encode_pointer@P6GXPAXK0@Z@@YAP6GXPAXK0@ZQ6GX0K0@Z@Z 10015900 f i libucrtd:exit.obj
 0001:00014930       ??$__crt_get_proc_address@P6GXI@Z@@YAP6GXI@ZQAUHINSTANCE__@@QBD@Z 10015930 f i libucrtd:exit.obj
 0001:00014950       ??$__crt_interlocked_read@J@@YAJPDJ@Z 10015950 f i libucrtd:exit.obj
 0001:000149e0       ??0?$__crt_unique_handle_t@U__crt_hmodule_traits@@@@QAE@QAUHINSTANCE__@@@Z 100159e0 f i libucrtd:exit.obj
 0001:00014a00       ??1?$__crt_unique_handle_t@U__crt_hmodule_traits@@@@QAE@XZ 10015a00 f i libucrtd:exit.obj
 0001:00014bd0       ?__acrt_select_exit_lock@@YA?AW4__acrt_lock_id@@XZ 10015bd0 f i libucrtd:exit.obj
 0001:00014c00       ?close@?$__crt_unique_handle_t@U__crt_hmodule_traits@@@@QAEXXZ 10015c00 f i libucrtd:exit.obj
 0001:00014c40       ?close@__crt_hmodule_traits@@SA_NPAUHINSTANCE__@@@Z 10015c40 f i libucrtd:exit.obj
 0001:00014d30       ?get@?$__crt_unique_handle_t@U__crt_hmodule_traits@@@@QBEPAUHINSTANCE__@@XZ 10015d30 f i libucrtd:exit.obj
 0001:00014d50       ?get_address_of@?$__crt_unique_handle_t@U__crt_hmodule_traits@@@@QAEPAPAUHINSTANCE__@@XZ 10015d50 f i libucrtd:exit.obj
 0001:00014d60       ?get_invalid_value@__crt_hmodule_traits@@SAPAUHINSTANCE__@@XZ 10015d60 f i libucrtd:exit.obj
 0001:00014ef0       __Exit                     10015ef0 f   libucrtd:exit.obj
 0001:00014f10       ___acrt_initialize_thread_local_exit_callback 10015f10 f   libucrtd:exit.obj
 0001:00014f20       __c_exit                   10015f20 f   libucrtd:exit.obj
 0001:00014f40       __cexit                    10015f40 f   libucrtd:exit.obj
 0001:00014f60       __exit                     10015f60 f   libucrtd:exit.obj
 0001:00014f80       __is_c_termination_complete 10015f80 f   libucrtd:exit.obj
 0001:00014fa0       __register_thread_local_exe_atexit_callback 10015fa0 f   libucrtd:exit.obj
 0001:00014fe0       _exit                      10015fe0 f   libucrtd:exit.obj
 0001:00015000       _quick_exit                10016000 f   libucrtd:exit.obj
 0001:00015020       ??$?RE@__crt_internal_free_policy@@QBEXQBE@Z 10016020 f i libucrtd:argv_parsing.obj
 0001:00015040       ??$?RPAD@__crt_internal_free_policy@@QBEXQBQAD@Z 10016040 f i libucrtd:argv_parsing.obj
 0001:00015060       ??$?RPA_W@__crt_internal_free_policy@@QBEXQBQA_W@Z 10016060 f i libucrtd:argv_parsing.obj
 0001:000155c0       ??$get_module_file_name@$$TAAY0BAF@DH@?$__crt_char_traits@D@@SAK$$QA$$TAAY0BAF@D$$QAH@Z 100165c0 f i libucrtd:argv_parsing.obj
 0001:000155e0       ??$get_module_file_name@$$TAAY0BAF@_WH@?$__crt_char_traits@_W@@SAK$$QA$$TAAY0BAF@_W$$QAH@Z 100165e0 f i libucrtd:argv_parsing.obj
 0001:00015d00       ??$set_program_name@PAD@?$__crt_char_traits@D@@SAX$$QAPAD@Z 10016d00 f i libucrtd:argv_parsing.obj
 0001:00015d20       ??$set_program_name@PA_W@?$__crt_char_traits@_W@@SAX$$QAPA_W@Z 10016d20 f i libucrtd:argv_parsing.obj
 0001:00015d80       ??0?$__crt_unique_heap_ptr@EU__crt_internal_free_policy@@@@QAE@QAE@Z 10016d80 f i libucrtd:argv_parsing.obj
 0001:00015da0       ??0?$__crt_unique_heap_ptr@PADU__crt_internal_free_policy@@@@QAE@QAPAD@Z 10016da0 f i libucrtd:argv_parsing.obj
 0001:00015dc0       ??0?$__crt_unique_heap_ptr@PA_WU__crt_internal_free_policy@@@@QAE@QAPA_W@Z 10016dc0 f i libucrtd:argv_parsing.obj
 0001:00015de0       ??1?$__crt_unique_heap_ptr@EU__crt_internal_free_policy@@@@QAE@XZ 10016de0 f i libucrtd:argv_parsing.obj
 0001:00015e00       ??1?$__crt_unique_heap_ptr@PADU__crt_internal_free_policy@@@@QAE@XZ 10016e00 f i libucrtd:argv_parsing.obj
 0001:00015e20       ??1?$__crt_unique_heap_ptr@PA_WU__crt_internal_free_policy@@@@QAE@XZ 10016e20 f i libucrtd:argv_parsing.obj
 0001:00015e40       ??B?$__crt_unique_heap_ptr@EU__crt_internal_free_policy@@@@QBE_NXZ 10016e40 f i libucrtd:argv_parsing.obj
 0001:00015f00       ?detach@?$__crt_unique_heap_ptr@EU__crt_internal_free_policy@@@@QAEPAEXZ 10016f00 f i libucrtd:argv_parsing.obj
 0001:00015f30       ?detach@?$__crt_unique_heap_ptr@PADU__crt_internal_free_policy@@@@QAEPAPADXZ 10016f30 f i libucrtd:argv_parsing.obj
 0001:00015f60       ?detach@?$__crt_unique_heap_ptr@PA_WU__crt_internal_free_policy@@@@QAEPAPA_WXZ 10016f60 f i libucrtd:argv_parsing.obj
 0001:00015ff0       ?get@?$__crt_unique_heap_ptr@EU__crt_internal_free_policy@@@@QBEPAEXZ 10016ff0 f i libucrtd:argv_parsing.obj
 0001:00016010       ?get@?$__crt_unique_heap_ptr@PADU__crt_internal_free_policy@@@@QBEPAPADXZ 10017010 f i libucrtd:argv_parsing.obj
 0001:00016030       ?get@?$__crt_unique_heap_ptr@PA_WU__crt_internal_free_policy@@@@QBEPAPA_WXZ 10017030 f i libucrtd:argv_parsing.obj
 0001:00016050       ?get_address_of@?$__crt_unique_heap_ptr@PADU__crt_internal_free_policy@@@@QAEPAPAPADXZ 10017050 f i libucrtd:argv_parsing.obj
 0001:00016060       ?get_address_of@?$__crt_unique_heap_ptr@PA_WU__crt_internal_free_policy@@@@QAEPAPAPA_WXZ 10017060 f i libucrtd:argv_parsing.obj
 0001:000160b0       ?is_valid@?$__crt_unique_heap_ptr@EU__crt_internal_free_policy@@@@QBE_NXZ 100170b0 f i libucrtd:argv_parsing.obj
 0001:000160e0       ?release@?$__crt_unique_heap_ptr@EU__crt_internal_free_policy@@@@QAEXXZ 100170e0 f i libucrtd:argv_parsing.obj
 0001:00016110       ?release@?$__crt_unique_heap_ptr@PADU__crt_internal_free_policy@@@@QAEXXZ 10017110 f i libucrtd:argv_parsing.obj
 0001:00016140       ?release@?$__crt_unique_heap_ptr@PA_WU__crt_internal_free_policy@@@@QAEXXZ 10017140 f i libucrtd:argv_parsing.obj
 0001:000161b0       ___acrt_allocate_buffer_for_argv 100171b0 f   libucrtd:argv_parsing.obj
 0001:00016270       __configure_narrow_argv    10017270 f   libucrtd:argv_parsing.obj
 0001:00016290       __configure_wide_argv      10017290 f   libucrtd:argv_parsing.obj
 0001:000162b0       __set_pgmptr               100172b0 f i libucrtd:argv_parsing.obj
 0001:000162c0       __set_wpgmptr              100172c0 f i libucrtd:argv_parsing.obj
 0001:000162cf       ??$?R_W@__crt_internal_free_policy@@QBEXQB_W@Z 100172cf f i libucrtd:environment_initialization.obj
 0001:00016730       ??$get_environment_from_os@$$V@?$__crt_char_traits@D@@SAPADXZ 10017730 f i libucrtd:environment_initialization.obj
 0001:00016735       ??$get_environment_from_os@$$V@?$__crt_char_traits@_W@@SAPA_WXZ 10017735 f i libucrtd:environment_initialization.obj
 0001:00016856       ??$set_variable_in_environment_nolock@PADH@?$__crt_char_traits@D@@SAH$$QAPAD$$QAH@Z 10017856 f i libucrtd:environment_initialization.obj
 0001:0001686e       ??$set_variable_in_environment_nolock@PA_WH@?$__crt_char_traits@_W@@SAH$$QAPA_W$$QAH@Z 1001786e f i libucrtd:environment_initialization.obj
 0001:00016886       ??$tcscpy_s@PADABIAAPAD@?$__crt_char_traits@D@@SAH$$QAPADABIAAPAD@Z 10017886 f i libucrtd:environment_initialization.obj
 0001:000168a4       ??$tcscpy_s@PA_WABIAAPA_W@?$__crt_char_traits@_W@@SAH$$QAPA_WABIAAPA_W@Z 100178a4 f i libucrtd:environment_initialization.obj
 0001:000168c2       ??$tcslen@AAPAD@?$__crt_char_traits@D@@SAIAAPAD@Z 100178c2 f i libucrtd:environment_initialization.obj
 0001:000168da       ??$tcslen@AAPA_W@?$__crt_char_traits@_W@@SAIAAPA_W@Z 100178da f i libucrtd:environment_initialization.obj
 0001:000168f8       ??$uninitialize@A6AXAAPAPAD@Z@?$dual_state_global@PAPAD@__crt_state_management@@QAEXA6AXAAPAPAD@Z@Z 100178f8 f i libucrtd:environment_initialization.obj
 0001:00016938       ??$uninitialize@A6AXAAPAPA_W@Z@?$dual_state_global@PAPA_W@__crt_state_management@@QAEXA6AXAAPAPA_W@Z@Z 10017938 f i libucrtd:environment_initialization.obj
 0001:000169ae       ??0?$__crt_unique_heap_ptr@_WU__crt_internal_free_policy@@@@QAE@QA_W@Z 100179ae f i libucrtd:environment_initialization.obj
 0001:000169be       ??1?$__crt_unique_heap_ptr@_WU__crt_internal_free_policy@@@@QAE@XZ 100179be f i libucrtd:environment_initialization.obj
 0001:000169d3       ??B?$__crt_unique_heap_ptr@PADU__crt_internal_free_policy@@@@QBE_NXZ 100179d3 f i libucrtd:environment_initialization.obj
 0001:000169db       ??B?$__crt_unique_heap_ptr@PA_WU__crt_internal_free_policy@@@@QBE_NXZ 100179db f i libucrtd:environment_initialization.obj
 0001:000169e3       ??B?$__crt_unique_heap_ptr@_WU__crt_internal_free_policy@@@@QBE_NXZ 100179e3 f i libucrtd:environment_initialization.obj
 0001:000169eb       ?__crt_compute_required_transform_buffer_count@@YAIIQBD@Z 100179eb f i libucrtd:environment_initialization.obj
 0001:00016a05       ?__crt_compute_required_transform_buffer_count@@YAIIQB_W@Z 10017a05 f i libucrtd:environment_initialization.obj
 0001:00016a21       ?__crt_transform_string@@YAIIQBDQA_WI@Z 10017a21 f i libucrtd:environment_initialization.obj
 0001:00016a3e       ?__crt_transform_string@@YAIIQB_WQADI@Z 10017a3e f i libucrtd:environment_initialization.obj
 0001:00016a5e       ?detach@?$__crt_unique_heap_ptr@DU__crt_internal_free_policy@@@@QAEPADXZ 10017a5e f i libucrtd:environment_initialization.obj
 0001:00016a64       ?detach@?$__crt_unique_heap_ptr@_WU__crt_internal_free_policy@@@@QAEPA_WXZ 10017a64 f i libucrtd:environment_initialization.obj
 0001:00016a6a       ?get@?$__crt_unique_heap_ptr@_WU__crt_internal_free_policy@@@@QBEPA_WXZ 10017a6a f i libucrtd:environment_initialization.obj
 0001:00016a6d       ?get_current_state_index@__crt_state_management@@YAIXZ 10017a6d f i libucrtd:environment_initialization.obj
 0001:00016a94       ?initialize@?$dual_state_global@PAPAD@__crt_state_management@@QAEXQAPAD@Z 10017a94 f i libucrtd:environment_initialization.obj
 0001:00016ac5       ?initialize@?$dual_state_global@PAPA_W@__crt_state_management@@QAEXQAPA_W@Z 10017ac5 f i libucrtd:environment_initialization.obj
 0001:00016af6       ?is_valid@?$__crt_unique_heap_ptr@PADU__crt_internal_free_policy@@@@QBE_NXZ 10017af6 f i libucrtd:environment_initialization.obj
 0001:00016afe       ?is_valid@?$__crt_unique_heap_ptr@PA_WU__crt_internal_free_policy@@@@QBE_NXZ 10017afe f i libucrtd:environment_initialization.obj
 0001:00016b06       ?is_valid@?$__crt_unique_heap_ptr@_WU__crt_internal_free_policy@@@@QBE_NXZ 10017b06 f i libucrtd:environment_initialization.obj
 0001:00016b14       ?release@?$__crt_unique_heap_ptr@_WU__crt_internal_free_policy@@@@QAEXXZ 10017b14 f i libucrtd:environment_initialization.obj
 0001:00016b29       ?value@?$dual_state_global@PAPAD@__crt_state_management@@QAEAAPAPADXZ 10017b29 f i libucrtd:environment_initialization.obj
 0001:00016b2c       ?value@?$dual_state_global@PAPA_W@__crt_state_management@@QAEAAPAPA_WXZ 10017b2c f i libucrtd:environment_initialization.obj
 0001:00016b2f       ___dcrt_get_or_create_narrow_environment_nolock 10017b2f f   libucrtd:environment_initialization.obj
 0001:00016b34       ___dcrt_get_or_create_wide_environment_nolock 10017b34 f   libucrtd:environment_initialization.obj
 0001:00016b39       ___dcrt_uninitialize_environments_nolock 10017b39 f   libucrtd:environment_initialization.obj
 0001:00016b70       ___p__environ              10017b70 f   libucrtd:environment_initialization.obj
 0001:00016b76       ___p__wenviron             10017b76 f   libucrtd:environment_initialization.obj
 0001:00016b7c       __get_initial_narrow_environment 10017b7c f   libucrtd:environment_initialization.obj
 0001:00016b90       __get_initial_wide_environment 10017b90 f   libucrtd:environment_initialization.obj
 0001:00016ba4       __initialize_narrow_environment 10017ba4 f   libucrtd:environment_initialization.obj
 0001:00016ba9       __initialize_wide_environment 10017ba9 f   libucrtd:environment_initialization.obj
 0001:00016bae       __invoke_watson_if_error   10017bae f i libucrtd:environment_initialization.obj
 0001:00016bd0       ??$?BP6AXXZ@__crt_fast_encoded_nullptr_t@@QBEPAP6AXXZXZ 10017bd0 f i libucrtd:onexit.obj
 0001:00016bf0       ??$?RP6AXXZ@__crt_internal_free_policy@@QBEXQBQ6AXXZ@Z 10017bf0 f i libucrtd:onexit.obj
 0001:00016c10       ??$?RV<lambda_b53b013fb8c6083c10bec37d2dacc554>@@AAV<lambda_3b83eb014488ad801d84acef5aaf14d3>@@V<lambda_121992cf5e0eae5719f6e4f596aaeb4f>@@@?$__crt_seh_guarded_call@H@@QAEH$$QAV<lambda_b53b013fb8c6083c10bec37d2dacc554>@@AAV<lambda_3b83eb014488ad801d84acef5aaf14d3>@@$$QAV<lambda_121992cf5e0eae5719f6e4f596aaeb4f>@@@Z 10017c10 f i libucrtd:onexit.obj
 0001:00016ca0       ??$?RV<lambda_d74cd35c3df28f16c733e6755eb03555>@@AAV<lambda_d121dba8a4adeaf3a9819e48611155df>@@V<lambda_ade73ae6aee997c6ba47ce5901b340f9>@@@?$__crt_seh_guarded_call@H@@QAEH$$QAV<lambda_d74cd35c3df28f16c733e6755eb03555>@@AAV<lambda_d121dba8a4adeaf3a9819e48611155df>@@$$QAV<lambda_ade73ae6aee997c6ba47ce5901b340f9>@@@Z 10017ca0 f i libucrtd:onexit.obj
 0001:00016d30       ??$__acrt_lock_and_call@V<lambda_3b83eb014488ad801d84acef5aaf14d3>@@@@YAHW4__acrt_lock_id@@$$QAV<lambda_3b83eb014488ad801d84acef5aaf14d3>@@@Z 10017d30 f i libucrtd:onexit.obj
 0001:00016d70       ??$__acrt_lock_and_call@V<lambda_d121dba8a4adeaf3a9819e48611155df>@@@@YAHW4__acrt_lock_id@@$$QAV<lambda_d121dba8a4adeaf3a9819e48611155df>@@@Z 10017d70 f i libucrtd:onexit.obj
 0001:00016db0       ??$__crt_fast_encode_pointer@P6AHXZ@@YAP6AHXZQ6AHXZ@Z 10017db0 f i libucrtd:onexit.obj
 0001:00016eb0       ??0?$__crt_unique_heap_ptr@P6AXXZU__crt_internal_free_policy@@@@QAE@QAP6AXXZ@Z 10017eb0 f i libucrtd:onexit.obj
 0001:00016ed0       ??1?$__crt_unique_heap_ptr@P6AXXZU__crt_internal_free_policy@@@@QAE@XZ 10017ed0 f i libucrtd:onexit.obj
 0001:00016ef0       ??1scoped_global_state_reset@__crt_state_management@@QAE@XZ 10017ef0 f i libucrtd:onexit.obj
 0001:00017370       ?detach@?$__crt_unique_heap_ptr@P6AXXZU__crt_internal_free_policy@@@@QAEPAP6AXXZXZ 10018370 f i libucrtd:onexit.obj
 0001:000173a0       ?release@?$__crt_unique_heap_ptr@P6AXXZU__crt_internal_free_policy@@@@QAEXXZ 100183a0 f i libucrtd:onexit.obj
 0001:000173d0       __crt_at_quick_exit        100183d0 f   libucrtd:onexit.obj
 0001:000173f0       __crt_atexit               100183f0 f   libucrtd:onexit.obj
 0001:00017410       __execute_onexit_table     10018410 f   libucrtd:onexit.obj
 0001:00017440       __initialize_onexit_table  10018440 f   libucrtd:onexit.obj
 0001:000174a0       __register_onexit_function 100184a0 f   libucrtd:onexit.obj
 0001:000176d0       ??$uninitialize@V<lambda_af27fe6ede5d83bbdbd622796c194e9c>@@@?$dual_state_global@PAU__crt_multibyte_data@@@__crt_state_management@@QAEX$$QAV<lambda_af27fe6ede5d83bbdbd622796c194e9c>@@@Z 100186d0 f i libucrtd:initialization.obj
 0001:00017760       ?initialize@?$dual_state_global@PAU__crt_locale_data@@@__crt_state_management@@QAEXQAU__crt_locale_data@@@Z 10018760 f i libucrtd:initialization.obj
 0001:000177a0       ___acrt_initialize         100187a0 f   libucrtd:initialization.obj
 0001:000177c0       ___acrt_thread_attach      100187c0 f   libucrtd:initialization.obj
 0001:000177e0       ___acrt_thread_detach      100187e0 f   libucrtd:initialization.obj
 0001:000177f0       ___acrt_uninitialize       100187f0 f   libucrtd:initialization.obj
 0001:00017810       ___acrt_uninitialize_critical 10018810 f   libucrtd:initialization.obj
 0001:00017860       __get_terminate            10018860 f   libucrtd:terminate.obj
 0001:00017880       _set_terminate             10018880 f   libucrtd:terminate.obj
 0001:000178b0       _terminate                 100188b0 f   libucrtd:terminate.obj
 0001:000191e0       __CrtCheckMemory           1001a1e0 f   libucrtd:debug_heap.obj
 0001:00019370       __CrtDoForAllClientObjects 1001a370 f   libucrtd:debug_heap.obj
 0001:000194d0       __CrtDumpMemoryLeaks       1001a4d0 f   libucrtd:debug_heap.obj
 0001:00019570       __CrtGetAllocHook          1001a570 f   libucrtd:debug_heap.obj
 0001:00019580       __CrtGetDumpClient         1001a580 f   libucrtd:debug_heap.obj
 0001:00019590       __CrtIsMemoryBlock         1001a590 f   libucrtd:debug_heap.obj
 0001:000196e0       __CrtIsValidHeapPointer    1001a6e0 f   libucrtd:debug_heap.obj
 0001:00019710       __CrtIsValidPointer        1001a710 f   libucrtd:debug_heap.obj
 0001:00019740       __CrtMemCheckpoint         1001a740 f   libucrtd:debug_heap.obj
 0001:00019970       __CrtMemDifference         1001a970 f   libucrtd:debug_heap.obj
 0001:00019be0       __CrtMemDumpAllObjectsSince 1001abe0 f   libucrtd:debug_heap.obj
 0001:00019c80       __CrtMemDumpStatistics     1001ac80 f   libucrtd:debug_heap.obj
 0001:00019db0       __CrtReportBlockType       1001adb0 f   libucrtd:debug_heap.obj
 0001:00019de0       __CrtSetAllocHook          1001ade0 f   libucrtd:debug_heap.obj
 0001:00019e00       __CrtSetBreakAlloc         1001ae00 f   libucrtd:debug_heap.obj
 0001:00019e20       __CrtSetDbgBlockType       1001ae20 f   libucrtd:debug_heap.obj
 0001:00019f00       __CrtSetDbgFlag            1001af00 f   libucrtd:debug_heap.obj
 0001:0001a070       __CrtSetDumpClient         1001b070 f   libucrtd:debug_heap.obj
 0001:0001a090       ___p__crtBreakAlloc        1001b090 f   libucrtd:debug_heap.obj
 0001:0001a0a0       ___p__crtDbgFlag           1001b0a0 f   libucrtd:debug_heap.obj
 0001:0001a0b0       __aligned_free_dbg         1001b0b0 f   libucrtd:debug_heap.obj
 0001:0001a160       __aligned_malloc_dbg       1001b160 f   libucrtd:debug_heap.obj
 0001:0001a190       __aligned_msize_dbg        1001b190 f   libucrtd:debug_heap.obj
 0001:0001a2c0       __aligned_offset_malloc_dbg 1001b2c0 f   libucrtd:debug_heap.obj
 0001:0001a4a0       __aligned_offset_realloc_dbg 1001b4a0 f   libucrtd:debug_heap.obj
 0001:0001a7b0       __aligned_offset_recalloc_dbg 1001b7b0 f   libucrtd:debug_heap.obj
 0001:0001a870       __aligned_realloc_dbg      1001b870 f   libucrtd:debug_heap.obj
 0001:0001a8a0       __aligned_recalloc_dbg     1001b8a0 f   libucrtd:debug_heap.obj
 0001:0001a8d0       __calloc_dbg               1001b8d0 f   libucrtd:debug_heap.obj
 0001:0001a940       __expand_dbg               1001b940 f   libucrtd:debug_heap.obj
 0001:0001aa70       __free_dbg                 1001ba70 f   libucrtd:debug_heap.obj
 0001:0001ab20       __invoke_watson_if_oneof   1001bb20 f i libucrtd:debug_heap.obj
 0001:0001ab60       __malloc_dbg               1001bb60 f   libucrtd:debug_heap.obj
 0001:0001ab80       __msize_dbg                1001bb80 f   libucrtd:debug_heap.obj
 0001:0001ad10       __realloc_dbg              1001bd10 f   libucrtd:debug_heap.obj
 0001:0001adb0       __recalloc_dbg             1001bdb0 f   libucrtd:debug_heap.obj
 0001:0001b170       _strcpy_s                  1001c170 f   libucrtd:strcpy_s.obj
 0001:0001b190       _strcmp                    1001c190 f   libucrtd:strcmp.obj
 0001:0001b220       ??$?0ABV?$stream_output_adapter@D@__crt_stdio_output@@AB_KABQBDABQAU__crt_locale_pointers@@ABQAD@?$format_validation_base@DV?$stream_output_adapter@D@__crt_stdio_output@@@__crt_stdio_output@@IAE@ABV?$stream_output_adapter@D@1@AB_KABQBDABQAU__crt_locale_pointers@@ABQAD@Z 1001c220 f i libucrtd:output.obj
 0001:0001b250       ??$?0ABV?$stream_output_adapter@D@__crt_stdio_output@@AB_KABQBDABQAU__crt_locale_pointers@@ABQAD@?$positional_parameter_base@DV?$stream_output_adapter@D@__crt_stdio_output@@@__crt_stdio_output@@IAE@ABV?$stream_output_adapter@D@1@AB_KABQBDABQAU__crt_locale_pointers@@ABQAD@Z 1001c250 f i libucrtd:output.obj
 0001:0001b2d0       ??$?0ABV?$stream_output_adapter@D@__crt_stdio_output@@AB_KABQBDABQAU__crt_locale_pointers@@ABQAD@?$standard_base@DV?$stream_output_adapter@D@__crt_stdio_output@@@__crt_stdio_output@@IAE@ABV?$stream_output_adapter@D@1@AB_KABQBDABQAU__crt_locale_pointers@@ABQAD@Z 1001c2d0 f i libucrtd:output.obj
 0001:0001b320       ??$?0ABV?$stream_output_adapter@_W@__crt_stdio_output@@AB_KABQB_WABQAU__crt_locale_pointers@@ABQAD@?$format_validation_base@_WV?$stream_output_adapter@_W@__crt_stdio_output@@@__crt_stdio_output@@IAE@ABV?$stream_output_adapter@_W@1@AB_KABQB_WABQAU__crt_locale_pointers@@ABQAD@Z 1001c320 f i libucrtd:output.obj
 0001:0001b350       ??$?0ABV?$stream_output_adapter@_W@__crt_stdio_output@@AB_KABQB_WABQAU__crt_locale_pointers@@ABQAD@?$positional_parameter_base@_WV?$stream_output_adapter@_W@__crt_stdio_output@@@__crt_stdio_output@@IAE@ABV?$stream_output_adapter@_W@1@AB_KABQB_WABQAU__crt_locale_pointers@@ABQAD@Z 1001c350 f i libucrtd:output.obj
 0001:0001b3d0       ??$?0ABV?$stream_output_adapter@_W@__crt_stdio_output@@AB_KABQB_WABQAU__crt_locale_pointers@@ABQAD@?$standard_base@_WV?$stream_output_adapter@_W@__crt_stdio_output@@@__crt_stdio_output@@IAE@ABV?$stream_output_adapter@_W@1@AB_KABQB_WABQAU__crt_locale_pointers@@ABQAD@Z 1001c3d0 f i libucrtd:output.obj
 0001:0001b420       ??$?0ABV?$string_output_adapter@D@__crt_stdio_output@@AB_KABQBDABQAU__crt_locale_pointers@@ABQAD@?$format_validation_base@DV?$string_output_adapter@D@__crt_stdio_output@@@__crt_stdio_output@@IAE@ABV?$string_output_adapter@D@1@AB_KABQBDABQAU__crt_locale_pointers@@ABQAD@Z 1001c420 f i libucrtd:output.obj
 0001:0001b450       ??$?0ABV?$string_output_adapter@D@__crt_stdio_output@@AB_KABQBDABQAU__crt_locale_pointers@@ABQAD@?$positional_parameter_base@DV?$string_output_adapter@D@__crt_stdio_output@@@__crt_stdio_output@@IAE@ABV?$string_output_adapter@D@1@AB_KABQBDABQAU__crt_locale_pointers@@ABQAD@Z 1001c450 f i libucrtd:output.obj
 0001:0001b4d0       ??$?0ABV?$string_output_adapter@D@__crt_stdio_output@@AB_KABQBDABQAU__crt_locale_pointers@@ABQAD@?$standard_base@DV?$string_output_adapter@D@__crt_stdio_output@@@__crt_stdio_output@@IAE@ABV?$string_output_adapter@D@1@AB_KABQBDABQAU__crt_locale_pointers@@ABQAD@Z 1001c4d0 f i libucrtd:output.obj
 0001:0001b520       ??$?0ABV?$string_output_adapter@_W@__crt_stdio_output@@AB_KABQB_WABQAU__crt_locale_pointers@@ABQAD@?$format_validation_base@_WV?$string_output_adapter@_W@__crt_stdio_output@@@__crt_stdio_output@@IAE@ABV?$string_output_adapter@_W@1@AB_KABQB_WABQAU__crt_locale_pointers@@ABQAD@Z 1001c520 f i libucrtd:output.obj
 0001:0001b550       ??$?0ABV?$string_output_adapter@_W@__crt_stdio_output@@AB_KABQB_WABQAU__crt_locale_pointers@@ABQAD@?$positional_parameter_base@_WV?$string_output_adapter@_W@__crt_stdio_output@@@__crt_stdio_output@@IAE@ABV?$string_output_adapter@_W@1@AB_KABQB_WABQAU__crt_locale_pointers@@ABQAD@Z 1001c550 f i libucrtd:output.obj
 0001:0001b5d0       ??$?0ABV?$string_output_adapter@_W@__crt_stdio_output@@AB_KABQB_WABQAU__crt_locale_pointers@@ABQAD@?$standard_base@_WV?$string_output_adapter@_W@__crt_stdio_output@@@__crt_stdio_output@@IAE@ABV?$string_output_adapter@_W@1@AB_KABQB_WABQAU__crt_locale_pointers@@ABQAD@Z 1001c5d0 f i libucrtd:output.obj
 0001:0001b620       ??$?RV<lambda_3a2a6cca1b0f7007a3db339dcecd1562>@@AAV<lambda_e38011a3ba6e07c7dbcef4d549f26102>@@V<lambda_b2332a2b562101f3c3c34baab19e0511>@@@?$__crt_seh_guarded_call@H@@QAEH$$QAV<lambda_3a2a6cca1b0f7007a3db339dcecd1562>@@AAV<lambda_e38011a3ba6e07c7dbcef4d549f26102>@@$$QAV<lambda_b2332a2b562101f3c3c34baab19e0511>@@@Z 1001c620 f i libucrtd:output.obj
 0001:0001b6b0       ??$?RV<lambda_75d23329f2fb3d02b2e1cf5509bb1caf>@@AAV<lambda_c4f131f91cb4ec00a5b0a26aa161b8b4>@@V<lambda_114dc79c86b00c313cb0b6b3b001aaf8>@@@?$__crt_seh_guarded_call@H@@QAEH$$QAV<lambda_75d23329f2fb3d02b2e1cf5509bb1caf>@@AAV<lambda_c4f131f91cb4ec00a5b0a26aa161b8b4>@@$$QAV<lambda_114dc79c86b00c313cb0b6b3b001aaf8>@@@Z 1001c6b0 f i libucrtd:output.obj
 0001:0001b740       ??$?RV<lambda_80d7abc6eae2375db70be92ccaaf9b57>@@AAV<lambda_df52180bf14694d51fdefd82613e8f07>@@V<lambda_4fa1155033dff2042363dba4e2dc3802>@@@?$__crt_seh_guarded_call@H@@QAEH$$QAV<lambda_80d7abc6eae2375db70be92ccaaf9b57>@@AAV<lambda_df52180bf14694d51fdefd82613e8f07>@@$$QAV<lambda_4fa1155033dff2042363dba4e2dc3802>@@@Z 1001c740 f i libucrtd:output.obj
 0001:0001b7d0       ??$?RV<lambda_b4329732a1a72698597872ef534ad66d>@@AAV<lambda_96392db5b14a27f72535a2156da24b09>@@V<lambda_0f47277b42e3e84c3311fed419af0b3c>@@@?$__crt_seh_guarded_call@H@@QAEH$$QAV<lambda_b4329732a1a72698597872ef534ad66d>@@AAV<lambda_96392db5b14a27f72535a2156da24b09>@@$$QAV<lambda_0f47277b42e3e84c3311fed419af0b3c>@@@Z 1001c7d0 f i libucrtd:output.obj
 0001:0001b860       ??$?RV<lambda_b7f50223258ab9fcc98080d45d02b1a4>@@AAV<lambda_42506531d319a600ce771deb5a236a10>@@V<lambda_31f843250ba6188c6e1f35d2bec6db0e>@@@?$__crt_seh_guarded_call@H@@QAEH$$QAV<lambda_b7f50223258ab9fcc98080d45d02b1a4>@@AAV<lambda_42506531d319a600ce771deb5a236a10>@@$$QAV<lambda_31f843250ba6188c6e1f35d2bec6db0e>@@@Z 1001c860 f i libucrtd:output.obj
 0001:0001b8f0       ??$?RV<lambda_cc35d49d909def412005bd38ddc96b77>@@AAV<lambda_d6a382b8dd98a6801a8abd6c28bdff2d>@@V<lambda_148068cfb9786d9714740654406e93d5>@@@?$__crt_seh_guarded_call@H@@QAEH$$QAV<lambda_cc35d49d909def412005bd38ddc96b77>@@AAV<lambda_d6a382b8dd98a6801a8abd6c28bdff2d>@@$$QAV<lambda_148068cfb9786d9714740654406e93d5>@@@Z 1001c8f0 f i libucrtd:output.obj
 0001:0001b980       ??$__acrt_lock_stream_and_call@V<lambda_42506531d319a600ce771deb5a236a10>@@@@YAHQAU_iobuf@@$$QAV<lambda_42506531d319a600ce771deb5a236a10>@@@Z 1001c980 f i libucrtd:output.obj
 0001:0001b9c0       ??$__acrt_lock_stream_and_call@V<lambda_96392db5b14a27f72535a2156da24b09>@@@@YAHQAU_iobuf@@$$QAV<lambda_96392db5b14a27f72535a2156da24b09>@@@Z 1001c9c0 f i libucrtd:output.obj
 0001:0001ba00       ??$__acrt_lock_stream_and_call@V<lambda_c4f131f91cb4ec00a5b0a26aa161b8b4>@@@@YAHQAU_iobuf@@$$QAV<lambda_c4f131f91cb4ec00a5b0a26aa161b8b4>@@@Z 1001ca00 f i libucrtd:output.obj
 0001:0001ba40       ??$__acrt_lock_stream_and_call@V<lambda_d6a382b8dd98a6801a8abd6c28bdff2d>@@@@YAHQAU_iobuf@@$$QAV<lambda_d6a382b8dd98a6801a8abd6c28bdff2d>@@@Z 1001ca40 f i libucrtd:output.obj
 0001:0001ba80       ??$__acrt_lock_stream_and_call@V<lambda_df52180bf14694d51fdefd82613e8f07>@@@@YAHQAU_iobuf@@$$QAV<lambda_df52180bf14694d51fdefd82613e8f07>@@@Z 1001ca80 f i libucrtd:output.obj
 0001:0001bac0       ??$__acrt_lock_stream_and_call@V<lambda_e38011a3ba6e07c7dbcef4d549f26102>@@@@YAHQAU_iobuf@@$$QAV<lambda_e38011a3ba6e07c7dbcef4d549f26102>@@@Z 1001cac0 f i libucrtd:output.obj
 0001:0001e880       ??$count@D@formatting_buffer@__crt_stdio_output@@QBEIXZ 1001f880 f i libucrtd:output.obj
 0001:0001e8c0       ??$count@_W@formatting_buffer@__crt_stdio_output@@QBEIXZ 1001f8c0 f i libucrtd:output.obj
 0001:0001e900       ??$data@D@formatting_buffer@__crt_stdio_output@@QAEPADXZ 1001f900 f i libucrtd:output.obj
 0001:0001e940       ??$data@_W@formatting_buffer@__crt_stdio_output@@QAEPA_WXZ 1001f940 f i libucrtd:output.obj
 0001:0001e980       ??$ensure_buffer_is_big_enough@D@formatting_buffer@__crt_stdio_output@@QAE_NI@Z 1001f980 f i libucrtd:output.obj
 0001:0001ea60       ??$extract_argument_from_va_list@C_J@?$positional_parameter_base@DV?$stream_output_adapter@D@__crt_stdio_output@@@__crt_stdio_output@@IAE_NAA_J@Z 1001fa60 f i libucrtd:output.obj
 0001:0001eba0       ??$extract_argument_from_va_list@C_J@?$positional_parameter_base@DV?$string_output_adapter@D@__crt_stdio_output@@@__crt_stdio_output@@IAE_NAA_J@Z 1001fba0 f i libucrtd:output.obj
 0001:0001ece0       ??$extract_argument_from_va_list@C_J@?$positional_parameter_base@_WV?$stream_output_adapter@_W@__crt_stdio_output@@@__crt_stdio_output@@IAE_NAA_J@Z 1001fce0 f i libucrtd:output.obj
 0001:0001ee20       ??$extract_argument_from_va_list@C_J@?$positional_parameter_base@_WV?$string_output_adapter@_W@__crt_stdio_output@@@__crt_stdio_output@@IAE_NAA_J@Z 1001fe20 f i libucrtd:output.obj
 0001:0001ef60       ??$extract_argument_from_va_list@C_J@?$standard_base@DV?$stream_output_adapter@D@__crt_stdio_output@@@__crt_stdio_output@@IAE_NAA_J@Z 1001ff60 f i libucrtd:output.obj
 0001:0001ef90       ??$extract_argument_from_va_list@C_J@?$standard_base@DV?$string_output_adapter@D@__crt_stdio_output@@@__crt_stdio_output@@IAE_NAA_J@Z 1001ff90 f i libucrtd:output.obj
 0001:0001efc0       ??$extract_argument_from_va_list@C_J@?$standard_base@_WV?$stream_output_adapter@_W@__crt_stdio_output@@@__crt_stdio_output@@IAE_NAA_J@Z 1001ffc0 f i libucrtd:output.obj
 0001:0001eff0       ??$extract_argument_from_va_list@C_J@?$standard_base@_WV?$string_output_adapter@_W@__crt_stdio_output@@@__crt_stdio_output@@IAE_NAA_J@Z 1001fff0 f i libucrtd:output.obj
 0001:0001f020       ??$extract_argument_from_va_list@E_J@?$positional_parameter_base@DV?$stream_output_adapter@D@__crt_stdio_output@@@__crt_stdio_output@@IAE_NAA_J@Z 10020020 f i libucrtd:output.obj
 0001:0001f160       ??$extract_argument_from_va_list@E_J@?$positional_parameter_base@DV?$string_output_adapter@D@__crt_stdio_output@@@__crt_stdio_output@@IAE_NAA_J@Z 10020160 f i libucrtd:output.obj
 0001:0001f2a0       ??$extract_argument_from_va_list@E_J@?$positional_parameter_base@_WV?$stream_output_adapter@_W@__crt_stdio_output@@@__crt_stdio_output@@IAE_NAA_J@Z 100202a0 f i libucrtd:output.obj
 0001:0001f3e0       ??$extract_argument_from_va_list@E_J@?$positional_parameter_base@_WV?$string_output_adapter@_W@__crt_stdio_output@@@__crt_stdio_output@@IAE_NAA_J@Z 100203e0 f i libucrtd:output.obj
 0001:0001f520       ??$extract_argument_from_va_list@E_J@?$standard_base@DV?$stream_output_adapter@D@__crt_stdio_output@@@__crt_stdio_output@@IAE_NAA_J@Z 10020520 f i libucrtd:output.obj
 0001:0001f550       ??$extract_argument_from_va_list@E_J@?$standard_base@DV?$string_output_adapter@D@__crt_stdio_output@@@__crt_stdio_output@@IAE_NAA_J@Z 10020550 f i libucrtd:output.obj
 0001:0001f580       ??$extract_argument_from_va_list@E_J@?$standard_base@_WV?$stream_output_adapter@_W@__crt_stdio_output@@@__crt_stdio_output@@IAE_NAA_J@Z 10020580 f i libucrtd:output.obj
 0001:0001f5b0       ??$extract_argument_from_va_list@E_J@?$standard_base@_WV?$string_output_adapter@_W@__crt_stdio_output@@@__crt_stdio_output@@IAE_NAA_J@Z 100205b0 f i libucrtd:output.obj
 0001:0001f5e0       ??$extract_argument_from_va_list@F_J@?$positional_parameter_base@DV?$stream_output_adapter@D@__crt_stdio_output@@@__crt_stdio_output@@IAE_NAA_J@Z 100205e0 f i libucrtd:output.obj
 0001:0001f710       ??$extract_argument_from_va_list@F_J@?$positional_parameter_base@DV?$string_output_adapter@D@__crt_stdio_output@@@__crt_stdio_output@@IAE_NAA_J@Z 10020710 f i libucrtd:output.obj
 0001:0001f840       ??$extract_argument_from_va_list@F_J@?$positional_parameter_base@_WV?$stream_output_adapter@_W@__crt_stdio_output@@@__crt_stdio_output@@IAE_NAA_J@Z 10020840 f i libucrtd:output.obj
 0001:0001f970       ??$extract_argument_from_va_list@F_J@?$positional_parameter_base@_WV?$string_output_adapter@_W@__crt_stdio_output@@@__crt_stdio_output@@IAE_NAA_J@Z 10020970 f i libucrtd:output.obj
 0001:0001faa0       ??$extract_argument_from_va_list@F_J@?$standard_base@DV?$stream_output_adapter@D@__crt_stdio_output@@@__crt_stdio_output@@IAE_NAA_J@Z 10020aa0 f i libucrtd:output.obj
 0001:0001fad0       ??$extract_argument_from_va_list@F_J@?$standard_base@DV?$string_output_adapter@D@__crt_stdio_output@@@__crt_stdio_output@@IAE_NAA_J@Z 10020ad0 f i libucrtd:output.obj
 0001:0001fb00       ??$extract_argument_from_va_list@F_J@?$standard_base@_WV?$stream_output_adapter@_W@__crt_stdio_output@@@__crt_stdio_output@@IAE_NAA_J@Z 10020b00 f i libucrtd:output.obj
 0001:0001fb30       ??$extract_argument_from_va_list@F_J@?$standard_base@_WV?$string_output_adapter@_W@__crt_stdio_output@@@__crt_stdio_output@@IAE_NAA_J@Z 10020b30 f i libucrtd:output.obj
 0001:0001fb60       ??$extract_argument_from_va_list@GD@?$positional_parameter_base@DV?$stream_output_adapter@D@__crt_stdio_output@@@__crt_stdio_output@@IAE_NAAD@Z 10020b60 f i libucrtd:output.obj
 0001:0001fc90       ??$extract_argument_from_va_list@GD@?$positional_parameter_base@DV?$string_output_adapter@D@__crt_stdio_output@@@__crt_stdio_output@@IAE_NAAD@Z 10020c90 f i libucrtd:output.obj
 0001:0001fdc0       ??$extract_argument_from_va_list@GD@?$standard_base@DV?$stream_output_adapter@D@__crt_stdio_output@@@__crt_stdio_output@@IAE_NAAD@Z 10020dc0 f i libucrtd:output.obj
 0001:0001fdf0       ??$extract_argument_from_va_list@GD@?$standard_base@DV?$string_output_adapter@D@__crt_stdio_output@@@__crt_stdio_output@@IAE_NAAD@Z 10020df0 f i libucrtd:output.obj
 0001:0001fe20       ??$extract_argument_from_va_list@G_J@?$positional_parameter_base@DV?$stream_output_adapter@D@__crt_stdio_output@@@__crt_stdio_output@@IAE_NAA_J@Z 10020e20 f i libucrtd:output.obj
 0001:0001ff60       ??$extract_argument_from_va_list@G_J@?$positional_parameter_base@DV?$string_output_adapter@D@__crt_stdio_output@@@__crt_stdio_output@@IAE_NAA_J@Z 10020f60 f i libucrtd:output.obj
 0001:000200a0       ??$extract_argument_from_va_list@G_J@?$positional_parameter_base@_WV?$stream_output_adapter@_W@__crt_stdio_output@@@__crt_stdio_output@@IAE_NAA_J@Z 100210a0 f i libucrtd:output.obj
 0001:000201e0       ??$extract_argument_from_va_list@G_J@?$positional_parameter_base@_WV?$string_output_adapter@_W@__crt_stdio_output@@@__crt_stdio_output@@IAE_NAA_J@Z 100211e0 f i libucrtd:output.obj
 0001:00020320       ??$extract_argument_from_va_list@G_J@?$standard_base@DV?$stream_output_adapter@D@__crt_stdio_output@@@__crt_stdio_output@@IAE_NAA_J@Z 10021320 f i libucrtd:output.obj
 0001:00020350       ??$extract_argument_from_va_list@G_J@?$standard_base@DV?$string_output_adapter@D@__crt_stdio_output@@@__crt_stdio_output@@IAE_NAA_J@Z 10021350 f i libucrtd:output.obj
 0001:00020380       ??$extract_argument_from_va_list@G_J@?$standard_base@_WV?$stream_output_adapter@_W@__crt_stdio_output@@@__crt_stdio_output@@IAE_NAA_J@Z 10021380 f i libucrtd:output.obj
 0001:000203b0       ??$extract_argument_from_va_list@G_J@?$standard_base@_WV?$string_output_adapter@_W@__crt_stdio_output@@@__crt_stdio_output@@IAE_NAA_J@Z 100213b0 f i libucrtd:output.obj
 0001:000203e0       ??$extract_argument_from_va_list@H_J@?$positional_parameter_base@DV?$stream_output_adapter@D@__crt_stdio_output@@@__crt_stdio_output@@IAE_NAA_J@Z 100213e0 f i libucrtd:output.obj
 0001:00020510       ??$extract_argument_from_va_list@H_J@?$positional_parameter_base@DV?$string_output_adapter@D@__crt_stdio_output@@@__crt_stdio_output@@IAE_NAA_J@Z 10021510 f i libucrtd:output.obj
 0001:00020640       ??$extract_argument_from_va_list@H_J@?$positional_parameter_base@_WV?$stream_output_adapter@_W@__crt_stdio_output@@@__crt_stdio_output@@IAE_NAA_J@Z 10021640 f i libucrtd:output.obj
 0001:00020770       ??$extract_argument_from_va_list@H_J@?$positional_parameter_base@_WV?$string_output_adapter@_W@__crt_stdio_output@@@__crt_stdio_output@@IAE_NAA_J@Z 10021770 f i libucrtd:output.obj
 0001:000208a0       ??$extract_argument_from_va_list@H_J@?$standard_base@DV?$stream_output_adapter@D@__crt_stdio_output@@@__crt_stdio_output@@IAE_NAA_J@Z 100218a0 f i libucrtd:output.obj
 0001:000208d0       ??$extract_argument_from_va_list@H_J@?$standard_base@DV?$string_output_adapter@D@__crt_stdio_output@@@__crt_stdio_output@@IAE_NAA_J@Z 100218d0 f i libucrtd:output.obj
 0001:00020900       ??$extract_argument_from_va_list@H_J@?$standard_base@_WV?$stream_output_adapter@_W@__crt_stdio_output@@@__crt_stdio_output@@IAE_NAA_J@Z 10021900 f i libucrtd:output.obj
 0001:00020930       ??$extract_argument_from_va_list@H_J@?$standard_base@_WV?$string_output_adapter@_W@__crt_stdio_output@@@__crt_stdio_output@@IAE_NAA_J@Z 10021930 f i libucrtd:output.obj
 0001:00020960       ??$extract_argument_from_va_list@I_J@?$positional_parameter_base@DV?$stream_output_adapter@D@__crt_stdio_output@@@__crt_stdio_output@@IAE_NAA_J@Z 10021960 f i libucrtd:output.obj
 0001:00020a90       ??$extract_argument_from_va_list@I_J@?$positional_parameter_base@DV?$string_output_adapter@D@__crt_stdio_output@@@__crt_stdio_output@@IAE_NAA_J@Z 10021a90 f i libucrtd:output.obj
 0001:00020bc0       ??$extract_argument_from_va_list@I_J@?$positional_parameter_base@_WV?$stream_output_adapter@_W@__crt_stdio_output@@@__crt_stdio_output@@IAE_NAA_J@Z 10021bc0 f i libucrtd:output.obj
 0001:00020cf0       ??$extract_argument_from_va_list@I_J@?$positional_parameter_base@_WV?$string_output_adapter@_W@__crt_stdio_output@@@__crt_stdio_output@@IAE_NAA_J@Z 10021cf0 f i libucrtd:output.obj
[...]
 0002:0001b058       __sehtable$??$?RV<lambda_a7e850c220f1c8d1e6efeecdedd162c6>@@AAV<lambda_46720907175c18b6c9d2717bc0d2d362>@@V<lambda_9048902d66e8d99359bc9897bbb930a8>@@@?$__crt_seh_guarded_call@X@@QAEX$$QAV<lambda_a7e850c220f1c8d1e6efeecdedd162c6>@@AAV<lambda_46720907175c18b6c9d2717bc0d2d362>@@$$QAV<lambda_9048902d66e8d99359bc9897bbb930a8>@@@Z 1008f058     libucrtd:per_thread_data.obj
 0002:0001b078       __sehtable$??$?RV<lambda_eb0e2b1d104b126d27395a74edba6f03>@@AAV<lambda_d51eb34c9f7d53dbc39f6b791b6a3e42>@@V<lambda_f7564ebddb1f0eaf818ab6f3eade8363>@@@?$__crt_seh_guarded_call@X@@QAEX$$QAV<lambda_eb0e2b1d104b126d27395a74edba6f03>@@AAV<lambda_d51eb34c9f7d53dbc39f6b791b6a3e42>@@$$QAV<lambda_f7564ebddb1f0eaf818ab6f3eade8363>@@@Z 1008f078     libucrtd:per_thread_data.obj
 0002:0001b098       __sehtable$??$?RV<lambda_6affb1475c98b40b75cdec977db92e3c>@@AAV<lambda_b8d4b9c228a6ecc3f80208dbb4b4a104>@@V<lambda_608742c3c92a14382c1684fc64f96c88>@@@?$__crt_seh_guarded_call@X@@QAEX$$QAV<lambda_6affb1475c98b40b75cdec977db92e3c>@@AAV<lambda_b8d4b9c228a6ecc3f80208dbb4b4a104>@@$$QAV<lambda_608742c3c92a14382c1684fc64f96c88>@@@Z 1008f098     libucrtd:per_thread_data.obj
 0002:0001b0b8       __sehtable$__free_locale   1008f0b8     libucrtd:wsetlocale.obj
 0002:0001b0e0       __sehtable$??$?RV<lambda_e5124f882df8998aaf41531e079ba474>@@AAV<lambda_3e16ef9562a7dcce91392c22ab16ea36>@@V<lambda_e25ca0880e6ef98be67edffd8c599615>@@@?$__crt_seh_guarded_call@X@@QAEX$$QAV<lambda_e5124f882df8998aaf41531e079ba474>@@AAV<lambda_3e16ef9562a7dcce91392c22ab16ea36>@@$$QAV<lambda_e25ca0880e6ef98be67edffd8c599615>@@@Z 1008f0e0     libucrtd:wsetlocale.obj
 0002:0001b100       __sehtable$??$?RV<lambda_82aef432098b982f9ede325b418aa67a>@@AAV<lambda_862e9a3f04921db6ca1ce3faa2bf3edf>@@V<lambda_ffabc152e504b53d7492b9889b10c020>@@@?$__crt_seh_guarded_call@X@@QAEX$$QAV<lambda_82aef432098b982f9ede325b418aa67a>@@AAV<lambda_862e9a3f04921db6ca1ce3faa2bf3edf>@@$$QAV<lambda_ffabc152e504b53d7492b9889b10c020>@@@Z 1008f100     libucrtd:wsetlocale.obj
 0002:0001b120       __sehtable$??$?RV<lambda_6673f7c4c09a5d469d0c27ae364621ce>@@AAV<lambda_ebab98244f73a74f49db879bf13fa982>@@V<lambda_be20789b7a146653eab82509ec35b419>@@@?$__crt_seh_guarded_call@X@@QAEX$$QAV<lambda_6673f7c4c09a5d469d0c27ae364621ce>@@AAV<lambda_ebab98244f73a74f49db879bf13fa982>@@$$QAV<lambda_be20789b7a146653eab82509ec35b419>@@@Z 1008f120     libucrtd:wsetlocale.obj
 0002:0001b140       __sehtable$??$?RV<lambda_77dab89fbeac4a713f5109d3a84a64bd>@@AAV<lambda_5aa87bd3d20598fe94a7059d4352bb0a>@@V<lambda_5f774f8e5ad3390f551a2c439a85eac2>@@@?$__crt_seh_guarded_call@X@@QAEX$$QAV<lambda_77dab89fbeac4a713f5109d3a84a64bd>@@AAV<lambda_5aa87bd3d20598fe94a7059d4352bb0a>@@$$QAV<lambda_5f774f8e5ad3390f551a2c439a85eac2>@@@Z 1008f140     libucrtd:wsetlocale.obj
 0002:0001b160       __sehtable$??$?RV<lambda_287639389cd93001d524e978add0a966>@@AAV<lambda_ec6e89223f0b55d129b385f28d5ef06c>@@AAV<lambda_8dff2cf36a5417162780cd64fa2883ef>@@@?$__crt_seh_guarded_call@X@@QAEX$$QAV<lambda_287639389cd93001d524e978add0a966>@@AAV<lambda_ec6e89223f0b55d129b385f28d5ef06c>@@AAV<lambda_8dff2cf36a5417162780cd64fa2883ef>@@@Z 1008f160     libucrtd:wsetlocale.obj
 0002:0001b180       __sehtable$?update_thread_multibyte_data_internal@@YAPAU__crt_multibyte_data@@QAU__acrt_ptd@@QAU1@@Z 1008f180     libucrtd:mbctype.obj
 0002:0001b1a0       __sehtable$??$?RV<lambda_b5fb591949065c3fa449bad279e8c939>@@AAV<lambda_6c10a39a819b864ce80acc26b314dcd3>@@V<lambda_e567670a9eae49807d365f3e9c117712>@@@?$__crt_seh_guarded_call@X@@QAEX$$QAV<lambda_b5fb591949065c3fa449bad279e8c939>@@AAV<lambda_6c10a39a819b864ce80acc26b314dcd3>@@$$QAV<lambda_e567670a9eae49807d365f3e9c117712>@@@Z 1008f1a0     libucrtd:mbctype.obj
 0002:0001b1c0       __sehtable$??$?RV<lambda_93797fb4802c957ba6a7f08e1250235b>@@AAV<lambda_1f3ce6bd48e0aa2e72a71c02eee379d3>@@V<lambda_56cae30c9364c9b6c15aeaac05d0418e>@@@?$__crt_seh_guarded_call@H@@QAEH$$QAV<lambda_93797fb4802c957ba6a7f08e1250235b>@@AAV<lambda_1f3ce6bd48e0aa2e72a71c02eee379d3>@@$$QAV<lambda_56cae30c9364c9b6c15aeaac05d0418e>@@@Z 1008f1c0     libucrtd:winapi_thunks.obj
 0002:0001b1e0       __sehtable$___acrt_initialize_lowio 1008f1e0     libucrtd:ioinit.obj
 0002:0001b200       __sehtable$__query_new_handler 1008f200     libucrtd:new_handler.obj
 0002:0001b220       __sehtable$__set_new_handler 1008f220     libucrtd:new_handler.obj
 0002:0001b240       __sehtable$_signal         1008f240     libucrtd:signal.obj
 0002:0001b260       __sehtable$_raise          1008f260     libucrtd:signal.obj
 0002:0001b280       __sehtable$?ctrlevent_capture@@YGHK@Z 1008f280     libucrtd:signal.obj
 0002:0001b2a0       __sehtable$??$?RV<lambda_cbab9ec6f41b0180b23cc171c22676b0>@@AAV<lambda_44731a7d0e6d81c3e6aa82d741081786>@@V<lambda_4b292cb8dd18144e164572427af410ab>@@@?$__crt_seh_guarded_call@P6AXH@Z@@QAEP6AXH@Z$$QAV<lambda_cbab9ec6f41b0180b23cc171c22676b0>@@AAV<lambda_44731a7d0e6d81c3e6aa82d741081786>@@$$QAV<lambda_4b292cb8dd18144e164572427af410ab>@@@Z 1008f2a0     libucrtd:signal.obj
 0002:0001b2bc       __unwindtable$?fp_format_a@@YAHQBNPADIQADIH_NIQAU__crt_locale_pointers@@@Z 1008f2bc     libucrtd:cvt.obj
 0002:0001b2c4       __ehfuncinfo$?fp_format_a@@YAHQBNPADIQADIH_NIQAU__crt_locale_pointers@@@Z 1008f2c4     libucrtd:cvt.obj
 0002:0001b2e8       __sehtable$_fputwc         1008f2e8     libucrtd:fputwc.obj
 0002:0001b308       __sehtable$_fputc          1008f308     libucrtd:fputc.obj
 0002:0001b328       __sehtable$__VCrtDbgReportA 1008f328     libucrtd:dbgrptt.obj
 0002:0001b350       __sehtable$__VCrtDbgReportW 1008f350     libucrtd:dbgrptt.obj
 0002:0001b378       __sehtable$___acrt_update_thread_locale_data 1008f378     libucrtd:locale_refcounting.obj
 0002:0001b394       __unwindtable$?shortsort@@YAXPAD0IP6AHPBX1@Z@Z 1008f394     libucrtd:qsort.obj
 0002:0001b39c       __ehfuncinfo$?shortsort@@YAXPAD0IP6AHPBX1@Z@Z 1008f39c     libucrtd:qsort.obj
 0002:0001b3c0       __sehtable$__open_osfhandle 1008f3c0     libucrtd:osfinfo.obj
 0002:0001b3e0       __sehtable$__alloc_osfhnd  1008f3e0     libucrtd:osfinfo.obj
 0002:0001b400       __sehtable$___acrt_lowio_ensure_fh_exists 1008f400     libucrtd:osfinfo.obj
 0002:0001b420       __sehtable$??$?RV<lambda_2866be3712abc81a800a822484c830d8>@@AAV<lambda_39ca0ed439415581b5b15c265174cece>@@V<lambda_2b24c74d71094a6cd0cb82e44167d71b>@@@?$__crt_seh_guarded_call@X@@QAEX$$QAV<lambda_2866be3712abc81a800a822484c830d8>@@AAV<lambda_39ca0ed439415581b5b15c265174cece>@@$$QAV<lambda_2b24c74d71094a6cd0cb82e44167d71b>@@@Z 1008f420     libucrtd:fflush.obj
 0002:0001b440       __sehtable$??$?RV<lambda_2cc53f568c5a2bb6f192f930a45d44ea>@@AAV<lambda_ab61a845afdef5b7c387490eaf3616ee>@@V<lambda_c2ffc0b7726aa6be21d5f0026187e748>@@@?$__crt_seh_guarded_call@X@@QAEX$$QAV<lambda_2cc53f568c5a2bb6f192f930a45d44ea>@@AAV<lambda_ab61a845afdef5b7c387490eaf3616ee>@@$$QAV<lambda_c2ffc0b7726aa6be21d5f0026187e748>@@@Z 1008f440     libucrtd:fflush.obj
 0002:0001b460       __sehtable$??$?RV<lambda_6d20deecaf4856105ebacbad442d1079>@@AAV<lambda_9a32fed5bf61b6b509b2d3f6003082a1>@@V<lambda_63ea2239ed67c638ddbae41947fdf875>@@@?$__crt_seh_guarded_call@H@@QAEH$$QAV<lambda_6d20deecaf4856105ebacbad442d1079>@@AAV<lambda_9a32fed5bf61b6b509b2d3f6003082a1>@@$$QAV<lambda_63ea2239ed67c638ddbae41947fdf875>@@@Z 1008f460     libucrtd:fflush.obj
 0002:0001b480       __sehtable$__fcloseall     1008f480     libucrtd:closeall.obj
 0002:0001b49c       __unwindtable$?_wcstombs_l_helper@@YAIPADPB_WIPAU__crt_locale_pointers@@@Z 1008f49c     libucrtd:wcstombs.obj
 0002:0001b4a4       __ehfuncinfo$?_wcstombs_l_helper@@YAIPADPB_WIPAU__crt_locale_pointers@@@Z 1008f4a4     libucrtd:wcstombs.obj
 0002:0001b4c8       __sehtable$??$?RV<lambda_73934b50d04267ee15484ada9e51f93a>@@AAV<lambda_5533cddd4bda0037814beee657757329>@@V<lambda_505f522a38cc75b1e009910344c75d09>@@@?$__crt_seh_guarded_call@H@@QAEH$$QAV<lambda_73934b50d04267ee15484ada9e51f93a>@@AAV<lambda_5533cddd4bda0037814beee657757329>@@$$QAV<lambda_505f522a38cc75b1e009910344c75d09>@@@Z 1008f4c8     libucrtd:commit.obj
 0002:0001b4e8       __sehtable$__write         1008f4e8     libucrtd:write.obj
 0002:0001b508       __sehtable$??$common_lseek@J@@YAJHJH@Z 1008f508     libucrtd:lseek.obj
 0002:0001b528       __sehtable$??$common_lseek@_J@@YA_JH_JH@Z 1008f528     libucrtd:lseek.obj
 0002:0001b548       __sehtable$_fclose         1008f548     libucrtd:fclose.obj
 0002:0001b568       __sehtable$??$?RV<lambda_f828341fbe69b7c0d4c527b01f22877f>@@AAV<lambda_9e0b6ab72a5b3ae37ad997d08b519f50>@@V<lambda_f01deac0a8d65d6e0411edf7e0af5775>@@@?$__crt_seh_guarded_call@G@@QAEG$$QAV<lambda_f828341fbe69b7c0d4c527b01f22877f>@@AAV<lambda_9e0b6ab72a5b3ae37ad997d08b519f50>@@$$QAV<lambda_f01deac0a8d65d6e0411edf7e0af5775>@@@Z 1008f568     libucrtd:putwch.obj
 0002:0001b588       __sehtable$??$?RV<lambda_e683defbe2e5a27c42b5544acbb13393>@@AAV<lambda_4e7105787b7b0e0227fbf2b2d883fa65>@@V<lambda_80a887151cae997482d53eaa74bb832b>@@@?$__crt_seh_guarded_call@H@@QAEH$$QAV<lambda_e683defbe2e5a27c42b5544acbb13393>@@AAV<lambda_4e7105787b7b0e0227fbf2b2d883fa65>@@$$QAV<lambda_80a887151cae997482d53eaa74bb832b>@@@Z 1008f588     libucrtd:close.obj
 0002:0001b5a8       __sehtable$?__acrt_stdio_allocate_stream@@YA?AV__crt_stdio_stream@@XZ 1008f5a8     libucrtd:stream.obj
 0002:0001b5c8       __sehtable$___set_fpsr_sse2 1008f5c8     libucrtd:fpctrl.obj
 0002:0001b5e8       __sehtable$__IsNonwritableInCurrentImage 1008f5e8     LIBCMTD:pesect.obj
 0002:0001b608       __sehtable$___FrameUnwindToState 1008f608     libvcruntimed:frame.obj
 0002:0001b630       __sehtable$?CallCatchBlock@@YAPAXPAUEHExceptionRecord@@PAUEHRegistrationNode@@PAU_CONTEXT@@PBU_s_FuncInfo@@PAXHK@Z 1008f630     libvcruntimed:frame.obj
 0002:0001b658       __sehtable$___BuildCatchObject 1008f658     libvcruntimed:frame.obj
 0002:0001b678       __sehtable$___DestructExceptionObject 1008f678     libvcruntimed:frame.obj
 0002:0001b694       __catchsym$?CallUnexpected@@YAXPBU_s_ESTypeList@@@Z$2 1008f694     libvcruntimed:frame.obj
 0002:0001b6a4       __unwindtable$?CallUnexpected@@YAXPBU_s_ESTypeList@@@Z 1008f6a4     libvcruntimed:frame.obj
 0002:0001b6b4       __tryblocktable$?CallUnexpected@@YAXPBU_s_ESTypeList@@@Z 1008f6b4     libvcruntimed:frame.obj
 0002:0001b6c8       __ehfuncinfo$?CallUnexpected@@YAXPBU_s_ESTypeList@@@Z 1008f6c8     libvcruntimed:frame.obj
 0002:0001b6f0       __sehtable$___BuildCatchObjectHelper 1008f6f0     libvcruntimed:frame.obj
 0002:0001b760       .edata                     1008f760     kermdec.exp
 0002:0001b788       rgpv                       1008f788     kermdec.exp
 0002:0001b7b0       rgszName                   1008f7b0     kermdec.exp
 0002:0001b7d8       rgwOrd                     1008f7d8     kermdec.exp
 0002:0001b7ec       szName                     1008f7ec     kermdec.exp
 0002:0001b7f8       $N00104                    1008f7f8     kermdec.exp
 0002:0001b81b       $N00109                    1008f81b     kermdec.exp
 0002:0001b83d       $N00103                    1008f83d     kermdec.exp
 0002:0001b847       $N00108                    1008f847     kermdec.exp
 0002:0001b850       $N00105                    1008f850     kermdec.exp
 0002:0001b85e       $N00102                    1008f85e     kermdec.exp
 0002:0001b867       $N00106                    1008f867     kermdec.exp
 0002:0001b877       $N00107                    1008f877     kermdec.exp
 0002:0001b886       $N00100                    1008f886     kermdec.exp
 0002:0001b890       $N00101                    1008f890     kermdec.exp
 0002:0001bac8       .idata$6                   1008fac8     kernel32:KERNEL32.dll
 0002:0001bb86       .idata$6                   1008fb86     user32:USER32.dll
 0003:00000348       ?FgAttrMap@@3PAEA          10091348     kermdec.obj
 0003:00000350       ?BgAttrMap@@3PAEA          10091350     kermdec.obj
 0003:00000358       ?dkm@@3PAUDECKEYMAP@@A     10091358     kermdec.obj
 0003:00000410       ?km@@3PAUKEYMAP@@A         10091410     kermdec.obj
 0003:00000600       ?__vcrt_flsindex@@3KA      10091600     libvcruntimed:per_thread_data.obj
 0003:00000620       ?__acrt_current_request_number@@3JA 10091620     libucrtd:debug_heap.obj
 0003:00000634       ?errno_no_memory@@3HA      10091634     libucrtd:errno.obj
 0003:00000638       ?doserrno_no_memory@@3KA   10091638     libucrtd:errno.obj
 0003:0000063c       ?__acrt_flsindex@@3KA      1009163c     libucrtd:per_thread_data.obj
 0003:00000640       __ctype_loc_style          10091640     libucrtd:wsetlocale.obj
 0003:00000930       __mbctypes                 10091930     libucrtd:mbctype.obj
 0003:00000a38       __mbcasemaps               10091a38     libucrtd:mbctype.obj
 0003:00000b38       ?__rgctypeflag@@3PADA      10091b38     libucrtd:mbctype.obj
 0003:00000b40       ?__rgcode_page_info@@3PAUcode_page_info@@A 10091b40     libucrtd:mbctype.obj
 0003:00000c60       ?global_msvcrt_heap_handle_cache@?1??__acrt_get_msvcrt_heap_handle@@9@4PAXA 10091c60     libucrtd:free_base.obj
 0003:00000c68       ?__acrt_debug_fill_threshold@@3IA 10091c68     libucrtd:debug_fill_threshold.obj
 0003:00000da4       ?__DAZ_ENABLED@?1??__set_fpsr_sse2@@9@9 10091da4     libucrtd:fpctrl.obj
 0003:00000ed8       ?Rect@@3UtagRECT@@A        10091ed8     kermdec.obj
 0003:00000ee8       ?szDesc@?1??DrawTermDesc@@YAXXZ@4PADA 10091ee8     kermdec.obj
 0003:00000f28       ?cRow@?1??WriteDirectCursorSeq@@YAXD@Z@4DA 10091f28     kermdec.obj
 0003:00000f2c       ?szWorkBuf@?FO@??WriteTermCharEscSeq@@YAXD@Z@4PADA 10091f2c     kermdec.obj
 0003:00000f3c       ?szWorkStr@?1??ProcessTermKey@@9@8@4PADA 10091f3c     kermdec.obj
 0003:00000f50       _GS_ExceptionRecord        10091f50     LIBCMTD:gs_report.obj
 0003:00000fa0       _GS_ContextRecord          10091fa0     LIBCMTD:gs_report.obj
 0003:0000126c       ?__proc_attached@@3HA      1009226c     LIBCMTD:dll_dllmain.obj
 0003:00001290       ?module_local_atexit_table@@3U_onexit_table_t@@A 10092290     LIBCMTD:utility.obj
 0003:0000129c       ?module_local_at_quick_exit_table@@3U_onexit_table_t@@A 1009229c     LIBCMTD:utility.obj
 0003:000012a8       ?module_local_atexit_table_initialized@@3_NA 100922a8     LIBCMTD:utility.obj
 0003:000012a9       ?is_initialized_as_dll@@3_NA 100922a9     LIBCMTD:utility.obj
 0003:000012e0       ?heap@@3V_HeapManager@@A   100922e0     libvcruntimed:undname.obj
 0003:000012f8       ?buf@?1??dbGetString@DName@@QBEPADXZ@4PADA 100922f8     libvcruntimed:undname.obj
 0003:0000137c       ?__vcrt_startup_thread_ptd@@3U__vcrt_ptd@@A 1009237c     libvcruntimed:per_thread_data.obj
 0003:000013a4       ___vcrt_lock_table         100923a4     libvcruntimed:locks.obj
 0003:000013bc       ___vcrt_locks_initialized  100923bc     libvcruntimed:locks.obj
 0003:000013c0       ?module_handles@@3PAPAUHINSTANCE__@@A 100923c0     libvcruntimed:winapi_downlevel.obj
 0003:000013cc       ?encoded_function_pointers@@3PAPAXA 100923cc     libvcruntimed:winapi_downlevel.obj
 0003:000013e4       ?c_termination_complete@@3JA 100923e4     libucrtd:exit.obj
 0003:000013e8       ?thread_local_exit_callback_func@@3P6GXPAXK0@ZA 100923e8     libucrtd:exit.obj
 0003:000013f0       ?program_name@?1???$common_configure_argv@D@@YAHW4_crt_argv_mode@@@Z@4PADA 100923f0     libucrtd:argv_parsing.obj
 0003:000014f8       ?program_name@?1???$common_configure_argv@_W@@YAHW4_crt_argv_mode@@@Z@4PA_WA 100924f8     libucrtd:argv_parsing.obj
 0003:0000172c       ?__acrt_first_block@@3PAU_CrtMemBlockHeader@@A 1009272c     libucrtd:debug_heap.obj
 0003:00001730       ?__acrt_last_block@@3PAU_CrtMemBlockHeader@@A 10092730     libucrtd:debug_heap.obj
 0003:00001734       ?__acrt_total_allocations@@3IA 10092734     libucrtd:debug_heap.obj
 0003:00001738       ?__acrt_current_allocations@@3IA 10092738     libucrtd:debug_heap.obj
 0003:0000173c       ?__acrt_max_allocations@@3IA 1009273c     libucrtd:debug_heap.obj
 0003:00001740       ?__acrt_check_frequency@@3IA 10092740     libucrtd:debug_heap.obj
 0003:00001744       ?__acrt_check_counter@@3IA 10092744     libucrtd:debug_heap.obj
 0003:0000174c       ?heap_validation_pending@@3_NA 1009274c     libucrtd:debug_heap.obj
 0003:00001750       ?__acrt_invalid_parameter_handler@@3V?$dual_state_global@P6AXPB_W00II@Z@__crt_state_management@@A 10092750     libucrtd:invalid_parameter.obj
 0003:00001760       ?__acrt_lock_table@@3PAU_RTL_CRITICAL_SECTION@@A 10092760     libucrtd:locks.obj
 0003:000018b0       ?__acrt_locks_initialized@@3IA 100928b0     libucrtd:locks.obj
 0003:000018b4       ?state_cache@?1???$get_cached_win_policy@Ubegin_thread_init_policy_properties@?1??__acrt_get_begin_thread_init_policy@@YA?AW4begin_thread_init_policy@@XZ@@@YA?AW4begin_thread_init_policy@@W4AppPolicyThreadInitializationType@@@Z@4JA 100928b4     libucrtd:win_policies.obj
 0003:000018b8       ?state_cache@?1???$get_cached_win_policy@Udeveloper_information_policy_properties@?1??__acrt_get_developer_information_policy@@YA?AW4developer_information_policy@@XZ@@@YA?AW4developer_information_policy@@W4AppPolicyShowDeveloperDiagnostic@@@Z@4JA 100928b8     libucrtd:win_policies.obj
 0003:000018bc       ?state_cache@?1???$get_cached_win_policy@Uwindowing_model_policy_properties@?1??__acrt_get_windowing_model_policy@@YA?AW4windowing_model_policy@@XZ@@@YA?AW4windowing_model_policy@@W4AppPolicyWindowingModel@@@Z@4JA 100928bc     libucrtd:win_policies.obj
 0003:000018cc       ?fSystemSet@@3HA           100928cc     libucrtd:mbctype.obj
 0003:000018d0       ?initialized@?1??__acrt_initialize_multibyte@@9@4_NA 100928d0     libucrtd:mbctype.obj
 0003:000018f0       ?module_handles@@3PAPAUHINSTANCE__@@A 100928f0     libucrtd:winapi_thunks.obj
 0003:00001940       ?encoded_function_pointers@@3PAPAXA 10092940     libucrtd:winapi_thunks.obj
 0003:000019c8       ?static_enum_proc@?1??enum_system_locales_ex_nolock@@YAHQ6GHPA_WKJ@Z@Z@4P6GH0KJ@ZA 100929c8     libucrtd:winapi_thunks.obj
 0003:00001bd4       ?__acrt_new_handler@@3V?$dual_state_global@P6AHI@Z@__crt_state_management@@A 10092bd4     libucrtd:new_handler.obj
 0003:00001bd8       ?console_ctrl_handler_installed@@3_NA 10092bd8     libucrtd:signal.obj
 0003:00001bdc       ?ctrlc_action@@3V?$dual_state_global@P6AXH@Z@__crt_state_management@@A 10092bdc     libucrtd:signal.obj
 0003:00001be0       ?ctrlbreak_action@@3V?$dual_state_global@P6AXH@Z@__crt_state_management@@A 10092be0     libucrtd:signal.obj
 0003:00001be4       ?abort_action@@3V?$dual_state_global@P6AXH@Z@__crt_state_management@@A 10092be4     libucrtd:signal.obj
 0003:00001be8       ?term_action@@3V?$dual_state_global@P6AXH@Z@__crt_state_management@@A 10092be8     libucrtd:signal.obj
 0003:00001bec       ?user_matherr@@3V?$dual_state_global@P6AHPAU_exception@@@Z@__crt_state_management@@A 10092bec     libucrtd:matherr.obj
 0003:00001bf8       ?__acrt_global_new_mode@@3V?$dual_state_global@J@__crt_state_management@@A 10092bf8     libucrtd:new_mode.obj
 0003:00001c08       ?enable_percent_n@@3IA     10092c08     libucrtd:printf_count_output.obj
 0003:00001c0c       ?__acrt_app_type@@3W4_crt_app_type@@A 10092c0c     libucrtd:report_runtime_error.obj
 0003:00001c10       ?outmsg@?9??__acrt_report_runtime_error@@9@4PA_WA 10092c10     libucrtd:report_runtime_error.obj
 0003:0000224c       ___acrt_error_mode         1009324c     libucrtd:set_error_mode.obj
 0003:00002254       __pmatherr_set             10093254     libucrtd:libm_error.obj
 0004:000001b0       $R000000                   100941b0     kermdec.res
 0004:00000498       $R0002E8                   10094498     kermdec.res
 0004:000004b0       $R000300                   100944b0     kermdec.res
 0004:000007c8       $R000618                   100947c8     kermdec.res
 0004:000008b0       $R000700                   100948b0     kermdec.res
