 setup

 Timestamp is 5bdcd624 (Fri Nov  2 15:56:36 2018)

 Preferred load address is 00400000

 Start         Length     Name                   Class
 0001:00000000 00073160H .text$mn                CODE
 0001:00073160 000000dbH .text$x                 CODE
 0002:00000000 000002c4H .idata$5                DATA
 0002:000002c4 00000004H .00cfg                  DATA
 0002:000002c8 00000004H .CRT$XCA                DATA
 0002:000002cc 00000004H .CRT$XCAA               DATA
 0002:000002d0 00000004H .CRT$XCZ                DATA
 0002:000002d4 00000004H .CRT$XIA                DATA
 0002:000002d8 00000004H .CRT$XIAA               DATA
 0002:000002dc 00000004H .CRT$XIAC               DATA
 0002:000002e0 0000000cH .CRT$XIC                DATA
 0002:000002ec 00000004H .CRT$XIZ                DATA
 0002:000002f0 00000004H .CRT$XPA                DATA
 0002:000002f4 00000008H .CRT$XPX                DATA
 0002:000002fc 00000004H .CRT$XPXA               DATA
 0002:00000300 00000004H .CRT$XPZ                DATA
 0002:00000304 00000004H .CRT$XTA                DATA
 0002:00000308 00000008H .CRT$XTZ                DATA
 0002:0000030c 00000000H .gfids$y                DATA
 0002:00000310 0001b7d0H .rdata                  DATA
 0002:0001bae0 000002a0H .rdata$r                DATA
 0002:0001bd80 00000028H .rdata$sxdata           DATA
 0002:0001bda8 0000032cH .rdata$zzzdbg           DATA
 0002:0001c0d4 00000004H .rtc$IAA                DATA
 0002:0001c0d8 00000004H .rtc$IZZ                DATA
 0002:0001c0dc 00000004H .rtc$TAA                DATA
 0002:0001c0e0 00000008H .rtc$TZZ                DATA
 0002:0001c0e8 00000b58H .xdata$x                DATA
 0002:0001cc40 00000000H .edata                  DATA
 0002:0001cc40 00000064H .idata$2                DATA
 0002:0001cca4 00000014H .idata$3                DATA
 0002:0001ccb8 000002c4H .idata$4                DATA
 0002:0001cf7c 00000c1eH .idata$6                DATA
 0003:00000000 00000a50H .data                   DATA
 0003:00000a50 00000110H .data$r                 DATA
 0003:00000b60 00001f84H .bss                    DATA
 0004:00000000 00000270H .rsrc$01                DATA
 0004:00000270 00000b70H .rsrc$02                DATA

  Address         Publics by Value              Rva+Base       Lib:Object

 0000:00000000       ___guard_iat_table         00000000     <absolute>
 0000:00000000       ___guard_longjmp_count     00000000     <absolute>
 0000:00000000       __except_list              00000000     <absolute>
 0000:00000000       ___guard_iat_count         00000000     <absolute>
 0000:00000000       ___guard_longjmp_table     00000000     <absolute>
 0000:00000000       ___guard_fids_table        00000000     <absolute>
 0000:00000000       ___guard_fids_count        00000000     <absolute>
 0000:00000000       ___dynamic_value_reloc_table 00000000     <absolute>
 0000:0000000a       ___safe_se_handler_count   0000000a     <absolute>
 0000:00000100       ___guard_flags             00000100     <absolute>
 0000:00000000       ___ImageBase               00400000     <linker-defined>
 0001:00000000       _WinMain@16                00401000 f   setup.obj
 0001:00000040       ?StrOSErr@@YAPADK@Z        00401040 f   setup.obj
 0001:00000070       ?GetVar@@YAPADPAD@Z        00401070 f   setup.obj
 0001:000000c0       ?HandleMessages@@YAHXZ     004010c0 f   setup.obj
 0001:00000140       ?GoDialogBox@@YAHPBDPAUHWND__@@P6GHXZ@Z 00401140 f   setup.obj
 0001:00000180       ?ConfirmAbort@@YAHPAUHWND__@@@Z 00401180 f   setup.obj
 0001:000001c0       ?FmtMsg@@YAHIPADZZ         004011c0 f   setup.obj
 0001:00000290       ?SetDlgItemFmtText@@YAHPAUHWND__@@HPADZZ 00401290 f   setup.obj
 0001:00000310       ?ReplaceFileOnReboot@@YAHPBD0@Z 00401310 f   setup.obj
 0001:00000600       ?AboutDlgProc@@YGHPAUHWND__@@IIJ@Z 00401600 f   setup.obj
 0001:00000700       ?DirDlgProc@@YGHPAUHWND__@@IIJ@Z 00401700 f   setup.obj
 0001:000008e0       ?ProgressDlgProc@@YGHPAUHWND__@@IIJ@Z 004018e0 f   setup.obj
 0001:00000960       ?StartProgressDlg@@YAHXZ   00401960 f   setup.obj
 0001:00000a00       ?EndProgressDlg@@YAHXZ     00401a00 f   setup.obj
 0001:00000a70       ?Setup_OnSysCommand@@YAXPAUHWND__@@IHH@Z 00401a70 f   setup.obj
 0001:00000b20       ?Setup_OnPaint@@YAXPAUHWND__@@@Z 00401b20 f   setup.obj
 0001:00000d90       ?SetupWndProc@@YGJPAUHWND__@@IIJ@Z 00401d90 f   setup.obj
 0001:00000ed0       ?InitSetupClass@@YAHXZ     00401ed0 f   setup.obj
 0001:00000f50       ?AppInit@@YAHPAUHINSTANCE__@@0PADH@Z 00401f50 f   setup.obj
 0001:00001300       ?AppTerm@@YAHXZ            00402300 f   setup.obj
 0001:00001370       ?SessionInit@@YAXXZ        00402370 f   setup.obj
 0001:00001380       ?SessionTerm@@YAXXZ        00402380 f   setup.obj
 0001:00001420       ?DdeCallback@@YGPAUHDDEDATA__@@IIPAUHCONV__@@PAUHSZ__@@1PAU1@KK@Z 00402420 f   setup.obj
 0001:00001430       ?GetLine@@YAHHPADH@Z       00402430 f   setup.obj
 0001:000014d0       ?XlateLine@@YAHPAD0H@Z     004024d0 f   setup.obj
 0001:00001620       ?LineType@@YAHPAD@Z        00402620 f   setup.obj
 0001:000016a0       ?Parse@@YAHPAD0ZZ          004026a0 f   setup.obj
 0001:00001810       ?IdentifySection@@YAHPADH@Z 00402810 f   setup.obj
 0001:00001900       ?MainStart@@YAHXZ          00402900 f   setup.obj
 0001:00001980       ?MainSetVar@@YAHPADH@Z     00402980 f   setup.obj
 0001:000019f0       ?MainMode@@YAHPADH@Z       004029f0 f   setup.obj
 0001:00001ab0       ?MainGetIniVar@@YAHPADH@Z  00402ab0 f   setup.obj
 0001:00001b30       ?MainGetRegVar@@YAHPADH@Z  00402b30 f   setup.obj
 0001:00001c30       ?MainRunAtExit@@YAHPADH@Z  00402c30 f   setup.obj
 0001:00001c90       ?MainEnd@@YAHXZ            00402c90 f   setup.obj
 0001:00001cf0       ?ConfigStart@@YAHXZ        00402cf0 f   setup.obj
 0001:00001d10       ?ConfigGetDir@@YAHPADH@Z   00402d10 f   setup.obj
 0001:00001de0       ?ConfigConfirm@@YAHPADH@Z  00402de0 f   setup.obj
 0001:00001e60       ?ConfigEnd@@YAHXZ          00402e60 f   setup.obj
 0001:00001e70       ?FilesStart@@YAHXZ         00402e70 f   setup.obj
 0001:00001ee0       ?FilesCopyFile@@YAHPADH@Z  00402ee0 f   setup.obj
 0001:000022a0       ?FilesDelFile@@YAHPADH@Z   004032a0 f   setup.obj
 0001:00002390       ?FilesDelDir@@YAHPADH@Z    00403390 f   setup.obj
 0001:00002480       ?FilesWinExec@@YAHPADH@Z   00403480 f   setup.obj
 0001:000024e0       ?FilesEnd@@YAHXZ           004034e0 f   setup.obj
 0001:00002520       ?WinIniStart@@YAHXZ        00403520 f   setup.obj
 0001:00002590       ?WinIniAddVal@@YAHPADH@Z   00403590 f   setup.obj
 0001:00002600       ?WinIniDelKey@@YAHPADH@Z   00403600 f   setup.obj
 0001:00002660       ?WinIniDelSec@@YAHPADH@Z   00403660 f   setup.obj
 0001:000026c0       ?WinIniEnd@@YAHXZ          004036c0 f   setup.obj
 0001:00002700       ?ProgManStart@@YAHXZ       00403700 f   setup.obj
 0001:00002870       ?ProgManCreateGroup@@YAHPADH@Z 00403870 f   setup.obj
 0001:00002930       ?ProgManDeleteGroup@@YAHPADH@Z 00403930 f   setup.obj
 0001:000029f0       ?ProgManAddItem@@YAHPADH@Z 004039f0 f   setup.obj
 0001:00002b00       ?ProgManDeleteItem@@YAHPADH@Z 00403b00 f   setup.obj
 0001:00002bc0       ?ProgManEnd@@YAHXZ         00403bc0 f   setup.obj
 0001:00002c70       ?RegStart@@YAHXZ           00403c70 f   setup.obj
 0001:00002ce0       ?RegAddVal@@YAHPADH@Z      00403ce0 f   setup.obj
 0001:00002db0       ?RegSetValEx@@YAHPADH@Z    00403db0 f   setup.obj
 0001:00002e90       ?RegDeleteKeyAll@@YAJPAUHKEY__@@PBD@Z 00403e90 f   setup.obj
 0001:00002ff0       ?RegDelKey@@YAHPADH@Z      00403ff0 f   setup.obj
 0001:00003090       ?RegEnd@@YAHXZ             00404090 f   setup.obj
 0001:000030d0       ?InvokeDataCmd@@YAHPAUCMDMAP@@PADH@Z 004040d0 f   setup.obj
 0001:000031c0       ?SetupApplication@@YAXH@Z  004041c0 f   setup.obj
 0001:000033a0       ?ProcessSetupCmdFile@@YAXPAD@Z 004043a0 f   setup.obj
 0001:00003450       ??$__vcrt_va_start_verify_argument_type@PAD@@YAXXZ 00404450 f i setup.obj
 0001:00003460       ?strchr@@YAPADQADH@Z       00404460 f i setup.obj
 0001:00003480       ?strstr@@YAPADQADQBD@Z     00404480 f i setup.obj
 0001:000034a0       ?C3DInit@@YAHXZ            004044a0 f   kermc3d.obj
 0001:000036e0       ?C3DTerm@@YAHXZ            004046e0 f   kermc3d.obj
 0001:00003740       ?C3DRegister@@YAHPAUHINSTANCE__@@@Z 00404740 f   kermc3d.obj
 0001:00003770       ?C3DUnregister@@YAHPAUHINSTANCE__@@@Z 00404770 f   kermc3d.obj
 0001:000037a0       ?C3DColorChange@@YAHXZ     004047a0 f   kermc3d.obj
 0001:000037d0       ?C3DAutoSubclass@@YAHPAUHINSTANCE__@@@Z 004047d0 f   kermc3d.obj
 0001:00003800       ?C3DStatus@@YAPADXZ        00404800 f   kermc3d.obj
 0001:0000380a       _CreateFileA@28            0040480a f   kernel32:KERNEL32.dll
 0001:00003810       _GetFileSize@8             00404810 f   kernel32:KERNEL32.dll
 0001:00003816       _SetEndOfFile@4            00404816 f   kernel32:KERNEL32.dll
 0001:0000381c       _SetFilePointer@16         0040481c f   kernel32:KERNEL32.dll
 0001:00003822       _GetTempPathA@8            00404822 f   kernel32:KERNEL32.dll
 0001:00003828       _CloseHandle@4             00404828 f   kernel32:KERNEL32.dll
 0001:0000382e       _GetLastError@0            0040482e f   kernel32:KERNEL32.dll
 0001:00003834       _WaitForSingleObject@8     00404834 f   kernel32:KERNEL32.dll
 0001:0000383a       _GetCurrentProcessId@0     0040483a f   kernel32:KERNEL32.dll
 0001:00003840       _OpenProcess@12            00404840 f   kernel32:KERNEL32.dll
 0001:00003846       _GetSystemDirectoryA@8     00404846 f   kernel32:KERNEL32.dll
 0001:0000384c       _GetWindowsDirectoryA@8    0040484c f   kernel32:KERNEL32.dll
 0001:00003852       _MapViewOfFile@20          00404852 f   kernel32:KERNEL32.dll
 0001:00003858       _UnmapViewOfFile@4         00404858 f   kernel32:KERNEL32.dll
 0001:0000385e       _GetModuleFileNameA@12     0040485e f   kernel32:KERNEL32.dll
 0001:00003864       _WinExec@8                 00404864 f   kernel32:KERNEL32.dll
 0001:0000386a       _MulDiv@12                 0040486a f   kernel32:KERNEL32.dll
 0001:00003870       _FormatMessageA@28         00404870 f   kernel32:KERNEL32.dll
 0001:00003876       _lstrcmpiA@8               00404876 f   kernel32:KERNEL32.dll
 0001:0000387c       _lstrcpyA@8                0040487c f   kernel32:KERNEL32.dll
 0001:00003882       _lstrcatA@8                00404882 f   kernel32:KERNEL32.dll
 0001:00003888       _lstrlenA@4                00404888 f   kernel32:KERNEL32.dll
 0001:0000388e       __lopen@8                  0040488e f   kernel32:KERNEL32.dll
 0001:00003894       __lread@12                 00404894 f   kernel32:KERNEL32.dll
 0001:0000389a       __lclose@4                 0040489a f   kernel32:KERNEL32.dll
 0001:000038a0       _CreateFileMappingA@24     004048a0 f   kernel32:KERNEL32.dll
 0001:000038a6       _GetProfileStringA@20      004048a6 f   kernel32:KERNEL32.dll
 0001:000038ac       _WriteProfileStringA@12    004048ac f   kernel32:KERNEL32.dll
 0001:000038b2       _MoveFileExA@12            004048b2 f   kernel32:KERNEL32.dll
 0001:000038b8       _GetVersion@0              004048b8 f   kernel32:KERNEL32.dll
 0001:000038be       _FreeLibrary@4             004048be f   kernel32:KERNEL32.dll
 0001:000038c4       _GetProcAddress@8          004048c4 f   kernel32:KERNEL32.dll
 0001:000038ca       _LoadLibraryA@4            004048ca f   kernel32:KERNEL32.dll
 0001:000038d0       _OpenFile@12               004048d0 f   kernel32:KERNEL32.dll
 0001:000038d6       _wvsprintfA@12             004048d6 f   user32:USER32.dll
 0001:000038dc       _wsprintfA                 004048dc f   user32:USER32.dll
 0001:000038e2       _TranslateMessage@4        004048e2 f   user32:USER32.dll
 0001:000038e8       _DispatchMessageA@4        004048e8 f   user32:USER32.dll
 0001:000038ee       _PeekMessageA@20           004048ee f   user32:USER32.dll
 0001:000038f4       _DefWindowProcA@16         004048f4 f   user32:USER32.dll
 0001:000038fa       _PostQuitMessage@4         004048fa f   user32:USER32.dll
 0001:00003900       _RegisterClassA@4          00404900 f   user32:USER32.dll
 0001:00003906       _CreateWindowExA@48        00404906 f   user32:USER32.dll
 0001:0000390c       _DestroyWindow@4           0040490c f   user32:USER32.dll
 0001:00003912       _ShowWindow@8              00404912 f   user32:USER32.dll
 0001:00003918       _CreateDialogParamA@20     00404918 f   user32:USER32.dll
 0001:0000391e       _DialogBoxParamA@20        0040491e f   user32:USER32.dll
 0001:00003924       _EndDialog@8               00404924 f   user32:USER32.dll
 0001:0000392a       _SetDlgItemTextA@12        0040492a f   user32:USER32.dll
 0001:00003930       _GetDlgItemTextA@16        00404930 f   user32:USER32.dll
 0001:00003936       _GetSystemMenu@8           00404936 f   user32:USER32.dll
 0001:0000393c       _AppendMenuA@16            0040493c f   user32:USER32.dll
 0001:00003942       _UpdateWindow@4            00404942 f   user32:USER32.dll
 0001:00003948       _BeginPaint@8              00404948 f   user32:USER32.dll
 0001:0000394e       _EndPaint@8                0040494e f   user32:USER32.dll
 0001:00003954       _SetWindowTextA@8          00404954 f   user32:USER32.dll
 0001:0000395a       _GetClientRect@8           0040495a f   user32:USER32.dll
 0001:00003960       _MessageBoxA@16            00404960 f   user32:USER32.dll
 0001:00003966       _LoadCursorA@8             00404966 f   user32:USER32.dll
 0001:0000396c       _LoadIconA@8               0040496c f   user32:USER32.dll
 0001:00003972       _DdeInitializeA@16         00404972 f   user32:USER32.dll
 0001:00003978       _DdeUninitialize@4         00404978 f   user32:USER32.dll
 0001:0000397e       _DdeConnect@16             0040497e f   user32:USER32.dll
 0001:00003984       _DdeDisconnect@4           00404984 f   user32:USER32.dll
 0001:0000398a       _DdeClientTransaction@32   0040498a f   user32:USER32.dll
 0001:00003990       _DdeCreateStringHandleA@12 00404990 f   user32:USER32.dll
 0001:00003996       _DdeFreeStringHandle@8     00404996 f   user32:USER32.dll
 0001:0000399c       _CreateFontIndirectA@4     0040499c f   gdi32:GDI32.dll
 0001:000039a2       _CreatePen@12              004049a2 f   gdi32:GDI32.dll
 0001:000039a8       _DeleteObject@4            004049a8 f   gdi32:GDI32.dll
 0001:000039ae       _GetDeviceCaps@8           004049ae f   gdi32:GDI32.dll
 0001:000039b4       _LineTo@12                 004049b4 f   gdi32:GDI32.dll
 0001:000039ba       _SelectObject@8            004049ba f   gdi32:GDI32.dll
 0001:000039c0       _SetBkMode@8               004049c0 f   gdi32:GDI32.dll
 0001:000039c6       _SetTextColor@8            004049c6 f   gdi32:GDI32.dll
 0001:000039cc       _MoveToEx@16               004049cc f   gdi32:GDI32.dll
 0001:000039d2       _TextOutA@20               004049d2 f   gdi32:GDI32.dll
 0001:000039d8       _RegCloseKey@4             004049d8 f   advapi32:ADVAPI32.dll
 0001:000039de       _RegCreateKeyA@12          004049de f   advapi32:ADVAPI32.dll
 0001:000039e4       _RegDeleteKeyA@8           004049e4 f   advapi32:ADVAPI32.dll
 0001:000039ea       _RegEnumKeyA@16            004049ea f   advapi32:ADVAPI32.dll
 0001:000039f0       _RegOpenKeyA@12            004049f0 f   advapi32:ADVAPI32.dll
 0001:000039f6       _RegQueryValueExA@24       004049f6 f   advapi32:ADVAPI32.dll
 0001:000039fc       _RegSetValueA@20           004049fc f   advapi32:ADVAPI32.dll
 0001:00003a02       _RegSetValueExA@24         00404a02 f   advapi32:ADVAPI32.dll
 0001:00003a08       _VerInstallFileA@32        00404a08 f   version:VERSION.dll
 0001:00003a10       ___raise_securityfailure   00404a10 f   LIBCMTD:gs_report.obj
 0001:00003a40       ___report_gsfailure        00404a40 f   LIBCMTD:gs_report.obj
 0001:00003b50       ___report_rangecheckfailure 00404b50 f   LIBCMTD:gs_report.obj
 0001:00003b60       ___report_securityfailure  00404b60 f   LIBCMTD:gs_report.obj
 0001:00003c40       ___report_securityfailureEx 00404c40 f   LIBCMTD:gs_report.obj
 0001:00003d70       @__security_check_cookie@4 00404d70 f   LIBCMTD:_secchk_.obj
 0001:000040a0       ?configure_argv@__scrt_narrow_argv_policy@@SAHXZ 004050a0 f i LIBCMTD:exe_winmain.obj
 0001:000040c0       ?get_app_type@__scrt_winmain_policy@@SA?AW4_crt_app_type@@XZ 004050c0 f i LIBCMTD:exe_winmain.obj
 0001:00004100       _WinMainCRTStartup         00405100 f   LIBCMTD:exe_winmain.obj
 0001:00004110       ??$__crt_fast_decode_pointer@PAP6AXXZ@@YAPAP6AXXZQAP6AXXZ@Z 00405110 f i LIBCMTD:utility.obj
 0001:00004140       ??$__crt_fast_encode_pointer@PAP6AXXZ@@YAPAP6AXXZQAP6AXXZ@Z 00405140 f i LIBCMTD:utility.obj
 0001:00004170       ?__crt_rotate_pointer_value@@YAIIH@Z 00405170 f i LIBCMTD:utility.obj
 0001:00004280       _NtCurrentTeb              00405280 f i LIBCMTD:utility.obj
 0001:00004290       ___scrt_acquire_startup_lock 00405290 f   LIBCMTD:utility.obj
 0001:000042e0       ___scrt_dllmain_after_initialize_c 004052e0 f   LIBCMTD:utility.obj
 0001:00004310       ___scrt_dllmain_before_initialize_c 00405310 f   LIBCMTD:utility.obj
 0001:00004330       ___scrt_dllmain_crt_thread_attach 00405330 f   LIBCMTD:utility.obj
 0001:00004360       ___scrt_dllmain_crt_thread_detach 00405360 f   LIBCMTD:utility.obj
 0001:00004380       ___scrt_dllmain_exception_filter 00405380 f   LIBCMTD:utility.obj
 0001:000043d0       ___scrt_dllmain_uninitialize_c 004053d0 f   LIBCMTD:utility.obj
 0001:00004400       ___scrt_dllmain_uninitialize_critical 00405400 f   LIBCMTD:utility.obj
 0001:00004420       ___scrt_initialize_crt     00405420 f   LIBCMTD:utility.obj
 0001:00004470       ___scrt_initialize_onexit_tables 00405470 f   LIBCMTD:utility.obj
 0001:00004550       ___scrt_is_nonwritable_in_current_image 00405550 f   LIBCMTD:utility.obj
 0001:00004680       ___scrt_release_startup_lock 00405680 f   LIBCMTD:utility.obj
 0001:000046b0       ___scrt_uninitialize_crt   004056b0 f   LIBCMTD:utility.obj
 0001:000046f0       __onexit                   004056f0 f   LIBCMTD:utility.obj
 0001:00004760       _at_quick_exit             00405760 f   LIBCMTD:utility.obj
 0001:000047b0       _atexit                    004057b0 f   LIBCMTD:utility.obj
 0001:000047e0       ___security_init_cookie    004057e0 f   LIBCMTD:gs_support.obj
 0001:000048c0       __matherr                  004058c0 f   LIBCMTD:matherr.obj
 0001:000048d0       __get_startup_argv_mode    004058d0 f   LIBCMTD:argv_mode.obj
 0001:000048e0       __get_startup_commit_mode  004058e0 f   LIBCMTD:commit_mode.obj
 0001:000048f0       __get_startup_file_mode    004058f0 f   LIBCMTD:file_mode.obj
 0001:00004900       __get_startup_new_mode     00405900 f   LIBCMTD:new_mode.obj
 0001:00004910       __get_startup_thread_locale_mode 00405910 f   LIBCMTD:thread_locale.obj
 0001:00004920       ?__scrt_initialize_type_info@@YAXXZ 00405920 f   LIBCMTD:tncleanup.obj
 0001:00004930       ?__scrt_uninitialize_type_info@@YAXXZ 00405930 f   LIBCMTD:tncleanup.obj
 0001:00004950       __should_initialize_environment 00405950 f   LIBCMTD:env_mode.obj
 0001:00004960       __initialize_default_precision 00405960 f   LIBCMTD:default_precision.obj
 0001:00004990       __initialize_invalid_parameter_handler 00405990 f   LIBCMTD:invalid_parameter_handler.obj
 0001:000049a0       __initialize_denormal_control 004059a0 f   LIBCMTD:denormal_control.obj
 0001:000049b0       ___local_stdio_printf_options 004059b0 f i LIBCMTD:default_local_stdio_options.obj
 0001:000049c0       ___local_stdio_scanf_options 004059c0 f i LIBCMTD:default_local_stdio_options.obj
 0001:000049d0       ___scrt_initialize_default_local_stdio_options 004059d0 f   LIBCMTD:default_local_stdio_options.obj
 0001:00004a10       ___scrt_is_user_matherr_present 00405a10 f   LIBCMTD:matherr_detection.obj
 0001:00004a40       ___scrt_get_dyn_tls_init_callback 00405a40 f   LIBCMTD:dyn_tls_init.obj
 0001:00004a50       ___scrt_get_dyn_tls_dtor_callback 00405a50 f   LIBCMTD:dyn_tls_dtor.obj
 0001:00004a60       ___scrt_fastfail           00405a60 f   LIBCMTD:utility_desktop.obj
 0001:00004ba0       ___scrt_get_show_window_mode 00405ba0 f   LIBCMTD:utility_desktop.obj
 0001:00004be0       ___scrt_initialize_winrt   00405be0 f   LIBCMTD:utility_desktop.obj
 0001:00004bf0       ___scrt_is_managed_app     00405bf0 f   LIBCMTD:utility_desktop.obj
 0001:00004c80       ___scrt_set_unhandled_exception_filter 00405c80 f   LIBCMTD:utility_desktop.obj
 0001:00004c90       ___scrt_unhandled_exception_filter@4 00405c90 f   LIBCMTD:utility_desktop.obj
 0001:00004cf0       __crt_debugger_hook        00405cf0 f   LIBCMTD:utility_desktop.obj
 0001:00004d00       __RTC_Initialize           00405d00 f   LIBCMTD:_initsect_.obj
 0001:00004d30       __RTC_Terminate            00405d30 f   LIBCMTD:_initsect_.obj
 0001:00004d60       @_guard_check_icall@4      00405d60 f i LIBCMTD:checkcfg.obj
 0001:00004d80       ___isa_available_init      00405d80 f   LIBCMTD:_cpu_disp_.obj
 0001:00005060       ___scrt_is_ucrt_dll_in_use 00406060 f   LIBCMTD:ucrt_detection.obj
 0001:00005090       @_guard_check_icall_nop@4  00406090 f i LIBCMTD:guard_support.obj
 0001:000050a0       __guard_icall_checks_enforced 004060a0 f i LIBCMTD:guard_support.obj
 0001:000050d0       _memcpy                    004060d0 f   libvcruntimed:memcpy.obj
 0001:00005650       _memmove                   00406650 f   libvcruntimed:memmove.obj
 0001:00005bd0       _memset                    00406bd0 f   libvcruntimed:memset.obj
 0001:00005d30       _strchr                    00406d30 f   libvcruntimed:strchr.obj
 0001:00005d9e       ___from_strstr_to_strchr   00406d9e     libvcruntimed:strchr.obj
 0001:00005e60       _strstr                    00406e60 f   libvcruntimed:strstr.obj
 0001:00006130       __except_handler4          00407130 f   libvcruntimed:_chandler4_.obj
 0001:00006300       ___vcrt_initialize         00407300 f   libvcruntimed:initialization.obj
 0001:00006340       ___vcrt_thread_attach      00407340 f   libvcruntimed:initialization.obj
 0001:00006360       ___vcrt_thread_detach      00407360 f   libvcruntimed:initialization.obj
 0001:00006380       ___vcrt_uninitialize       00407380 f   libvcruntimed:initialization.obj
 0001:000063a0       ___vcrt_uninitialize_critical 004073a0 f   libvcruntimed:initialization.obj
 0001:000063e0       ??$?RD@__crt_internal_free_policy@@QBEXQBD@Z 004073e0 f i libvcruntimed:std_type_info.obj
 0001:00006400       ??$?RX@__crt_internal_free_policy@@QBEXQBX@Z 00407400 f i libvcruntimed:std_type_info.obj
 0001:00006420       ??$__crt_interlocked_compare_exchange_pointer@$$CBDPAD$$T@@YAPBDPDSBDQAD$$T@Z 00407420 f i libvcruntimed:std_type_info.obj
 0001:00006440       ??$__crt_interlocked_read_pointer@$$CBD@@YAPBDPDSBD@Z 00407440 f i libvcruntimed:std_type_info.obj
 0001:00006460       ??0?$__crt_unique_heap_ptr@DU__crt_internal_free_policy@@@@QAE@QAD@Z 00407460 f i libvcruntimed:std_type_info.obj
 0001:00006480       ??0?$__crt_unique_heap_ptr@XU__crt_internal_free_policy@@@@QAE@QAX@Z 00407480 f i libvcruntimed:std_type_info.obj
 0001:000064a0       ??1?$__crt_unique_heap_ptr@DU__crt_internal_free_policy@@@@QAE@XZ 004074a0 f i libvcruntimed:std_type_info.obj
 0001:000064c0       ??1?$__crt_unique_heap_ptr@XU__crt_internal_free_policy@@@@QAE@XZ 004074c0 f i libvcruntimed:std_type_info.obj
 0001:00006500       ??B?$__crt_unique_heap_ptr@DU__crt_internal_free_policy@@@@QBE_NXZ 00407500 f i libvcruntimed:std_type_info.obj
 0001:00006520       ??B?$__crt_unique_heap_ptr@XU__crt_internal_free_policy@@@@QBE_NXZ 00407520 f i libvcruntimed:std_type_info.obj
 0001:00006590       ?__crt_interlocked_read_32@@YAHPDH@Z 00407590 f i libvcruntimed:std_type_info.obj
 0001:000065b0       ?detach@?$__crt_unique_heap_ptr@XU__crt_internal_free_policy@@@@QAEPAXXZ 004075b0 f i libvcruntimed:std_type_info.obj
 0001:000065e0       ?get@?$__crt_unique_heap_ptr@DU__crt_internal_free_policy@@@@QBEPADXZ 004075e0 f i libvcruntimed:std_type_info.obj
 0001:000065f0       ?get@?$__crt_unique_heap_ptr@XU__crt_internal_free_policy@@@@QBEPAXXZ 004075f0 f i libvcruntimed:std_type_info.obj
 0001:00006600       ?is_valid@?$__crt_unique_heap_ptr@DU__crt_internal_free_policy@@@@QBE_NXZ 00407600 f i libvcruntimed:std_type_info.obj
 0001:00006630       ?is_valid@?$__crt_unique_heap_ptr@XU__crt_internal_free_policy@@@@QBE_NXZ 00407630 f i libvcruntimed:std_type_info.obj
 0001:00006660       ?release@?$__crt_unique_heap_ptr@DU__crt_internal_free_policy@@@@QAEXXZ 00407660 f i libvcruntimed:std_type_info.obj
 0001:00006690       ?release@?$__crt_unique_heap_ptr@XU__crt_internal_free_policy@@@@QAEXXZ 00407690 f i libvcruntimed:std_type_info.obj
 0001:000066c0       ___std_type_info_compare   004076c0 f   libvcruntimed:std_type_info.obj
 0001:000066f0       ___std_type_info_destroy_list 004076f0 f   libvcruntimed:std_type_info.obj
 0001:00006730       ___std_type_info_hash      00407730 f   libvcruntimed:std_type_info.obj
 0001:00006790       ___std_type_info_name      00407790 f   libvcruntimed:std_type_info.obj
 0001:00006970       __local_unwind4            00407970 f   libvcruntimed:_exsup4_.obj
 0001:00006a46       __seh_longjmp_unwind4@4    00407a46 f   libvcruntimed:_exsup4_.obj
 0001:00006a6e       @_EH4_CallFilterFunc@8     00407a6e f   libvcruntimed:_exsup4_.obj
 0001:00006a85       @_EH4_TransferToHandler@8  00407a85 f   libvcruntimed:_exsup4_.obj
 0001:00006a9e       @_EH4_GlobalUnwind2@8      00407a9e f   libvcruntimed:_exsup4_.obj
 0001:00006ab7       @_EH4_LocalUnwind@16       00407ab7 f   libvcruntimed:_exsup4_.obj
 0001:00006ad0       _ReadNoFence               00407ad0 f i libvcruntimed:jbcxrval.obj
 0001:00006af0       _ReadPointerNoFence        00407af0 f i libvcruntimed:jbcxrval.obj
 0001:00006b10       ___except_validate_context_record 00407b10 f   libvcruntimed:jbcxrval.obj
 0001:00006b60       ___except_validate_jump_buffer 00407b60 f   libvcruntimed:jbcxrval.obj
 0001:00006bb0       ??$?RU__vcrt_ptd@@@__crt_internal_free_policy@@QBEXQBU__vcrt_ptd@@@Z 00407bb0 f i libvcruntimed:per_thread_data.obj
 0001:00006bd0       ??0?$__crt_unique_heap_ptr@U__vcrt_ptd@@U__crt_internal_free_policy@@@@QAE@QAU__vcrt_ptd@@@Z 00407bd0 f i libvcruntimed:per_thread_data.obj
 0001:00006c10       ??1?$__crt_unique_heap_ptr@U__vcrt_ptd@@U__crt_internal_free_policy@@@@QAE@XZ 00407c10 f i libvcruntimed:per_thread_data.obj
 0001:00006c50       ??B?$__crt_unique_heap_ptr@U__vcrt_ptd@@U__crt_internal_free_policy@@@@QBE_NXZ 00407c50 f i libvcruntimed:per_thread_data.obj
 0001:00006c70       ?detach@?$__crt_unique_heap_ptr@U__vcrt_ptd@@U__crt_internal_free_policy@@@@QAEPAU__vcrt_ptd@@XZ 00407c70 f i libvcruntimed:per_thread_data.obj
 0001:00006ca0       ?get@?$__crt_unique_heap_ptr@U__vcrt_ptd@@U__crt_internal_free_policy@@@@QBEPAU__vcrt_ptd@@XZ 00407ca0 f i libvcruntimed:per_thread_data.obj
 0001:00006cb0       ?is_valid@?$__crt_unique_heap_ptr@U__vcrt_ptd@@U__crt_internal_free_policy@@@@QBE_NXZ 00407cb0 f i libvcruntimed:per_thread_data.obj
 0001:00006ce0       ?release@?$__crt_unique_heap_ptr@U__vcrt_ptd@@U__crt_internal_free_policy@@@@QAEXXZ 00407ce0 f i libvcruntimed:per_thread_data.obj
 0001:00006d40       ___vcrt_freefls@4          00407d40 f   libvcruntimed:per_thread_data.obj
 0001:00006d70       ___vcrt_freeptd            00407d70 f   libvcruntimed:per_thread_data.obj
 0001:00006dd0       ___vcrt_getptd             00407dd0 f   libvcruntimed:per_thread_data.obj
 0001:00006df0       ___vcrt_getptd_noexit      00407df0 f   libvcruntimed:per_thread_data.obj
 0001:00006f50       ___vcrt_getptd_noinit      00407f50 f   libvcruntimed:per_thread_data.obj
 0001:00006fb0       ___vcrt_initialize_ptd     00407fb0 f   libvcruntimed:per_thread_data.obj
 0001:00007000       ___vcrt_uninitialize_ptd   00408000 f   libvcruntimed:per_thread_data.obj
 0001:00007030       ___vcrt_initialize_locks   00408030 f   libvcruntimed:locks.obj
 0001:00007090       ___vcrt_lock               00408090 f   libvcruntimed:locks.obj
 0001:000070b0       ___vcrt_uninitialize_locks 004080b0 f   libvcruntimed:locks.obj
 0001:00007100       ___vcrt_unlock             00408100 f   libvcruntimed:locks.obj
 0001:00007120       ??$?BX@__crt_fast_encoded_nullptr_t@@QBEPAXXZ 00408120 f i libvcruntimed:winapi_downlevel.obj
 0001:00007140       ??$__crt_fast_decode_pointer@PAX@@YAPAXQAX@Z 00408140 f i libvcruntimed:winapi_downlevel.obj
 0001:00007170       ??$__crt_fast_encode_pointer@PAX@@YAPAXQAX@Z 00408170 f i libvcruntimed:winapi_downlevel.obj
 0001:000071a0       ??$__crt_interlocked_exchange_pointer@UHINSTANCE__@@PAU1@@@YAPAUHINSTANCE__@@PDSAU0@QAU0@@Z 004081a0 f i libvcruntimed:winapi_downlevel.obj
 0001:000071b0       ??$__crt_interlocked_exchange_pointer@UHINSTANCE__@@PAX@@YAPAUHINSTANCE__@@PDSAU0@QAX@Z 004081b0 f i libvcruntimed:winapi_downlevel.obj
 0001:000071c0       ??$__crt_interlocked_exchange_pointer@XPAX@@YAPAXPDSAXQAX@Z 004081c0 f i libvcruntimed:winapi_downlevel.obj
 0001:000071d0       ??$__crt_interlocked_read_pointer@UHINSTANCE__@@@@YAPAUHINSTANCE__@@PDSAU0@@Z 004081d0 f i libvcruntimed:winapi_downlevel.obj
 0001:000071f0       ??$__crt_interlocked_read_pointer@X@@YAPAXPDSAX@Z 004081f0 f i libvcruntimed:winapi_downlevel.obj
 0001:00007210       ?__crt_fast_encode_pointer@@YA?AU__crt_fast_encoded_nullptr_t@@$$T@Z 00408210 f i libvcruntimed:winapi_downlevel.obj
 0001:00007610       ___vcrt_FlsAlloc           00408610 f   libvcruntimed:winapi_downlevel.obj
 0001:00007650       ___vcrt_FlsFree            00408650 f   libvcruntimed:winapi_downlevel.obj
 0001:00007690       ___vcrt_FlsGetValue        00408690 f   libvcruntimed:winapi_downlevel.obj
 0001:000076d0       ___vcrt_FlsSetValue        004086d0 f   libvcruntimed:winapi_downlevel.obj
 0001:00007720       ___vcrt_InitializeCriticalSectionEx 00408720 f   libvcruntimed:winapi_downlevel.obj
 0001:00007770       ___vcrt_initialize_winapi_thunks 00408770 f   libvcruntimed:winapi_downlevel.obj
 0001:000077d0       ___vcrt_uninitialize_winapi_thunks 004087d0 f   libvcruntimed:winapi_downlevel.obj
 0001:00007840       ??$?B$$A6AXXZ@__crt_fast_encoded_nullptr_t@@QBEP6AXXZXZ 00408840 f i libvcruntimed:purevirt_data.obj
 0001:00007860       ??$__crt_fast_encode_pointer@P6AXXZ@@YAP6AXXZQ6AXXZ@Z 00408860 f i libvcruntimed:purevirt_data.obj
 0001:00007890       ___vcrt_initialize_pure_virtual_call_handler 00408890 f   libvcruntimed:purevirt_data.obj
 0001:000078c0       ??$__vcrt_va_start_verify_argument_type@QBD@@YAXXZ 004088c0 f i libvcruntimed:undname.obj
 0001:000078d0       ??0Block@_HeapManager@@QAE@XZ 004088d0 f i libvcruntimed:undname.obj
 0001:000078f0       ??0DName@@QAE@AAPBDD@Z     004088f0 f   libvcruntimed:undname.obj
 0001:00007b20       ??0DName@@QAE@ABV0@@Z      00408b20 f i libvcruntimed:undname.obj
 0001:00007b50       ??0DName@@QAE@D@Z          00408b50 f   libvcruntimed:undname.obj
 0001:00007b90       ??0DName@@QAE@PAV0@@Z      00408b90 f   libvcruntimed:undname.obj
 0001:00007c40       ??0DName@@QAE@PBD@Z        00408c40 f   libvcruntimed:undname.obj
 0001:00007c90       ??0DName@@QAE@W4DNameStatus@@@Z 00408c90 f   libvcruntimed:undname.obj
 0001:00007d30       ??0DName@@QAE@XZ           00408d30 f i libvcruntimed:undname.obj
 0001:00007d60       ??0DName@@QAE@_J@Z         00408d60 f   libvcruntimed:undname.obj
 0001:00007e50       ??0DName@@QAE@_K@Z         00408e50 f   libvcruntimed:undname.obj
 0001:00007f00       ??0DNameNode@@IAE@XZ       00408f00 f   libvcruntimed:undname.obj
 0001:00007f20       ??0DNameStatusNode@@AAE@W4DNameStatus@@@Z 00408f20 f   libvcruntimed:undname.obj
 0001:00007f70       ??0Replicator@@QAE@XZ      00408f70 f i libvcruntimed:undname.obj
 0001:00007f90       ??0UnDecorator@@QAE@PADPBDHP6APADJ@ZK@Z 00408f90 f i libvcruntimed:undname.obj
 0001:00008030       ??0charNode@@QAE@D@Z       00409030 f   libvcruntimed:undname.obj
 0001:00008060       ??0pDNameNode@@QAE@PAVDName@@@Z 00409060 f   libvcruntimed:undname.obj
 0001:000080c0       ??0pairNode@@QAE@PAVDNameNode@@0@Z 004090c0 f   libvcruntimed:undname.obj
 0001:00008100       ??0pcharNode@@QAE@PBDH@Z   00409100 f   libvcruntimed:undname.obj
 0001:000081a0       ??2@YAPAXIAAV_HeapManager@@H@Z 004091a0 f i libvcruntimed:undname.obj
 0001:000081c0       ??4DName@@QAEAAV0@ABV0@@Z  004091c0 f   libvcruntimed:undname.obj
 0001:000081f0       ??4DName@@QAEAAV0@D@Z      004091f0 f i libvcruntimed:undname.obj
 0001:00008230       ??4DName@@QAEAAV0@PAV0@@Z  00409230 f   libvcruntimed:undname.obj
 0001:000082d0       ??4DName@@QAEAAV0@PBD@Z    004092d0 f   libvcruntimed:undname.obj
 0001:00008310       ??4DName@@QAEAAV0@W4DNameStatus@@@Z 00409310 f   libvcruntimed:undname.obj
 0001:00008390       ??AReplicator@@QBE?AVDName@@H@Z 00409390 f   libvcruntimed:undname.obj
 0001:00008400       ??BUnDecorator@@QAEPADXZ   00409400 f i libvcruntimed:undname.obj
 0001:000086b0       ??H@YA?AVDName@@DABV0@@Z   004096b0 f i libvcruntimed:undname.obj
 0001:000086e0       ??H@YA?AVDName@@PBDABV0@@Z 004096e0 f i libvcruntimed:undname.obj
 0001:00008710       ??H@YA?AVDName@@W4DNameStatus@@ABV0@@Z 00409710 f i libvcruntimed:undname.obj
 0001:00008740       ??HDName@@QBE?AV0@ABV0@@Z  00409740 f   libvcruntimed:undname.obj
 0001:00008780       ??HDName@@QBE?AV0@D@Z      00409780 f   libvcruntimed:undname.obj
 0001:000087c0       ??HDName@@QBE?AV0@PAV0@@Z  004097c0 f   libvcruntimed:undname.obj
 0001:00008800       ??HDName@@QBE?AV0@PBD@Z    00409800 f   libvcruntimed:undname.obj
 0001:00008840       ??HDName@@QBE?AV0@W4DNameStatus@@@Z 00409840 f   libvcruntimed:undname.obj
 0001:00008880       ??YDName@@QAEAAV0@ABV0@@Z  00409880 f   libvcruntimed:undname.obj
 0001:000088f0       ??YDName@@QAEAAV0@D@Z      004098f0 f   libvcruntimed:undname.obj
 0001:00008970       ??YDName@@QAEAAV0@PAV0@@Z  00409970 f   libvcruntimed:undname.obj
 0001:00008a20       ??YDName@@QAEAAV0@PBD@Z    00409a20 f   libvcruntimed:undname.obj
 0001:00008ac0       ??YDName@@QAEAAV0@W4DNameStatus@@@Z 00409ac0 f   libvcruntimed:undname.obj
 0001:00008b20       ??YReplicator@@QAEAAV0@ABVDName@@@Z 00409b20 f   libvcruntimed:undname.obj
 0001:00008bb0       ??_5DName@@QAEAAV0@ABV0@@Z 00409bb0 f   libvcruntimed:undname.obj
 0001:00008c10       ?Constructor@_HeapManager@@QAEXP6APAXI@ZP6AXPAX@Z@Z 00409c10 f i libvcruntimed:undname.obj
 0001:00008c50       ?Destructor@_HeapManager@@QAEXXZ 00409c50 f i libvcruntimed:undname.obj
 0001:00008cb0       ?UScore@UnDecorator@@SAPBDW4Tokens@@@Z 00409cb0 f   libvcruntimed:undname.obj
 0001:00008ce0       ?append@DName@@AAEXPAVDNameNode@@@Z 00409ce0 f   libvcruntimed:undname.obj
 0001:00008d70       ?composeDeclaration@UnDecorator@@CA?AVDName@@ABV2@@Z 00409d70 f i libvcruntimed:undname.obj
 0001:0000aa00       ?dbGetString@DName@@QBEPADXZ 0040ba00 f   libvcruntimed:undname.obj
 0001:0000aa20       ?doAccessSpecifiers@UnDecorator@@SAHXZ 0040ba20 f i libvcruntimed:undname.obj
 0001:0000aa50       ?doAllocationLanguage@UnDecorator@@SAHXZ 0040ba50 f i libvcruntimed:undname.obj
 0001:0000aa80       ?doAllocationModel@UnDecorator@@SAHXZ 0040ba80 f i libvcruntimed:undname.obj
 0001:0000aab0       ?doEcsu@UnDecorator@@SAHXZ 0040bab0 f i libvcruntimed:undname.obj
 0001:0000aae0       ?doEllipsis@UnDecorator@@SAHXZ 0040bae0 f i libvcruntimed:undname.obj
 0001:0000ab10       ?doFunctionReturns@UnDecorator@@SAHXZ 0040bb10 f i libvcruntimed:undname.obj
 0001:0000ab40       ?doMSKeywords@UnDecorator@@SAHXZ 0040bb40 f i libvcruntimed:undname.obj
 0001:0000ab70       ?doMemberTypes@UnDecorator@@SAHXZ 0040bb70 f i libvcruntimed:undname.obj
 0001:0000aba0       ?doNameOnly@UnDecorator@@SAHXZ 0040bba0 f i libvcruntimed:undname.obj
 0001:0000abb0       ?doNoIdentCharCheck@UnDecorator@@SAHXZ 0040bbb0 f i libvcruntimed:undname.obj
 0001:0000abc0       ?doPchar@DName@@AAEXPBDH@Z 0040bbc0 f   libvcruntimed:undname.obj
 0001:0000ad00       ?doPtr64@UnDecorator@@SAHXZ 0040bd00 f i libvcruntimed:undname.obj
 0001:0000ad30       ?doRestrictionSpec@UnDecorator@@SAHXZ 0040bd30 f i libvcruntimed:undname.obj
 0001:0000ad60       ?doThisTypes@UnDecorator@@SAHXZ 0040bd60 f i libvcruntimed:undname.obj
 0001:0000ad90       ?doThrowTypes@UnDecorator@@SAHXZ 0040bd90 f i libvcruntimed:undname.obj
 0001:0000adc0       ?doTypeOnly@UnDecorator@@SAHXZ 0040bdc0 f i libvcruntimed:undname.obj
 0001:0000add0       ?doUnderScore@UnDecorator@@SAHXZ 0040bdd0 f i libvcruntimed:undname.obj
 0001:0000ae00       ?getArgumentList@UnDecorator@@CA?AVDName@@XZ 0040be00 f   libvcruntimed:undname.obj
 0001:0000af50       ?getArgumentTypes@UnDecorator@@CA?AVDName@@XZ 0040bf50 f   libvcruntimed:undname.obj
 0001:0000b0b0       ?getArrayType@UnDecorator@@CA?AVDName@@ABV2@@Z 0040c0b0 f i libvcruntimed:undname.obj
 0001:0000b2f0       ?getBasedType@UnDecorator@@CA?AVDName@@XZ 0040c2f0 f   libvcruntimed:undname.obj
 0001:0000b3b0       ?getBasicDataType@UnDecorator@@CA?AVDName@@ABV2@@Z 0040c3b0 f   libvcruntimed:undname.obj
 0001:0000b9a0       ?getCallIndex@UnDecorator@@CA?AVDName@@XZ 0040c9a0 f i libvcruntimed:undname.obj
 0001:0000b9c0       ?getCallingConvention@UnDecorator@@CA?AVDName@@XZ 0040c9c0 f   libvcruntimed:undname.obj
 0001:0000bb50       ?getDataIndirectType@UnDecorator@@CA?AVDName@@ABV2@PBD0H@Z 0040cb50 f   libvcruntimed:undname.obj
 0001:0000c310       ?getDataIndirectType@UnDecorator@@CA?AVDName@@XZ 0040d310 f i libvcruntimed:undname.obj
 0001:0000c350       ?getDataType@UnDecorator@@CA?AVDName@@PAV2@@Z 0040d350 f   libvcruntimed:undname.obj
 0001:0000c470       ?getDecoratedName@UnDecorator@@CA?AVDName@@XZ 0040d470 f   libvcruntimed:undname.obj
 0001:0000c790       ?getDimension@UnDecorator@@CA?AVDName@@_N@Z 0040d790 f   libvcruntimed:undname.obj
 0001:0000ca40       ?getDispatchTarget@UnDecorator@@CA?AVDName@@XZ 0040da40 f   libvcruntimed:undname.obj
 0001:0000cae0       ?getDisplacement@UnDecorator@@CA?AVDName@@XZ 0040dae0 f i libvcruntimed:undname.obj
 0001:0000cb00       ?getECSUDataType@UnDecorator@@CA?AVDName@@XZ 0040db00 f   libvcruntimed:undname.obj
 0001:0000ccd0       ?getECSUName@UnDecorator@@CA?AVDName@@XZ 0040dcd0 f i libvcruntimed:undname.obj
 0001:0000ccf0       ?getEnumType@UnDecorator@@CA?AVDName@@XZ 0040dcf0 f i libvcruntimed:undname.obj
 0001:0000ce40       ?getExtendedDataIndirectType@UnDecorator@@CA?AVDName@@AAPBDAA_NH@Z 0040de40 f   libvcruntimed:undname.obj
 0001:0000d090       ?getExternalDataType@UnDecorator@@CA?AVDName@@ABV2@@Z 0040e090 f i libvcruntimed:undname.obj
 0001:0000d120       ?getFunctionIndirectType@UnDecorator@@CA?AVDName@@ABV2@@Z 0040e120 f   libvcruntimed:undname.obj
 0001:0000d5b0       ?getGuardNumber@UnDecorator@@CA?AVDName@@XZ 0040e5b0 f i libvcruntimed:undname.obj
 0001:0000d5d0       ?getLastChar@DName@@QBEDXZ 0040e5d0 f i libvcruntimed:undname.obj
 0001:0000d610       ?getLastChar@DNameStatusNode@@UBEDXZ 0040e610 f i libvcruntimed:undname.obj
 0001:0000d640       ?getLastChar@charNode@@UBEDXZ 0040e640 f i libvcruntimed:undname.obj
 0001:0000d660       ?getLastChar@pDNameNode@@UBEDXZ 0040e660 f i libvcruntimed:undname.obj
 0001:0000d690       ?getLastChar@pairNode@@UBEDXZ 0040e690 f i libvcruntimed:undname.obj
 0001:0000d700       ?getLastChar@pcharNode@@UBEDXZ 0040e700 f i libvcruntimed:undname.obj
 0001:0000d740       ?getLexicalFrame@UnDecorator@@CA?AVDName@@XZ 0040e740 f i libvcruntimed:undname.obj
 0001:0000d780       ?getMemory@_HeapManager@@QAEPAXIH@Z 0040e780 f   libvcruntimed:undname.obj
 0001:0000d8a0       ?getNumberOfDimensions@UnDecorator@@CAHXZ 0040e8a0 f   libvcruntimed:undname.obj
 0001:0000d9a0       ?getOperatorName@UnDecorator@@CA?AVDName@@_NPA_N@Z 0040e9a0 f i libvcruntimed:undname.obj
 0001:0000e3d0       ?getPointerType@UnDecorator@@CA?AVDName@@ABV2@0@Z 0040f3d0 f i libvcruntimed:undname.obj
 0001:0000e400       ?getPointerTypeArray@UnDecorator@@CA?AVDName@@ABV2@0@Z 0040f400 f i libvcruntimed:undname.obj
 0001:0000e430       ?getPrimaryDataType@UnDecorator@@CA?AVDName@@ABV2@@Z 0040f430 f   libvcruntimed:undname.obj
 0001:0000e830       ?getPtrRefDataType@UnDecorator@@CA?AVDName@@ABV2@H@Z 0040f830 f   libvcruntimed:undname.obj
 0001:0000ea60       ?getPtrRefType@UnDecorator@@CA?AVDName@@ABV2@0PBD@Z 0040fa60 f   libvcruntimed:undname.obj
 0001:0000ebd0       ?getReferenceType@UnDecorator@@CA?AVDName@@ABV2@0PBD@Z 0040fbd0 f i libvcruntimed:undname.obj
 0001:0000ebf0       ?getRestrictionSpec@UnDecorator@@CA?AVDName@@XZ 0040fbf0 f   libvcruntimed:undname.obj
 0001:0000ed40       ?getReturnType@UnDecorator@@CA?AVDName@@PAV2@@Z 0040fd40 f   libvcruntimed:undname.obj
 0001:0000eda0       ?getScope@UnDecorator@@CA?AVDName@@XZ 0040fda0 f   libvcruntimed:undname.obj
 0001:0000f290       ?getScopedName@UnDecorator@@CA?AVDName@@XZ 00410290 f   libvcruntimed:undname.obj
 0001:0000f3b0       ?getSignedDimension@UnDecorator@@CA?AVDName@@XZ 004103b0 f   libvcruntimed:undname.obj
 0001:0000f430       ?getStorageConvention@UnDecorator@@CA?AVDName@@XZ 00410430 f i libvcruntimed:undname.obj
 0001:0000f450       ?getString@DName@@QBEPADPAD0@Z 00410450 f i libvcruntimed:undname.obj
 0001:0000f4a0       ?getString@DName@@QBEPADPADH@Z 004104a0 f i libvcruntimed:undname.obj
 0001:0000f530       ?getString@DNameStatusNode@@UBEPADPAD0@Z 00410530 f i libvcruntimed:undname.obj
 0001:0000f570       ?getString@charNode@@UBEPADPAD0@Z 00410570 f i libvcruntimed:undname.obj
 0001:0000f5a0       ?getString@pDNameNode@@UBEPADPAD0@Z 004105a0 f i libvcruntimed:undname.obj
 0001:0000f5e0       ?getString@pairNode@@UBEPADPAD0@Z 004105e0 f i libvcruntimed:undname.obj
 0001:0000f660       ?getString@pcharNode@@UBEPADPAD0@Z 00410660 f i libvcruntimed:undname.obj
 0001:0000f690       ?getStringEncoding@UnDecorator@@CA?AVDName@@PBDH@Z 00410690 f   libvcruntimed:undname.obj
 0001:0000f7a0       ?getStringHelper@@YAPADPADPBD1H@Z 004107a0 f i libvcruntimed:undname.obj
 0001:0000f7e0       ?getSymbolName@UnDecorator@@CA?AVDName@@XZ 004107e0 f i libvcruntimed:undname.obj
 0001:0000f870       ?getTemplateArgumentList@UnDecorator@@CA?AVDName@@XZ 00410870 f   libvcruntimed:undname.obj
 0001:0000fc60       ?getTemplateConstant@UnDecorator@@CA?AVDName@@XZ 00410c60 f   libvcruntimed:undname.obj
 0001:00010210       ?getTemplateName@UnDecorator@@CA?AVDName@@_N@Z 00411210 f   libvcruntimed:undname.obj
 0001:000103e0       ?getThisType@UnDecorator@@CA?AVDName@@XZ 004113e0 f i libvcruntimed:undname.obj
 0001:00010420       ?getThrowTypes@UnDecorator@@CA?AVDName@@XZ 00411420 f   libvcruntimed:undname.obj
 0001:000104d0       ?getTypeEncoding@UnDecorator@@CAHXZ 004114d0 f i libvcruntimed:undname.obj
 0001:00010f10       ?getVCallThunkType@UnDecorator@@CA?AVDName@@XZ 00411f10 f i libvcruntimed:undname.obj
 0001:00010f70       ?getVbTableType@UnDecorator@@CA?AVDName@@ABV2@@Z 00411f70 f i libvcruntimed:undname.obj
 0001:00010f90       ?getVdispMapType@UnDecorator@@CA?AVDName@@ABV2@@Z 00411f90 f i libvcruntimed:undname.obj
 0001:00011000       ?getVfTableType@UnDecorator@@CA?AVDName@@ABV2@@Z 00412000 f i libvcruntimed:undname.obj
 0001:000111c0       ?getZName@UnDecorator@@CA?AVDName@@_N0@Z 004121c0 f   libvcruntimed:undname.obj
 0001:00011490       ?haveTemplateParameters@UnDecorator@@SAHXZ 00412490 f i libvcruntimed:undname.obj
 0001:000114a0       ?isArray@DName@@QBEHXZ     004124a0 f i libvcruntimed:undname.obj
 0001:000114c0       ?isComArray@DName@@QBEHXZ  004124c0 f i libvcruntimed:undname.obj
 0001:000114e0       ?isEmpty@DName@@QBEHXZ     004124e0 f i libvcruntimed:undname.obj
 0001:00011510       ?isFull@Replicator@@QBEHXZ 00412510 f i libvcruntimed:undname.obj
 0001:00011540       ?isNoTE@DName@@QBEHXZ      00412540 f i libvcruntimed:undname.obj
 0001:00011560       ?isPinPtr@DName@@QBEHXZ    00412560 f i libvcruntimed:undname.obj
 0001:00011580       ?isPtrRef@DName@@QBEHXZ    00412580 f i libvcruntimed:undname.obj
 0001:000115a0       ?isUDC@DName@@QBEHXZ       004125a0 f i libvcruntimed:undname.obj
 0001:000115e0       ?isUDTThunk@DName@@QBEHXZ  004125e0 f i libvcruntimed:undname.obj
 0001:00011620       ?isVCallThunk@DName@@QBEHXZ 00412620 f i libvcruntimed:undname.obj
 0001:00011640       ?isValid@DName@@QBEHXZ     00412640 f i libvcruntimed:undname.obj
 0001:00011680       ?length@DName@@QBEHXZ      00412680 f i libvcruntimed:undname.obj
 0001:000116c0       ?length@DNameStatusNode@@UBEHXZ 004126c0 f i libvcruntimed:undname.obj
 0001:000116e0       ?length@charNode@@UBEHXZ   004126e0 f i libvcruntimed:undname.obj
 0001:000116f0       ?length@pDNameNode@@UBEHXZ 004126f0 f i libvcruntimed:undname.obj
 0001:00011720       ?length@pairNode@@UBEHXZ   00412720 f i libvcruntimed:undname.obj
 0001:00011790       ?length@pcharNode@@UBEHXZ  00412790 f i libvcruntimed:undname.obj
 0001:000117b0       ?make@DNameStatusNode@@SAPAV1@W4DNameStatus@@@Z 004127b0 f i libvcruntimed:undname.obj
 0001:00011830       ?setIsArray@DName@@QAEXXZ  00412830 f i libvcruntimed:undname.obj
 0001:00011850       ?setIsComArray@DName@@QAEXXZ 00412850 f i libvcruntimed:undname.obj
 0001:00011870       ?setIsNoTE@DName@@QAEXXZ   00412870 f i libvcruntimed:undname.obj
 0001:00011890       ?setIsPinPtr@DName@@QAEXXZ 00412890 f i libvcruntimed:undname.obj
 0001:000118b0       ?setIsUDC@DName@@QAEXXZ    004128b0 f i libvcruntimed:undname.obj
 0001:000118e0       ?setIsVCallThunk@DName@@QAEXXZ 004128e0 f i libvcruntimed:undname.obj
 0001:00011900       ?setPtrRef@DName@@QAEAAV1@XZ 00412900 f i libvcruntimed:undname.obj
 0001:00011920       ?status@DName@@QBE?AW4DNameStatus@@XZ 00412920 f i libvcruntimed:undname.obj
 0001:00011a20       ___unDName                 00412a20 f   libvcruntimed:undname.obj
 0001:00011af0       ___unDNameEx               00412af0 f   libvcruntimed:undname.obj
 0001:00011bc0       __vsprintf_s_l             00412bc0 f i libvcruntimed:undname.obj
 0001:00011c10       _sprintf_s                 00412c10 f i libvcruntimed:undname.obj
 0001:00011c50       __global_unwind2           00412c50 f   libvcruntimed:_exsup_.obj
 0001:00011cb5       __local_unwind2            00412cb5 f   libvcruntimed:_exsup_.obj
 0001:00011d39       __abnormal_termination     00412d39 f   libvcruntimed:_exsup_.obj
 0001:00011d5c       __NLG_Notify1              00412d5c f   libvcruntimed:_exsup_.obj
 0001:00011d65       __NLG_Notify               00412d65 f   libvcruntimed:_exsup_.obj
 0001:00011d7c       __NLG_Dispatch             00412d7c     libvcruntimed:_exsup_.obj
 0001:00011d7c       __NLG_Dispatch2            00412d7c     libvcruntimed:_exsup_.obj
 0001:00011d84       __NLG_Call                 00412d84 f   libvcruntimed:_exsup_.obj
 0001:00011d86       __NLG_Return2              00412d86     libvcruntimed:_exsup_.obj
 0001:00011d90       ??$__crt_fast_decode_pointer@P6AXXZ@@YAP6AXXZQ6AXXZ@Z 00412d90 f i libvcruntimed:purevirt.obj
 0001:00011dc0       ??$__crt_interlocked_exchange_pointer@$$A6AXXZP6AXXZ@@YAP6AXXZPDS6AXXZQ6AXXZ@Z 00412dc0 f i libvcruntimed:purevirt.obj
 0001:00011dd0       ??$__crt_interlocked_read_pointer@$$A6AXXZ@@YAP6AXXZPDS6AXXZ@Z 00412dd0 f i libvcruntimed:purevirt.obj
 0001:00011df0       __get_purecall_handler     00412df0 f   libvcruntimed:purevirt.obj
 0001:00011e10       __purecall                 00412e10 f   libvcruntimed:purevirt.obj
 0001:00011e40       __set_purecall_handler     00412e40 f   libvcruntimed:purevirt.obj
 0001:00011e70       ??$is_overflow_condition@K@__crt_strtox@@YA_NIK@Z 00412e70 f i libucrtd:atox.obj
 0001:00011ed0       ??$is_overflow_condition@_K@__crt_strtox@@YA_NI_K@Z 00412ed0 f i libucrtd:atox.obj
 0001:00011f60       ??$make_c_string_character_source@D$$T@__crt_strtox@@YA?AV?$c_string_character_source@D@0@QBD$$T@Z 00412f60 f i libucrtd:atox.obj
 0001:00011f80       ??$make_c_string_character_source@_W$$T@__crt_strtox@@YA?AV?$c_string_character_source@_W@0@QB_W$$T@Z 00412f80 f i libucrtd:atox.obj
 0001:00011fb0       ??$parse_integer@KV?$c_string_character_source@D@__crt_strtox@@@__crt_strtox@@YAKQAU__crt_locale_pointers@@V?$c_string_character_source@D@0@H_N@Z 00412fb0 f i libucrtd:atox.obj
 0001:00012320       ??$parse_integer@KV?$c_string_character_source@_W@__crt_strtox@@@__crt_strtox@@YAKQAU__crt_locale_pointers@@V?$c_string_character_source@_W@0@H_N@Z 00413320 f i libucrtd:atox.obj
 0001:00012690       ??$parse_integer@_KV?$c_string_character_source@D@__crt_strtox@@@__crt_strtox@@YA_KQAU__crt_locale_pointers@@V?$c_string_character_source@D@0@H_N@Z 00413690 f i libucrtd:atox.obj
 0001:00012ab0       ??$parse_integer@_KV?$c_string_character_source@_W@__crt_strtox@@@__crt_strtox@@YA_KQAU__crt_locale_pointers@@V?$c_string_character_source@_W@0@H_N@Z 00413ab0 f i libucrtd:atox.obj
 0001:00012ee0       ??$parse_integer_from_string@JD$$T@__crt_strtox@@YAJQBD$$THQAU__crt_locale_pointers@@@Z 00413ee0 f i libucrtd:atox.obj
 0001:00012f20       ??$parse_integer_from_string@J_W$$T@__crt_strtox@@YAJQB_W$$THQAU__crt_locale_pointers@@@Z 00413f20 f i libucrtd:atox.obj
 0001:00012f60       ??$parse_integer_from_string@_JD$$T@__crt_strtox@@YA_JQBD$$THQAU__crt_locale_pointers@@@Z 00413f60 f i libucrtd:atox.obj
 0001:00012fa0       ??$parse_integer_from_string@_J_W$$T@__crt_strtox@@YA_JQB_W$$THQAU__crt_locale_pointers@@@Z 00413fa0 f i libucrtd:atox.obj
 0001:00012fe0       ??0?$c_string_character_source@D@__crt_strtox@@QAE@QBDQAPBD@Z 00413fe0 f i libucrtd:atox.obj
 0001:00013020       ??0?$c_string_character_source@_W@__crt_strtox@@QAE@QB_WQAPB_W@Z 00414020 f i libucrtd:atox.obj
 0001:00013060       ??0_LocaleUpdate@@QAE@QAU__crt_locale_pointers@@@Z 00414060 f i libucrtd:atox.obj
 0001:00013140       ??1?$c_string_character_source@D@__crt_strtox@@QAE@XZ 00414140 f i libucrtd:atox.obj
 0001:00013170       ??1?$c_string_character_source@_W@__crt_strtox@@QAE@XZ 00414170 f i libucrtd:atox.obj
 0001:000131a0       ??1_LocaleUpdate@@QAE@XZ   004141a0 f i libucrtd:atox.obj
 0001:000131e0       ?GetLocaleT@_LocaleUpdate@@QAEPAU__crt_locale_pointers@@XZ 004141e0 f i libucrtd:atox.obj
 0001:00013200       ?get@?$c_string_character_source@D@__crt_strtox@@QAEDXZ 00414200 f i libucrtd:atox.obj
 0001:00013230       ?get@?$c_string_character_source@_W@__crt_strtox@@QAE_WXZ 00414230 f i libucrtd:atox.obj
 0001:00013260       ?is_space@__crt_strtox@@YA_NDQAU__crt_locale_pointers@@@Z 00414260 f i libucrtd:atox.obj
 0001:000132a0       ?is_space@__crt_strtox@@YA_N_WPAU__crt_locale_pointers@@@Z 004142a0 f i libucrtd:atox.obj
 0001:000132d0       ?maximum_signed_value@__crt_strtox@@YAJK@Z 004142d0 f i libucrtd:atox.obj
 0001:000132e0       ?maximum_signed_value@__crt_strtox@@YA_J_K@Z 004142e0 f i libucrtd:atox.obj
 0001:000132f0       ?minimum_signed_value@__crt_strtox@@YAJK@Z 004142f0 f i libucrtd:atox.obj
 0001:00013300       ?minimum_signed_value@__crt_strtox@@YA_J_K@Z 00414300 f i libucrtd:atox.obj
 0001:00013310       ?parse_digit@__crt_strtox@@YAID@Z 00414310 f i libucrtd:atox.obj
 0001:00013370       ?parse_digit@__crt_strtox@@YAI_W@Z 00414370 f i libucrtd:atox.obj
 0001:000133f0       ?restore_state@?$c_string_character_source@D@__crt_strtox@@QAE_NQBD@Z 004143f0 f i libucrtd:atox.obj
 0001:00013410       ?restore_state@?$c_string_character_source@_W@__crt_strtox@@QAE_NQB_W@Z 00414410 f i libucrtd:atox.obj
 0001:00013430       ?save_state@?$c_string_character_source@D@__crt_strtox@@QBEPBDXZ 00414430 f i libucrtd:atox.obj
 0001:00013450       ?save_state@?$c_string_character_source@_W@__crt_strtox@@QBEPB_WXZ 00414450 f i libucrtd:atox.obj
 0001:00013470       ?unget@?$c_string_character_source@D@__crt_strtox@@QAEXD@Z 00414470 f i libucrtd:atox.obj
 0001:00013520       ?unget@?$c_string_character_source@_W@__crt_strtox@@QAEX_W@Z 00414520 f i libucrtd:atox.obj
 0001:000135d0       ?validate@?$c_string_character_source@D@__crt_strtox@@QBE_NXZ 004145d0 f i libucrtd:atox.obj
 0001:00013660       ?validate@?$c_string_character_source@_W@__crt_strtox@@QBE_NXZ 00414660 f i libucrtd:atox.obj
 0001:000136f0       ?wide_character_to_digit@__crt_strtox@@YAH_W@Z 004146f0 f i libucrtd:atox.obj
 0001:00013a20       ___acrt_get_locale_data_prefix 00414a20 f i libucrtd:atox.obj
 0001:00013a40       ___acrt_locale_changed     00414a40 f i libucrtd:atox.obj
 0001:00013a70       __atoi64                   00414a70 f   libucrtd:atox.obj
 0001:00013a90       __atoi64_l                 00414a90 f   libucrtd:atox.obj
 0001:00013ab0       __atoi_l                   00414ab0 f   libucrtd:atox.obj
 0001:00013ad0       __atol_l                   00414ad0 f   libucrtd:atox.obj
 0001:00013af0       __atoll_l                  00414af0 f   libucrtd:atox.obj
 0001:00013b10       __chvalidchk_l             00414b10 f i libucrtd:atox.obj
 0001:00013b30       __ischartype_l             00414b30 f i libucrtd:atox.obj
 0001:00013b80       __wtoi                     00414b80 f   libucrtd:atox.obj
 0001:00013ba0       __wtoi64                   00414ba0 f   libucrtd:atox.obj
 0001:00013bc0       __wtoi64_l                 00414bc0 f   libucrtd:atox.obj
 0001:00013be0       __wtoi_l                   00414be0 f   libucrtd:atox.obj
 0001:00013c00       __wtol                     00414c00 f   libucrtd:atox.obj
 0001:00013c20       __wtol_l                   00414c20 f   libucrtd:atox.obj
 0001:00013c40       __wtoll                    00414c40 f   libucrtd:atox.obj
 0001:00013c60       __wtoll_l                  00414c60 f   libucrtd:atox.obj
 0001:00013c80       _atoi                      00414c80 f   libucrtd:atox.obj
 0001:00013ca0       _atol                      00414ca0 f   libucrtd:atox.obj
 0001:00013cc0       _atoll                     00414cc0 f   libucrtd:atox.obj
 0001:00014df0       __i64toa                   00415df0 f   libucrtd:xtoa.obj
 0001:00014e40       __i64toa_s                 00415e40 f   libucrtd:xtoa.obj
 0001:00014e90       __i64tow                   00415e90 f   libucrtd:xtoa.obj
 0001:00014ee0       __i64tow_s                 00415ee0 f   libucrtd:xtoa.obj
 0001:00014f30       __itoa                     00415f30 f   libucrtd:xtoa.obj
 0001:00014f80       __itoa_s                   00415f80 f   libucrtd:xtoa.obj
 0001:00014fd0       __itow                     00415fd0 f   libucrtd:xtoa.obj
 0001:00015020       __itow_s                   00416020 f   libucrtd:xtoa.obj
 0001:00015070       __ltoa                     00416070 f   libucrtd:xtoa.obj
 0001:000150c0       __ltoa_s                   004160c0 f   libucrtd:xtoa.obj
 0001:00015110       __ltow                     00416110 f   libucrtd:xtoa.obj
 0001:00015160       __ltow_s                   00416160 f   libucrtd:xtoa.obj
 0001:000151b0       __ui64toa                  004161b0 f   libucrtd:xtoa.obj
 0001:000151e0       __ui64toa_s                004161e0 f   libucrtd:xtoa.obj
 0001:00015210       __ui64tow                  00416210 f   libucrtd:xtoa.obj
 0001:00015240       __ui64tow_s                00416240 f   libucrtd:xtoa.obj
 0001:00015270       __ultoa                    00416270 f   libucrtd:xtoa.obj
 0001:000152a0       __ultoa_s                  004162a0 f   libucrtd:xtoa.obj
 0001:000152d0       __ultow                    004162d0 f   libucrtd:xtoa.obj
 0001:00015300       __ultow_s                  00416300 f   libucrtd:xtoa.obj
 0001:00015330       ??$?R_W@__crt_internal_free_policy@@QBEXQB_W@Z 00416330 f i libucrtd:unlink.obj
 0001:00015350       ??0?$__crt_unique_heap_ptr@_WU__crt_internal_free_policy@@@@QAE@QA_W@Z 00416350 f i libucrtd:unlink.obj
 0001:00015370       ??1?$__crt_unique_heap_ptr@_WU__crt_internal_free_policy@@@@QAE@XZ 00416370 f i libucrtd:unlink.obj
 0001:00015390       ?get@?$__crt_unique_heap_ptr@_WU__crt_internal_free_policy@@@@QBEPA_WXZ 00416390 f i libucrtd:unlink.obj
 0001:000153b0       ?get_address_of@?$__crt_unique_heap_ptr@_WU__crt_internal_free_policy@@@@QAEPAPA_WXZ 004163b0 f i libucrtd:unlink.obj
 0001:000153c0       ?release@?$__crt_unique_heap_ptr@_WU__crt_internal_free_policy@@@@QAEXXZ 004163c0 f i libucrtd:unlink.obj
 0001:000153f0       __unlink                   004163f0 f   libucrtd:unlink.obj
 0001:00015410       _remove                    00416410 f   libucrtd:unlink.obj
 0001:00015716       ??$get_current_directory@AAKAAPAD@?$__crt_char_traits@D@@SAKAAKAAPAD@Z 00416716 f i libucrtd:chdir.obj
 0001:0001572d       ??$get_current_directory@AAKAAPA_W@?$__crt_char_traits@_W@@SAKAAKAAPA_W@Z 0041672d f i libucrtd:chdir.obj
 0001:00015744       ??$set_current_directory@ABQBD@?$__crt_char_traits@D@@SAHABQBD@Z 00416744 f i libucrtd:chdir.obj
 0001:00015756       ??$set_current_directory@ABQB_W@?$__crt_char_traits@_W@@SAHABQB_W@Z 00416756 f i libucrtd:chdir.obj
 0001:00015840       ??$set_environment_variable@AAY03$$CBDABQBD@?$__crt_char_traits@D@@SAHAAY03$$CBDABQBD@Z 00416840 f i libucrtd:chdir.obj
 0001:00015855       ??$set_environment_variable@AAY03$$CB_WABQB_W@?$__crt_char_traits@_W@@SAHAAY03$$CB_WABQB_W@Z 00416855 f i libucrtd:chdir.obj
 0001:0001586a       ??4?$__crt_unique_heap_ptr@DU__crt_internal_free_policy@@@@QAEAAV0@$$QAV0@@Z 0041686a f i libucrtd:chdir.obj
 0001:00015891       ??4?$__crt_unique_heap_ptr@_WU__crt_internal_free_policy@@@@QAEAAV0@$$QAV0@@Z 00416891 f i libucrtd:chdir.obj
 0001:000158b8       __chdir                    004168b8 f   libucrtd:chdir.obj
 0001:000158c3       __wchdir                   004168c3 f   libucrtd:chdir.obj
 0001:000158d0       __mkdir                    004168d0 f   libucrtd:mkdir.obj
 0001:00015950       __rmdir                    00416950 f   libucrtd:rmdir.obj
 0001:00015a20       __seh_filter_dll           00416a20 f   libucrtd:exception_filter.obj
 0001:00015a50       __seh_filter_exe           00416a50 f   libucrtd:exception_filter.obj
 0001:00015e20       ___acrt_report_runtime_error 00416e20 f   libucrtd:report_runtime_error.obj
 0001:00016010       __invoke_watson_if_error   00417010 f i libucrtd:report_runtime_error.obj
 0001:00016040       __query_app_type           00417040 f   libucrtd:report_runtime_error.obj
 0001:00016050       __set_app_type             00417050 f   libucrtd:report_runtime_error.obj
 0001:00016060       ??$__crt_fast_decode_pointer@P6AHPAU_exception@@@Z@@YAP6AHPAU_exception@@@ZQ6AH0@Z@Z 00417060 f i libucrtd:matherr.obj
 0001:00016090       ??$__crt_fast_encode_pointer@P6AHPAU_exception@@@Z@@YAP6AHPAU_exception@@@ZQ6AH0@Z@Z 00417090 f i libucrtd:matherr.obj
 0001:000160c0       ?get_current_state_index@__crt_state_management@@YAIXZ 004170c0 f i libucrtd:matherr.obj
 0001:000160d0       ?initialize@?$dual_state_global@P6AHPAU_exception@@@Z@__crt_state_management@@QAEXQ6AHPAU_exception@@@Z@Z 004170d0 f i libucrtd:matherr.obj
 0001:00016110       ?value@?$dual_state_global@P6AHPAU_exception@@@Z@__crt_state_management@@QAEAAP6AHPAU_exception@@@ZXZ 00417110 f i libucrtd:matherr.obj
 0001:00016130       ___acrt_has_user_matherr   00417130 f   libucrtd:matherr.obj
 0001:00016170       ___acrt_initialize_user_matherr 00417170 f   libucrtd:matherr.obj
 0001:00016190       ___acrt_invoke_user_matherr 00417190 f   libucrtd:matherr.obj
 0001:000161f0       ___setusermatherr          004171f0 f   libucrtd:matherr.obj
 0001:00016220       ??$?RE@__crt_internal_free_policy@@QBEXQBE@Z 00417220 f i libucrtd:argv_parsing.obj
 0001:00016240       ??$?RPAD@__crt_internal_free_policy@@QBEXQBQAD@Z 00417240 f i libucrtd:argv_parsing.obj
 0001:00016260       ??$?RPA_W@__crt_internal_free_policy@@QBEXQBQA_W@Z 00417260 f i libucrtd:argv_parsing.obj
 0001:000167c0       ??$get_module_file_name@$$TAAY0BAF@DH@?$__crt_char_traits@D@@SAK$$QA$$TAAY0BAF@D$$QAH@Z 004177c0 f i libucrtd:argv_parsing.obj
 0001:000167e0       ??$get_module_file_name@$$TAAY0BAF@_WH@?$__crt_char_traits@_W@@SAK$$QA$$TAAY0BAF@_W$$QAH@Z 004177e0 f i libucrtd:argv_parsing.obj
 0001:00016f00       ??$set_program_name@PAD@?$__crt_char_traits@D@@SAX$$QAPAD@Z 00417f00 f i libucrtd:argv_parsing.obj
 0001:00016f20       ??$set_program_name@PA_W@?$__crt_char_traits@_W@@SAX$$QAPA_W@Z 00417f20 f i libucrtd:argv_parsing.obj
 0001:00016f80       ??0?$__crt_unique_heap_ptr@EU__crt_internal_free_policy@@@@QAE@QAE@Z 00417f80 f i libucrtd:argv_parsing.obj
 0001:00016fa0       ??0?$__crt_unique_heap_ptr@PADU__crt_internal_free_policy@@@@QAE@QAPAD@Z 00417fa0 f i libucrtd:argv_parsing.obj
 0001:00016fc0       ??0?$__crt_unique_heap_ptr@PA_WU__crt_internal_free_policy@@@@QAE@QAPA_W@Z 00417fc0 f i libucrtd:argv_parsing.obj
 0001:00016fe0       ??1?$__crt_unique_heap_ptr@EU__crt_internal_free_policy@@@@QAE@XZ 00417fe0 f i libucrtd:argv_parsing.obj
 0001:00017000       ??1?$__crt_unique_heap_ptr@PADU__crt_internal_free_policy@@@@QAE@XZ 00418000 f i libucrtd:argv_parsing.obj
 0001:00017020       ??1?$__crt_unique_heap_ptr@PA_WU__crt_internal_free_policy@@@@QAE@XZ 00418020 f i libucrtd:argv_parsing.obj
 0001:00017040       ??B?$__crt_unique_heap_ptr@EU__crt_internal_free_policy@@@@QBE_NXZ 00418040 f i libucrtd:argv_parsing.obj
 0001:00017100       ?detach@?$__crt_unique_heap_ptr@EU__crt_internal_free_policy@@@@QAEPAEXZ 00418100 f i libucrtd:argv_parsing.obj
 0001:00017130       ?detach@?$__crt_unique_heap_ptr@PADU__crt_internal_free_policy@@@@QAEPAPADXZ 00418130 f i libucrtd:argv_parsing.obj
 0001:00017160       ?detach@?$__crt_unique_heap_ptr@PA_WU__crt_internal_free_policy@@@@QAEPAPA_WXZ 00418160 f i libucrtd:argv_parsing.obj
 0001:000171f0       ?get@?$__crt_unique_heap_ptr@EU__crt_internal_free_policy@@@@QBEPAEXZ 004181f0 f i libucrtd:argv_parsing.obj
 0001:00017210       ?get@?$__crt_unique_heap_ptr@PADU__crt_internal_free_policy@@@@QBEPAPADXZ 00418210 f i libucrtd:argv_parsing.obj
 0001:00017230       ?get@?$__crt_unique_heap_ptr@PA_WU__crt_internal_free_policy@@@@QBEPAPA_WXZ 00418230 f i libucrtd:argv_parsing.obj
 0001:00017250       ?get_address_of@?$__crt_unique_heap_ptr@PADU__crt_internal_free_policy@@@@QAEPAPAPADXZ 00418250 f i libucrtd:argv_parsing.obj
 0001:00017260       ?get_address_of@?$__crt_unique_heap_ptr@PA_WU__crt_internal_free_policy@@@@QAEPAPAPA_WXZ 00418260 f i libucrtd:argv_parsing.obj
 0001:000172b0       ?is_valid@?$__crt_unique_heap_ptr@EU__crt_internal_free_policy@@@@QBE_NXZ 004182b0 f i libucrtd:argv_parsing.obj
 0001:000172e0       ?release@?$__crt_unique_heap_ptr@EU__crt_internal_free_policy@@@@QAEXXZ 004182e0 f i libucrtd:argv_parsing.obj
 0001:00017310       ?release@?$__crt_unique_heap_ptr@PADU__crt_internal_free_policy@@@@QAEXXZ 00418310 f i libucrtd:argv_parsing.obj
 0001:00017340       ?release@?$__crt_unique_heap_ptr@PA_WU__crt_internal_free_policy@@@@QAEXXZ 00418340 f i libucrtd:argv_parsing.obj
 0001:000173b0       ___acrt_allocate_buffer_for_argv 004183b0 f   libucrtd:argv_parsing.obj
 0001:00017470       __configure_narrow_argv    00418470 f   libucrtd:argv_parsing.obj
 0001:00017490       __configure_wide_argv      00418490 f   libucrtd:argv_parsing.obj
 0001:000174b0       __set_pgmptr               004184b0 f i libucrtd:argv_parsing.obj
 0001:000174c0       __set_wpgmptr              004184c0 f i libucrtd:argv_parsing.obj
 0001:0001791b       ??$get_environment_from_os@$$V@?$__crt_char_traits@D@@SAPADXZ 0041891b f i libucrtd:environment_initialization.obj
 0001:00017920       ??$get_environment_from_os@$$V@?$__crt_char_traits@_W@@SAPA_WXZ 00418920 f i libucrtd:environment_initialization.obj
 0001:00017a41       ??$set_variable_in_environment_nolock@PADH@?$__crt_char_traits@D@@SAH$$QAPAD$$QAH@Z 00418a41 f i libucrtd:environment_initialization.obj
 0001:00017a59       ??$set_variable_in_environment_nolock@PA_WH@?$__crt_char_traits@_W@@SAH$$QAPA_W$$QAH@Z 00418a59 f i libucrtd:environment_initialization.obj
 0001:00017a71       ??$tcscpy_s@PADABIAAPAD@?$__crt_char_traits@D@@SAH$$QAPADABIAAPAD@Z 00418a71 f i libucrtd:environment_initialization.obj
 0001:00017a8f       ??$tcscpy_s@PA_WABIAAPA_W@?$__crt_char_traits@_W@@SAH$$QAPA_WABIAAPA_W@Z 00418a8f f i libucrtd:environment_initialization.obj
 0001:00017aad       ??$tcslen@AAPAD@?$__crt_char_traits@D@@SAIAAPAD@Z 00418aad f i libucrtd:environment_initialization.obj
 0001:00017ac5       ??$tcslen@AAPA_W@?$__crt_char_traits@_W@@SAIAAPA_W@Z 00418ac5 f i libucrtd:environment_initialization.obj
 0001:00017ae3       ??$uninitialize@A6AXAAPAPAD@Z@?$dual_state_global@PAPAD@__crt_state_management@@QAEXA6AXAAPAPAD@Z@Z 00418ae3 f i libucrtd:environment_initialization.obj
 0001:00017b23       ??$uninitialize@A6AXAAPAPA_W@Z@?$dual_state_global@PAPA_W@__crt_state_management@@QAEXA6AXAAPAPA_W@Z@Z 00418b23 f i libucrtd:environment_initialization.obj
 0001:00017b99       ??B?$__crt_unique_heap_ptr@PADU__crt_internal_free_policy@@@@QBE_NXZ 00418b99 f i libucrtd:environment_initialization.obj
 0001:00017ba1       ??B?$__crt_unique_heap_ptr@PA_WU__crt_internal_free_policy@@@@QBE_NXZ 00418ba1 f i libucrtd:environment_initialization.obj
 0001:00017ba9       ??B?$__crt_unique_heap_ptr@_WU__crt_internal_free_policy@@@@QBE_NXZ 00418ba9 f i libucrtd:environment_initialization.obj
 0001:00017bb1       ?__crt_compute_required_transform_buffer_count@@YAIIQBD@Z 00418bb1 f i libucrtd:environment_initialization.obj
 0001:00017bcb       ?__crt_compute_required_transform_buffer_count@@YAIIQB_W@Z 00418bcb f i libucrtd:environment_initialization.obj
 0001:00017be7       ?__crt_transform_string@@YAIIQBDQA_WI@Z 00418be7 f i libucrtd:environment_initialization.obj
 0001:00017c04       ?__crt_transform_string@@YAIIQB_WQADI@Z 00418c04 f i libucrtd:environment_initialization.obj
 0001:00017c24       ?detach@?$__crt_unique_heap_ptr@DU__crt_internal_free_policy@@@@QAEPADXZ 00418c24 f i libucrtd:environment_initialization.obj
 0001:00017c2a       ?detach@?$__crt_unique_heap_ptr@_WU__crt_internal_free_policy@@@@QAEPA_WXZ 00418c2a f i libucrtd:environment_initialization.obj
 0001:00017c54       ?initialize@?$dual_state_global@PAPAD@__crt_state_management@@QAEXQAPAD@Z 00418c54 f i libucrtd:environment_initialization.obj
 0001:00017c85       ?initialize@?$dual_state_global@PAPA_W@__crt_state_management@@QAEXQAPA_W@Z 00418c85 f i libucrtd:environment_initialization.obj
 0001:00017cb6       ?is_valid@?$__crt_unique_heap_ptr@PADU__crt_internal_free_policy@@@@QBE_NXZ 00418cb6 f i libucrtd:environment_initialization.obj
 0001:00017cbe       ?is_valid@?$__crt_unique_heap_ptr@PA_WU__crt_internal_free_policy@@@@QBE_NXZ 00418cbe f i libucrtd:environment_initialization.obj
 0001:00017cc6       ?is_valid@?$__crt_unique_heap_ptr@_WU__crt_internal_free_policy@@@@QBE_NXZ 00418cc6 f i libucrtd:environment_initialization.obj
 0001:00017cd4       ?value@?$dual_state_global@PAPAD@__crt_state_management@@QAEAAPAPADXZ 00418cd4 f i libucrtd:environment_initialization.obj
 0001:00017cd7       ?value@?$dual_state_global@PAPA_W@__crt_state_management@@QAEAAPAPA_WXZ 00418cd7 f i libucrtd:environment_initialization.obj
 0001:00017cda       ___dcrt_get_or_create_narrow_environment_nolock 00418cda f   libucrtd:environment_initialization.obj
 0001:00017cdf       ___dcrt_get_or_create_wide_environment_nolock 00418cdf f   libucrtd:environment_initialization.obj
 0001:00017ce4       ___dcrt_uninitialize_environments_nolock 00418ce4 f   libucrtd:environment_initialization.obj
 0001:00017d1b       ___p__environ              00418d1b f   libucrtd:environment_initialization.obj
 0001:00017d21       ___p__wenviron             00418d21 f   libucrtd:environment_initialization.obj
 0001:00017d27       __get_initial_narrow_environment 00418d27 f   libucrtd:environment_initialization.obj
 0001:00017d3b       __get_initial_wide_environment 00418d3b f   libucrtd:environment_initialization.obj
 0001:00017d4f       __initialize_narrow_environment 00418d4f f   libucrtd:environment_initialization.obj
 0001:00017d54       __initialize_wide_environment 00418d54 f   libucrtd:environment_initialization.obj
 0001:00017fa0       __get_narrow_winmain_command_line 00418fa0 f   libucrtd:argv_winmain.obj
 0001:00017fb0       __get_wide_winmain_command_line 00418fb0 f   libucrtd:argv_winmain.obj
 0001:00017fc0       __initterm                 00418fc0 f   libucrtd:initterm.obj
 0001:00018020       __initterm_e               00419020 f   libucrtd:initterm.obj
 0001:00018090       ??$?B$$A6GXPAXK0@Z@__crt_fast_encoded_nullptr_t@@QBEP6GXPAXK0@ZXZ 00419090 f i libucrtd:exit.obj
 0001:000180b0       ??$?RV<lambda_03b1d95aef87969028cfba75ccab2455>@@AAV<lambda_6e4b09c48022b2350581041d5f6b0c4c>@@V<lambda_22bdf7517842c4b3e53723af5aa32b9e>@@@?$__crt_seh_guarded_call@X@@QAEX$$QAV<lambda_03b1d95aef87969028cfba75ccab2455>@@AAV<lambda_6e4b09c48022b2350581041d5f6b0c4c>@@$$QAV<lambda_22bdf7517842c4b3e53723af5aa32b9e>@@@Z 004190b0 f i libucrtd:exit.obj
 0001:00018130       ??$__acrt_lock_and_call@V<lambda_6e4b09c48022b2350581041d5f6b0c4c>@@@@YAXW4__acrt_lock_id@@$$QAV<lambda_6e4b09c48022b2350581041d5f6b0c4c>@@@Z 00419130 f i libucrtd:exit.obj
 0001:00018170       ??$__crt_fast_decode_pointer@P6GXPAXK0@Z@@YAP6GXPAXK0@ZQ6GX0K0@Z@Z 00419170 f i libucrtd:exit.obj
 0001:000181a0       ??$__crt_fast_encode_pointer@P6GXPAXK0@Z@@YAP6GXPAXK0@ZQ6GX0K0@Z@Z 004191a0 f i libucrtd:exit.obj
 0001:000181d0       ??$__crt_get_proc_address@P6GXI@Z@@YAP6GXI@ZQAUHINSTANCE__@@QBD@Z 004191d0 f i libucrtd:exit.obj
 0001:000181f0       ??$__crt_interlocked_read@J@@YAJPDJ@Z 004191f0 f i libucrtd:exit.obj
 0001:00018280       ??0?$__crt_unique_handle_t@U__crt_hmodule_traits@@@@QAE@QAUHINSTANCE__@@@Z 00419280 f i libucrtd:exit.obj
 0001:000182a0       ??1?$__crt_unique_handle_t@U__crt_hmodule_traits@@@@QAE@XZ 004192a0 f i libucrtd:exit.obj
 0001:00018470       ?__acrt_select_exit_lock@@YA?AW4__acrt_lock_id@@XZ 00419470 f i libucrtd:exit.obj
 0001:000184a0       ?close@?$__crt_unique_handle_t@U__crt_hmodule_traits@@@@QAEXXZ 004194a0 f i libucrtd:exit.obj
 0001:000184e0       ?close@__crt_hmodule_traits@@SA_NPAUHINSTANCE__@@@Z 004194e0 f i libucrtd:exit.obj
 0001:000185d0       ?get@?$__crt_unique_handle_t@U__crt_hmodule_traits@@@@QBEPAUHINSTANCE__@@XZ 004195d0 f i libucrtd:exit.obj
 0001:000185f0       ?get_address_of@?$__crt_unique_handle_t@U__crt_hmodule_traits@@@@QAEPAPAUHINSTANCE__@@XZ 004195f0 f i libucrtd:exit.obj
 0001:00018600       ?get_invalid_value@__crt_hmodule_traits@@SAPAUHINSTANCE__@@XZ 00419600 f i libucrtd:exit.obj
 0001:00018790       __Exit                     00419790 f   libucrtd:exit.obj
 0001:000187b0       ___acrt_initialize_thread_local_exit_callback 004197b0 f   libucrtd:exit.obj
 0001:000187c0       __c_exit                   004197c0 f   libucrtd:exit.obj
 0001:000187e0       __cexit                    004197e0 f   libucrtd:exit.obj
 0001:00018800       __exit                     00419800 f   libucrtd:exit.obj
 0001:00018820       __is_c_termination_complete 00419820 f   libucrtd:exit.obj
 0001:00018840       __register_thread_local_exe_atexit_callback 00419840 f   libucrtd:exit.obj
 0001:00018880       _exit                      00419880 f   libucrtd:exit.obj
 0001:000188a0       _quick_exit                004198a0 f   libucrtd:exit.obj
 0001:000188c0       ??$__crt_interlocked_read@H@@YAHPDH@Z 004198c0 f i libucrtd:setmode.obj
 0001:000188e0       ?value@?$dual_state_global@H@__crt_state_management@@QAEAAHXZ 004198e0 f i libucrtd:setmode.obj
 0001:00018900       __get_fmode                00419900 f   libucrtd:setmode.obj
 0001:000189a0       __set_fmode                004199a0 f   libucrtd:setmode.obj
 0001:00018a50       __setmode                  00419a50 f   libucrtd:setmode.obj
 0001:00018d10       __setmode_nolock           00419d10 f   libucrtd:setmode.obj
 0001:00018f40       ??$?RU__crt_locale_data@@@__crt_internal_free_policy@@QBEXQBU__crt_locale_data@@@Z 00419f40 f i libucrtd:wsetlocale.obj
 0001:00018f60       ??$?RU__crt_locale_pointers@@@__crt_internal_free_policy@@QBEXQBU__crt_locale_pointers@@@Z 00419f60 f i libucrtd:wsetlocale.obj
 0001:00018f80       ??$?RU__crt_multibyte_data@@@__crt_internal_free_policy@@QBEXQBU__crt_multibyte_data@@@Z 00419f80 f i libucrtd:wsetlocale.obj
 0001:00018fa0       ??$?RV<lambda_287639389cd93001d524e978add0a966>@@AAV<lambda_ec6e89223f0b55d129b385f28d5ef06c>@@AAV<lambda_8dff2cf36a5417162780cd64fa2883ef>@@@?$__crt_seh_guarded_call@X@@QAEX$$QAV<lambda_287639389cd93001d524e978add0a966>@@AAV<lambda_ec6e89223f0b55d129b385f28d5ef06c>@@AAV<lambda_8dff2cf36a5417162780cd64fa2883ef>@@@Z 00419fa0 f i libucrtd:wsetlocale.obj
 0001:00019020       ??$?RV<lambda_6673f7c4c09a5d469d0c27ae364621ce>@@AAV<lambda_ebab98244f73a74f49db879bf13fa982>@@V<lambda_be20789b7a146653eab82509ec35b419>@@@?$__crt_seh_guarded_call@X@@QAEX$$QAV<lambda_6673f7c4c09a5d469d0c27ae364621ce>@@AAV<lambda_ebab98244f73a74f49db879bf13fa982>@@$$QAV<lambda_be20789b7a146653eab82509ec35b419>@@@Z 0041a020 f i libucrtd:wsetlocale.obj
 0001:000190a0       ??$?RV<lambda_77dab89fbeac4a713f5109d3a84a64bd>@@AAV<lambda_5aa87bd3d20598fe94a7059d4352bb0a>@@V<lambda_5f774f8e5ad3390f551a2c439a85eac2>@@@?$__crt_seh_guarded_call@X@@QAEX$$QAV<lambda_77dab89fbeac4a713f5109d3a84a64bd>@@AAV<lambda_5aa87bd3d20598fe94a7059d4352bb0a>@@$$QAV<lambda_5f774f8e5ad3390f551a2c439a85eac2>@@@Z 0041a0a0 f i libucrtd:wsetlocale.obj
 0001:00019120       ??$?RV<lambda_82aef432098b982f9ede325b418aa67a>@@AAV<lambda_862e9a3f04921db6ca1ce3faa2bf3edf>@@V<lambda_ffabc152e504b53d7492b9889b10c020>@@@?$__crt_seh_guarded_call@X@@QAEX$$QAV<lambda_82aef432098b982f9ede325b418aa67a>@@AAV<lambda_862e9a3f04921db6ca1ce3faa2bf3edf>@@$$QAV<lambda_ffabc152e504b53d7492b9889b10c020>@@@Z 0041a120 f i libucrtd:wsetlocale.obj
 0001:000191a0       ??$?RV<lambda_e5124f882df8998aaf41531e079ba474>@@AAV<lambda_3e16ef9562a7dcce91392c22ab16ea36>@@V<lambda_e25ca0880e6ef98be67edffd8c599615>@@@?$__crt_seh_guarded_call@X@@QAEX$$QAV<lambda_e5124f882df8998aaf41531e079ba474>@@AAV<lambda_3e16ef9562a7dcce91392c22ab16ea36>@@$$QAV<lambda_e25ca0880e6ef98be67edffd8c599615>@@@Z 0041a1a0 f i libucrtd:wsetlocale.obj
 0001:00019220       ??$__acrt_lock_and_call@V<lambda_3e16ef9562a7dcce91392c22ab16ea36>@@@@YAXW4__acrt_lock_id@@$$QAV<lambda_3e16ef9562a7dcce91392c22ab16ea36>@@@Z 0041a220 f i libucrtd:wsetlocale.obj
 0001:00019260       ??$__acrt_lock_and_call@V<lambda_5aa87bd3d20598fe94a7059d4352bb0a>@@@@YAXW4__acrt_lock_id@@$$QAV<lambda_5aa87bd3d20598fe94a7059d4352bb0a>@@@Z 0041a260 f i libucrtd:wsetlocale.obj
 0001:000192a0       ??$__acrt_lock_and_call@V<lambda_862e9a3f04921db6ca1ce3faa2bf3edf>@@@@YAXW4__acrt_lock_id@@$$QAV<lambda_862e9a3f04921db6ca1ce3faa2bf3edf>@@@Z 0041a2a0 f i libucrtd:wsetlocale.obj
 0001:000192e0       ??$__acrt_lock_and_call@V<lambda_ebab98244f73a74f49db879bf13fa982>@@@@YAXW4__acrt_lock_id@@$$QAV<lambda_ebab98244f73a74f49db879bf13fa982>@@@Z 0041a2e0 f i libucrtd:wsetlocale.obj
 0001:00019320       ??$__crt_call_and_cleanup@V<lambda_ec6e89223f0b55d129b385f28d5ef06c>@@V<lambda_8dff2cf36a5417162780cd64fa2883ef>@@@@YAX$$QAV<lambda_ec6e89223f0b55d129b385f28d5ef06c>@@$$QAV<lambda_8dff2cf36a5417162780cd64fa2883ef>@@@Z 0041a320 f i libucrtd:wsetlocale.obj
 0001:00019350       ??$__vcrt_va_start_verify_argument_type@H@@YAXXZ 0041a350 f i libucrtd:wsetlocale.obj
 0001:00019360       ??$uninitialize@V<lambda_88ce03f932007f29bf8b8056cbaba4f3>@@@?$dual_state_global@PAU__crt_locale_data@@@__crt_state_management@@QAEX$$QAV<lambda_88ce03f932007f29bf8b8056cbaba4f3>@@@Z 0041a360 f i libucrtd:wsetlocale.obj
 0001:00019580       ??0?$__crt_unique_heap_ptr@U__crt_locale_data@@U__crt_internal_free_policy@@@@QAE@QAU__crt_locale_data@@@Z 0041a580 f i libucrtd:wsetlocale.obj
 0001:000195a0       ??0?$__crt_unique_heap_ptr@U__crt_locale_pointers@@U__crt_internal_free_policy@@@@QAE@QAU__crt_locale_pointers@@@Z 0041a5a0 f i libucrtd:wsetlocale.obj
 0001:000195c0       ??0?$__crt_unique_heap_ptr@U__crt_multibyte_data@@U__crt_internal_free_policy@@@@QAE@QAU__crt_multibyte_data@@@Z 0041a5c0 f i libucrtd:wsetlocale.obj
 0001:000195e0       ??1?$__crt_unique_heap_ptr@U__crt_locale_data@@U__crt_internal_free_policy@@@@QAE@XZ 0041a5e0 f i libucrtd:wsetlocale.obj
 0001:00019600       ??1?$__crt_unique_heap_ptr@U__crt_locale_pointers@@U__crt_internal_free_policy@@@@QAE@XZ 0041a600 f i libucrtd:wsetlocale.obj
 0001:00019620       ??1?$__crt_unique_heap_ptr@U__crt_multibyte_data@@U__crt_internal_free_policy@@@@QAE@XZ 0041a620 f i libucrtd:wsetlocale.obj
 0001:00019640       ??B?$__crt_unique_heap_ptr@U__crt_locale_data@@U__crt_internal_free_policy@@@@QBE_NXZ 0041a640 f i libucrtd:wsetlocale.obj
 0001:00019660       ??B?$__crt_unique_heap_ptr@U__crt_locale_pointers@@U__crt_internal_free_policy@@@@QBE_NXZ 0041a660 f i libucrtd:wsetlocale.obj
 0001:00019680       ??B?$__crt_unique_heap_ptr@U__crt_multibyte_data@@U__crt_internal_free_policy@@@@QBE_NXZ 0041a680 f i libucrtd:wsetlocale.obj
 0001:00019a70       ?detach@?$__crt_unique_heap_ptr@U__crt_locale_data@@U__crt_internal_free_policy@@@@QAEPAU__crt_locale_data@@XZ 0041aa70 f i libucrtd:wsetlocale.obj
 0001:00019aa0       ?detach@?$__crt_unique_heap_ptr@U__crt_locale_pointers@@U__crt_internal_free_policy@@@@QAEPAU__crt_locale_pointers@@XZ 0041aaa0 f i libucrtd:wsetlocale.obj
 0001:00019ad0       ?detach@?$__crt_unique_heap_ptr@U__crt_multibyte_data@@U__crt_internal_free_policy@@@@QAEPAU__crt_multibyte_data@@XZ 0041aad0 f i libucrtd:wsetlocale.obj
 0001:00019b00       ?get@?$__crt_unique_heap_ptr@U__crt_locale_data@@U__crt_internal_free_policy@@@@QBEPAU__crt_locale_data@@XZ 0041ab00 f i libucrtd:wsetlocale.obj
 0001:00019b20       ?get@?$__crt_unique_heap_ptr@U__crt_locale_pointers@@U__crt_internal_free_policy@@@@QBEPAU__crt_locale_pointers@@XZ 0041ab20 f i libucrtd:wsetlocale.obj
 0001:00019b40       ?get@?$__crt_unique_heap_ptr@U__crt_multibyte_data@@U__crt_internal_free_policy@@@@QBEPAU__crt_multibyte_data@@XZ 0041ab40 f i libucrtd:wsetlocale.obj
 0001:00019b60       ?is_valid@?$__crt_unique_heap_ptr@U__crt_locale_data@@U__crt_internal_free_policy@@@@QBE_NXZ 0041ab60 f i libucrtd:wsetlocale.obj
 0001:00019b90       ?is_valid@?$__crt_unique_heap_ptr@U__crt_locale_pointers@@U__crt_internal_free_policy@@@@QBE_NXZ 0041ab90 f i libucrtd:wsetlocale.obj
 0001:00019bc0       ?is_valid@?$__crt_unique_heap_ptr@U__crt_multibyte_data@@U__crt_internal_free_policy@@@@QBE_NXZ 0041abc0 f i libucrtd:wsetlocale.obj
 0001:00019bf0       ?release@?$__crt_unique_heap_ptr@U__crt_locale_data@@U__crt_internal_free_policy@@@@QAEXXZ 0041abf0 f i libucrtd:wsetlocale.obj
 0001:00019c20       ?release@?$__crt_unique_heap_ptr@U__crt_locale_pointers@@U__crt_internal_free_policy@@@@QAEXXZ 0041ac20 f i libucrtd:wsetlocale.obj
 0001:00019c50       ?release@?$__crt_unique_heap_ptr@U__crt_multibyte_data@@U__crt_internal_free_policy@@@@QAEXXZ 0041ac50 f i libucrtd:wsetlocale.obj
 0001:00019c80       ?value@?$dual_state_global@PAU__crt_locale_data@@@__crt_state_management@@QAEAAPAU__crt_locale_data@@XZ 0041ac80 f i libucrtd:wsetlocale.obj
 0001:00019ca0       ___acrt_copy_locale_name   0041aca0 f   libucrtd:wsetlocale.obj
 0001:00019d40       ___acrt_set_locale_changed 0041ad40 f   libucrtd:wsetlocale.obj
 0001:00019d60       ___acrt_uninitialize_locale 0041ad60 f   libucrtd:wsetlocale.obj
 0001:00019d80       ___lc_lctowcs              0041ad80 f   libucrtd:wsetlocale.obj
 0001:00019e30       ___lc_wcstolc              0041ae30 f   libucrtd:wsetlocale.obj
 0001:0001a050       __configthreadlocale       0041b050 f   libucrtd:wsetlocale.obj
 0001:0001a1d0       __create_locale            0041b1d0 f   libucrtd:wsetlocale.obj
 0001:0001a240       __expandlocale             0041b240 f   libucrtd:wsetlocale.obj
 0001:0001a710       __free_locale              0041b710 f   libucrtd:wsetlocale.obj
 0001:0001a840       __get_current_locale       0041b840 f   libucrtd:wsetlocale.obj
 0001:0001a910       __wcreate_locale           0041b910 f   libucrtd:wsetlocale.obj
 0001:0001ab50       __wcscats                  0041bb50 f   libucrtd:wsetlocale.obj
 0001:0001abd0       __wsetlocale               0041bbd0 f   libucrtd:wsetlocale.obj
 0001:0001bb20       ?value@?$dual_state_global@J@__crt_state_management@@QAEAAJXZ 0041cb20 f i libucrtd:new_mode.obj
 0001:0001bb40       __query_new_mode           0041cb40 f   libucrtd:new_mode.obj
 0001:0001bb60       __set_new_mode             0041cb60 f   libucrtd:new_mode.obj
 0001:0001bc00       ___p__commode              0041cc00 f   libucrtd:ncommode.obj
 0001:0001bc10       ??$?BP6AXXZ@__crt_fast_encoded_nullptr_t@@QBEPAP6AXXZXZ 0041cc10 f i libucrtd:onexit.obj
[...]
 0002:0001c5b8       __sehtable$??$?RV<lambda_b4329732a1a72698597872ef534ad66d>@@AAV<lambda_96392db5b14a27f72535a2156da24b09>@@V<lambda_0f47277b42e3e84c3311fed419af0b3c>@@@?$__crt_seh_guarded_call@H@@QAEH$$QAV<lambda_b4329732a1a72698597872ef534ad66d>@@AAV<lambda_96392db5b14a27f72535a2156da24b09>@@$$QAV<lambda_0f47277b42e3e84c3311fed419af0b3c>@@@Z 004915b8     libucrtd:output.obj
 0002:0001c5d8       __sehtable$??$?RV<lambda_15ade71b0218206bbe3333a0c9b79046>@@AAV<lambda_da44e0f8b0f19ba52fefafb335991732>@@V<lambda_207f2d024fc103971653565357d6cd41>@@@?$__crt_seh_guarded_call@X@@QAEX$$QAV<lambda_15ade71b0218206bbe3333a0c9b79046>@@AAV<lambda_da44e0f8b0f19ba52fefafb335991732>@@$$QAV<lambda_207f2d024fc103971653565357d6cd41>@@@Z 004915d8     libucrtd:per_thread_data.obj
 0002:0001c5f8       __sehtable$??$?RV<lambda_a7e850c220f1c8d1e6efeecdedd162c6>@@AAV<lambda_46720907175c18b6c9d2717bc0d2d362>@@V<lambda_9048902d66e8d99359bc9897bbb930a8>@@@?$__crt_seh_guarded_call@X@@QAEX$$QAV<lambda_a7e850c220f1c8d1e6efeecdedd162c6>@@AAV<lambda_46720907175c18b6c9d2717bc0d2d362>@@$$QAV<lambda_9048902d66e8d99359bc9897bbb930a8>@@@Z 004915f8     libucrtd:per_thread_data.obj
 0002:0001c618       __sehtable$??$?RV<lambda_eb0e2b1d104b126d27395a74edba6f03>@@AAV<lambda_d51eb34c9f7d53dbc39f6b791b6a3e42>@@V<lambda_f7564ebddb1f0eaf818ab6f3eade8363>@@@?$__crt_seh_guarded_call@X@@QAEX$$QAV<lambda_eb0e2b1d104b126d27395a74edba6f03>@@AAV<lambda_d51eb34c9f7d53dbc39f6b791b6a3e42>@@$$QAV<lambda_f7564ebddb1f0eaf818ab6f3eade8363>@@@Z 00491618     libucrtd:per_thread_data.obj
 0002:0001c638       __sehtable$??$?RV<lambda_6affb1475c98b40b75cdec977db92e3c>@@AAV<lambda_b8d4b9c228a6ecc3f80208dbb4b4a104>@@V<lambda_608742c3c92a14382c1684fc64f96c88>@@@?$__crt_seh_guarded_call@X@@QAEX$$QAV<lambda_6affb1475c98b40b75cdec977db92e3c>@@AAV<lambda_b8d4b9c228a6ecc3f80208dbb4b4a104>@@$$QAV<lambda_608742c3c92a14382c1684fc64f96c88>@@@Z 00491638     libucrtd:per_thread_data.obj
 0002:0001c658       __sehtable$?update_thread_multibyte_data_internal@@YAPAU__crt_multibyte_data@@QAU__acrt_ptd@@QAU1@@Z 00491658     libucrtd:mbctype.obj
 0002:0001c678       __sehtable$??$?RV<lambda_b5fb591949065c3fa449bad279e8c939>@@AAV<lambda_6c10a39a819b864ce80acc26b314dcd3>@@V<lambda_e567670a9eae49807d365f3e9c117712>@@@?$__crt_seh_guarded_call@X@@QAEX$$QAV<lambda_b5fb591949065c3fa449bad279e8c939>@@AAV<lambda_6c10a39a819b864ce80acc26b314dcd3>@@$$QAV<lambda_e567670a9eae49807d365f3e9c117712>@@@Z 00491678     libucrtd:mbctype.obj
 0002:0001c698       __sehtable$__open_osfhandle 00491698     libucrtd:osfinfo.obj
 0002:0001c6b8       __sehtable$__alloc_osfhnd  004916b8     libucrtd:osfinfo.obj
 0002:0001c6d8       __sehtable$___acrt_lowio_ensure_fh_exists 004916d8     libucrtd:osfinfo.obj
 0002:0001c6f8       __sehtable$___acrt_initialize_lowio 004916f8     libucrtd:ioinit.obj
 0002:0001c718       __sehtable$___acrt_update_thread_locale_data 00491718     libucrtd:locale_refcounting.obj
 0002:0001c738       __sehtable$??$?RV<lambda_93797fb4802c957ba6a7f08e1250235b>@@AAV<lambda_1f3ce6bd48e0aa2e72a71c02eee379d3>@@V<lambda_56cae30c9364c9b6c15aeaac05d0418e>@@@?$__crt_seh_guarded_call@H@@QAEH$$QAV<lambda_93797fb4802c957ba6a7f08e1250235b>@@AAV<lambda_1f3ce6bd48e0aa2e72a71c02eee379d3>@@$$QAV<lambda_56cae30c9364c9b6c15aeaac05d0418e>@@@Z 00491738     libucrtd:winapi_thunks.obj
 0002:0001c758       __sehtable$__query_new_handler 00491758     libucrtd:new_handler.obj
 0002:0001c778       __sehtable$__set_new_handler 00491778     libucrtd:new_handler.obj
 0002:0001c798       __sehtable$_signal         00491798     libucrtd:signal.obj
 0002:0001c7b8       __sehtable$_raise          004917b8     libucrtd:signal.obj
 0002:0001c7d8       __sehtable$?ctrlevent_capture@@YGHK@Z 004917d8     libucrtd:signal.obj
 0002:0001c7f8       __sehtable$??$?RV<lambda_cbab9ec6f41b0180b23cc171c22676b0>@@AAV<lambda_44731a7d0e6d81c3e6aa82d741081786>@@V<lambda_4b292cb8dd18144e164572427af410ab>@@@?$__crt_seh_guarded_call@P6AXH@Z@@QAEP6AXH@Z$$QAV<lambda_cbab9ec6f41b0180b23cc171c22676b0>@@AAV<lambda_44731a7d0e6d81c3e6aa82d741081786>@@$$QAV<lambda_4b292cb8dd18144e164572427af410ab>@@@Z 004917f8     libucrtd:signal.obj
 0002:0001c818       __sehtable$__VCrtDbgReportA 00491818     libucrtd:dbgrptt.obj
 0002:0001c840       __sehtable$__VCrtDbgReportW 00491840     libucrtd:dbgrptt.obj
 0002:0001c868       __unwindtable$?fp_format_a@@YAHQBNPADIQADIH_NIQAU__crt_locale_pointers@@@Z 00491868     libucrtd:cvt.obj
 0002:0001c870       __ehfuncinfo$?fp_format_a@@YAHQBNPADIQADIH_NIQAU__crt_locale_pointers@@@Z 00491870     libucrtd:cvt.obj
 0002:0001c898       __sehtable$_fputwc         00491898     libucrtd:fputwc.obj
 0002:0001c8b8       __sehtable$_fputc          004918b8     libucrtd:fputc.obj
 0002:0001c8d4       __unwindtable$?shortsort@@YAXPAD0IP6AHPBX1@Z@Z 004918d4     libucrtd:qsort.obj
 0002:0001c8dc       __ehfuncinfo$?shortsort@@YAXPAD0IP6AHPBX1@Z@Z 004918dc     libucrtd:qsort.obj
 0002:0001c900       __sehtable$??$?RV<lambda_2866be3712abc81a800a822484c830d8>@@AAV<lambda_39ca0ed439415581b5b15c265174cece>@@V<lambda_2b24c74d71094a6cd0cb82e44167d71b>@@@?$__crt_seh_guarded_call@X@@QAEX$$QAV<lambda_2866be3712abc81a800a822484c830d8>@@AAV<lambda_39ca0ed439415581b5b15c265174cece>@@$$QAV<lambda_2b24c74d71094a6cd0cb82e44167d71b>@@@Z 00491900     libucrtd:fflush.obj
 0002:0001c920       __sehtable$??$?RV<lambda_2cc53f568c5a2bb6f192f930a45d44ea>@@AAV<lambda_ab61a845afdef5b7c387490eaf3616ee>@@V<lambda_c2ffc0b7726aa6be21d5f0026187e748>@@@?$__crt_seh_guarded_call@X@@QAEX$$QAV<lambda_2cc53f568c5a2bb6f192f930a45d44ea>@@AAV<lambda_ab61a845afdef5b7c387490eaf3616ee>@@$$QAV<lambda_c2ffc0b7726aa6be21d5f0026187e748>@@@Z 00491920     libucrtd:fflush.obj
 0002:0001c940       __sehtable$??$?RV<lambda_6d20deecaf4856105ebacbad442d1079>@@AAV<lambda_9a32fed5bf61b6b509b2d3f6003082a1>@@V<lambda_63ea2239ed67c638ddbae41947fdf875>@@@?$__crt_seh_guarded_call@H@@QAEH$$QAV<lambda_6d20deecaf4856105ebacbad442d1079>@@AAV<lambda_9a32fed5bf61b6b509b2d3f6003082a1>@@$$QAV<lambda_63ea2239ed67c638ddbae41947fdf875>@@@Z 00491940     libucrtd:fflush.obj
 0002:0001c960       __sehtable$___set_fpsr_sse2 00491960     libucrtd:fpctrl.obj
 0002:0001c97c       __unwindtable$?_wcstombs_l_helper@@YAIPADPB_WIPAU__crt_locale_pointers@@@Z 0049197c     libucrtd:wcstombs.obj
 0002:0001c984       __ehfuncinfo$?_wcstombs_l_helper@@YAIPADPB_WIPAU__crt_locale_pointers@@@Z 00491984     libucrtd:wcstombs.obj
 0002:0001c9a8       __sehtable$__fcloseall     004919a8     libucrtd:closeall.obj
 0002:0001c9c8       __sehtable$??$?RV<lambda_73934b50d04267ee15484ada9e51f93a>@@AAV<lambda_5533cddd4bda0037814beee657757329>@@V<lambda_505f522a38cc75b1e009910344c75d09>@@@?$__crt_seh_guarded_call@H@@QAEH$$QAV<lambda_73934b50d04267ee15484ada9e51f93a>@@AAV<lambda_5533cddd4bda0037814beee657757329>@@$$QAV<lambda_505f522a38cc75b1e009910344c75d09>@@@Z 004919c8     libucrtd:commit.obj
 0002:0001c9e8       __sehtable$__write         004919e8     libucrtd:write.obj
 0002:0001ca08       __sehtable$??$common_lseek@J@@YAJHJH@Z 00491a08     libucrtd:lseek.obj
 0002:0001ca28       __sehtable$??$common_lseek@_J@@YA_JH_JH@Z 00491a28     libucrtd:lseek.obj
 0002:0001ca48       __sehtable$_fclose         00491a48     libucrtd:fclose.obj
 0002:0001ca68       __sehtable$??$?RV<lambda_f828341fbe69b7c0d4c527b01f22877f>@@AAV<lambda_9e0b6ab72a5b3ae37ad997d08b519f50>@@V<lambda_f01deac0a8d65d6e0411edf7e0af5775>@@@?$__crt_seh_guarded_call@G@@QAEG$$QAV<lambda_f828341fbe69b7c0d4c527b01f22877f>@@AAV<lambda_9e0b6ab72a5b3ae37ad997d08b519f50>@@$$QAV<lambda_f01deac0a8d65d6e0411edf7e0af5775>@@@Z 00491a68     libucrtd:putwch.obj
 0002:0001ca88       __sehtable$??$?RV<lambda_e683defbe2e5a27c42b5544acbb13393>@@AAV<lambda_4e7105787b7b0e0227fbf2b2d883fa65>@@V<lambda_80a887151cae997482d53eaa74bb832b>@@@?$__crt_seh_guarded_call@H@@QAEH$$QAV<lambda_e683defbe2e5a27c42b5544acbb13393>@@AAV<lambda_4e7105787b7b0e0227fbf2b2d883fa65>@@$$QAV<lambda_80a887151cae997482d53eaa74bb832b>@@@Z 00491a88     libucrtd:close.obj
 0002:0001caa8       __sehtable$?__acrt_stdio_allocate_stream@@YA?AV__crt_stdio_stream@@XZ 00491aa8     libucrtd:stream.obj
 0002:0001cac8       __sehtable$__IsNonwritableInCurrentImage 00491ac8     LIBCMTD:pesect.obj
 0002:0001cae8       __sehtable$___FrameUnwindToState 00491ae8     libvcruntimed:frame.obj
 0002:0001cb10       __sehtable$?CallCatchBlock@@YAPAXPAUEHExceptionRecord@@PAUEHRegistrationNode@@PAU_CONTEXT@@PBU_s_FuncInfo@@PAXHK@Z 00491b10     libvcruntimed:frame.obj
 0002:0001cb38       __sehtable$___BuildCatchObject 00491b38     libvcruntimed:frame.obj
 0002:0001cb58       __sehtable$___DestructExceptionObject 00491b58     libvcruntimed:frame.obj
 0002:0001cb74       __catchsym$?CallUnexpected@@YAXPBU_s_ESTypeList@@@Z$2 00491b74     libvcruntimed:frame.obj
 0002:0001cb84       __unwindtable$?CallUnexpected@@YAXPBU_s_ESTypeList@@@Z 00491b84     libvcruntimed:frame.obj
 0002:0001cb94       __tryblocktable$?CallUnexpected@@YAXPBU_s_ESTypeList@@@Z 00491b94     libvcruntimed:frame.obj
 0002:0001cba8       __ehfuncinfo$?CallUnexpected@@YAXPBU_s_ESTypeList@@@Z 00491ba8     libvcruntimed:frame.obj
 0002:0001cbd0       __sehtable$___BuildCatchObjectHelper 00491bd0     libvcruntimed:frame.obj
 0002:0001d194       .idata$6                   00492194     kernel32:KERNEL32.dll
 0002:0001d3ce       .idata$6                   004923ce     user32:USER32.dll
 0002:0001d46a       .idata$6                   0049246a     gdi32:GDI32.dll
 0002:0001d4f4       .idata$6                   004924f4     advapi32:ADVAPI32.dll
 0002:0001d514       .idata$6                   00492514     version:VERSION.dll
 0003:00000000       ?nMode@@3HA                00493000     setup.obj
 0003:00000004       ?szAppName@@3PADA          00493004     setup.obj
 0003:00000008       ?szVersion@@3PADA          00493008     setup.obj
 0003:00000024       ?szBuild@@3PADA            00493024     setup.obj
 0003:00000044       ?szCopyright@@3PADA        00493044     setup.obj
 0003:00000068       ?szContact@@3PADA          00493068     setup.obj
 0003:000001f8       ?C3DFuncs@@3PAPADA         004931f8     kermc3d.obj
 0003:00000210       ?szC3DStatus@@3PADA        00493210     kermc3d.obj
 0003:00000280       ?__vcrt_flsindex@@3KA      00493280     libvcruntimed:per_thread_data.obj
 0003:000002a0       __ctype_loc_style          004932a0     libucrtd:wsetlocale.obj
 0003:000002a4       ?__acrt_current_request_number@@3JA 004932a4     libucrtd:debug_heap.obj
 0003:000002b4       ?errno_no_memory@@3HA      004932b4     libucrtd:errno.obj
 0003:000002b8       ?doserrno_no_memory@@3KA   004932b8     libucrtd:errno.obj
 0003:000002bc       ?__acrt_flsindex@@3KA      004932bc     libucrtd:per_thread_data.obj
 0003:00000388       ?__acrt_debug_fill_threshold@@3IA 00493388     libucrtd:debug_fill_threshold.obj
 0003:000005b0       __mbctypes                 004935b0     libucrtd:mbctype.obj
 0003:000006b8       __mbcasemaps               004936b8     libucrtd:mbctype.obj
 0003:000007b8       ?__rgctypeflag@@3PADA      004937b8     libucrtd:mbctype.obj
 0003:000007c0       ?__rgcode_page_info@@3PAUcode_page_info@@A 004937c0     libucrtd:mbctype.obj
 0003:00000948       ?global_msvcrt_heap_handle_cache@?1??__acrt_get_msvcrt_heap_handle@@9@4PAXA 00493948     libucrtd:free_base.obj
 0003:00000a20       ?__DAZ_ENABLED@?1??__set_fpsr_sse2@@9@9 00493a20     libucrtd:fpctrl.obj
 0003:00000b60       ?bAbort@@3HA               00493b60     setup.obj
 0003:00000b64       ?nResultSetup@@3HA         00493b64     setup.obj
 0003:00000b68       ?bMainProcessed@@3HA       00493b68     setup.obj
 0003:00000b6c       ?hAppInst@@3PAUHINSTANCE__@@A 00493b6c     setup.obj
 0003:00000b70       ?hAppWnd@@3PAUHWND__@@A    00493b70     setup.obj
 0003:00000b74       ?lpProgressDlgProc@@3P6GHXZA 00493b74     setup.obj
 0003:00000b78       ?hProgressDlg@@3PAUHWND__@@A 00493b78     setup.obj
 0003:00000b7c       ?hConv@@3PAUHCONV__@@A     00493b7c     setup.obj
 0003:00000b80       ?idInst@@3KA               00493b80     setup.obj
 0003:00000b84       ?lpDdeProc@@3P6GHXZA       00493b84     setup.obj
 0003:00000b88       ?szAppTitle@@3PADA         00493b88     setup.obj
 0003:00000bd8       ?szSrcDir@@3PADA           00493bd8     setup.obj
 0003:00000cd8       ?szDestDir@@3PADA          00493cd8     setup.obj
 0003:00000dd8       ?szSysDir@@3PADA           00493dd8     setup.obj
 0003:00000ed8       ?szTempDir@@3PADA          00493ed8     setup.obj
 0003:00000fd8       ?szProcessID@@3PADA        00493fd8     setup.obj
 0003:00000ff0       ?szDirDlgDirectory@@3PADA  00493ff0     setup.obj
 0003:000010f0       ?szRunAtExitCmdLine@@3PADA 004940f0     setup.obj
 0003:000011f0       ?szDirDlgPrompt@@3PADA     004941f0     setup.obj
 0003:00001240       ?szBuf@@3PADA              00494240     setup.obj
 0003:00001640       ?szSetupCmdFile@@3PADA     00494640     setup.obj
 0003:00001740       ?szErrMsgBuf@?1??StrOSErr@@YAPADK@Z@4PADA 00494740     setup.obj
 0003:00001790       ?bQuit@?1??HandleMessages@@YAHXZ@4HA 00494790     setup.obj
 0003:00001794       ?hCtl3dLib@@3PAUHINSTANCE__@@A 00494794     kermc3d.obj
 0003:00001798       ?C3DProcs@@3PAP6GHXZA      00494798     kermc3d.obj
 0003:000017b0       _GS_ExceptionRecord        004947b0     LIBCMTD:gs_report.obj
 0003:00001800       _GS_ContextRecord          00494800     LIBCMTD:gs_report.obj
 0003:00001ad4       ?module_local_atexit_table@@3U_onexit_table_t@@A 00494ad4     LIBCMTD:utility.obj
 0003:00001ae0       ?module_local_at_quick_exit_table@@3U_onexit_table_t@@A 00494ae0     LIBCMTD:utility.obj
 0003:00001aec       ?module_local_atexit_table_initialized@@3_NA 00494aec     LIBCMTD:utility.obj
 0003:00001aed       ?is_initialized_as_dll@@3_NA 00494aed     LIBCMTD:utility.obj
 0003:00001b14       ?__vcrt_startup_thread_ptd@@3U__vcrt_ptd@@A 00494b14     libvcruntimed:per_thread_data.obj
 0003:00001b3c       ___vcrt_lock_table         00494b3c     libvcruntimed:locks.obj
 0003:00001b54       ___vcrt_locks_initialized  00494b54     libvcruntimed:locks.obj
 0003:00001b58       ?module_handles@@3PAPAUHINSTANCE__@@A 00494b58     libvcruntimed:winapi_downlevel.obj
 0003:00001b64       ?encoded_function_pointers@@3PAPAXA 00494b64     libvcruntimed:winapi_downlevel.obj
 0003:00001ba4       ?heap@@3V_HeapManager@@A   00494ba4     libvcruntimed:undname.obj
 0003:00001bb8       ?buf@?1??dbGetString@DName@@QBEPADXZ@4PADA 00494bb8     libvcruntimed:undname.obj
 0003:00001c3c       ?__acrt_app_type@@3W4_crt_app_type@@A 00494c3c     libucrtd:report_runtime_error.obj
 0003:00001c40       ?outmsg@?9??__acrt_report_runtime_error@@9@4PA_WA 00494c40     libucrtd:report_runtime_error.obj
 0003:00002268       ?user_matherr@@3V?$dual_state_global@P6AHPAU_exception@@@Z@__crt_state_management@@A 00495268     libucrtd:matherr.obj
 0003:00002270       ?program_name@?1???$common_configure_argv@D@@YAHW4_crt_argv_mode@@@Z@4PADA 00495270     libucrtd:argv_parsing.obj
 0003:00002378       ?program_name@?1???$common_configure_argv@_W@@YAHW4_crt_argv_mode@@@Z@4PA_WA 00495378     libucrtd:argv_parsing.obj
 0003:00002594       ?empty_string@?1???$common_wincmdln@D@@YAPADXZ@4PADA 00495594     libucrtd:argv_winmain.obj
 0003:00002598       ?empty_string@?1???$common_wincmdln@_W@@YAPA_WXZ@4PA_WA 00495598     libucrtd:argv_winmain.obj
 0003:0000259c       ?c_termination_complete@@3JA 0049559c     libucrtd:exit.obj
 0003:000025a0       ?thread_local_exit_callback_func@@3P6GXPAXK0@ZA 004955a0     libucrtd:exit.obj
 0003:000025ac       ?__acrt_global_new_mode@@3V?$dual_state_global@J@__crt_state_management@@A 004955ac     libucrtd:new_mode.obj
 0003:000025cc       ?__acrt_first_block@@3PAU_CrtMemBlockHeader@@A 004955cc     libucrtd:debug_heap.obj
 0003:000025d0       ?__acrt_last_block@@3PAU_CrtMemBlockHeader@@A 004955d0     libucrtd:debug_heap.obj
 0003:000025d4       ?__acrt_total_allocations@@3IA 004955d4     libucrtd:debug_heap.obj
 0003:000025d8       ?__acrt_current_allocations@@3IA 004955d8     libucrtd:debug_heap.obj
 0003:000025dc       ?__acrt_max_allocations@@3IA 004955dc     libucrtd:debug_heap.obj
 0003:000025e0       ?__acrt_check_frequency@@3IA 004955e0     libucrtd:debug_heap.obj
 0003:000025e4       ?__acrt_check_counter@@3IA 004955e4     libucrtd:debug_heap.obj
 0003:000025ec       ?heap_validation_pending@@3_NA 004955ec     libucrtd:debug_heap.obj
 0003:000025f0       ?__acrt_invalid_parameter_handler@@3V?$dual_state_global@P6AXPB_W00II@Z@__crt_state_management@@A 004955f0     libucrtd:invalid_parameter.obj
 0003:000025f8       ___acrt_error_mode         004955f8     libucrtd:set_error_mode.obj
 0003:00002608       ?fSystemSet@@3HA           00495608     libucrtd:mbctype.obj
 0003:0000260c       ?initialized@?1??__acrt_initialize_multibyte@@9@4_NA 0049560c     libucrtd:mbctype.obj
 0003:00002630       ?__acrt_lock_table@@3PAU_RTL_CRITICAL_SECTION@@A 00495630     libucrtd:locks.obj
 0003:00002780       ?__acrt_locks_initialized@@3IA 00495780     libucrtd:locks.obj
 0003:00002784       ?state_cache@?1???$get_cached_win_policy@Ubegin_thread_init_policy_properties@?1??__acrt_get_begin_thread_init_policy@@YA?AW4begin_thread_init_policy@@XZ@@@YA?AW4begin_thread_init_policy@@W4AppPolicyThreadInitializationType@@@Z@4JA 00495784     libucrtd:win_policies.obj
 0003:00002788       ?state_cache@?1???$get_cached_win_policy@Udeveloper_information_policy_properties@?1??__acrt_get_developer_information_policy@@YA?AW4developer_information_policy@@XZ@@@YA?AW4developer_information_policy@@W4AppPolicyShowDeveloperDiagnostic@@@Z@4JA 00495788     libucrtd:win_policies.obj
 0003:0000278c       ?state_cache@?1???$get_cached_win_policy@Uwindowing_model_policy_properties@?1??__acrt_get_windowing_model_policy@@YA?AW4windowing_model_policy@@XZ@@@YA?AW4windowing_model_policy@@W4AppPolicyWindowingModel@@@Z@4JA 0049578c     libucrtd:win_policies.obj
 0003:000029a0       ?module_handles@@3PAPAUHINSTANCE__@@A 004959a0     libucrtd:winapi_thunks.obj
 0003:000029f0       ?encoded_function_pointers@@3PAPAXA 004959f0     libucrtd:winapi_thunks.obj
 0003:00002a78       ?static_enum_proc@?1??enum_system_locales_ex_nolock@@YAHQ6GHPA_WKJ@Z@Z@4P6GH0KJ@ZA 00495a78     libucrtd:winapi_thunks.obj
 0003:00002a88       ?__acrt_new_handler@@3V?$dual_state_global@P6AHI@Z@__crt_state_management@@A 00495a88     libucrtd:new_handler.obj
 0003:00002a8c       ?console_ctrl_handler_installed@@3_NA 00495a8c     libucrtd:signal.obj
 0003:00002a90       ?ctrlc_action@@3V?$dual_state_global@P6AXH@Z@__crt_state_management@@A 00495a90     libucrtd:signal.obj
 0003:00002a94       ?ctrlbreak_action@@3V?$dual_state_global@P6AXH@Z@__crt_state_management@@A 00495a94     libucrtd:signal.obj
 0003:00002a98       ?abort_action@@3V?$dual_state_global@P6AXH@Z@__crt_state_management@@A 00495a98     libucrtd:signal.obj
 0003:00002a9c       ?term_action@@3V?$dual_state_global@P6AXH@Z@__crt_state_management@@A 00495a9c     libucrtd:signal.obj
 0003:00002ac0       ?enable_percent_n@@3IA     00495ac0     libucrtd:printf_count_output.obj
 0003:00002ac8       __pmatherr_set             00495ac8     libucrtd:libm_error.obj
 0004:00000270       $R000000                   00496270     setup.res
 0004:00000558       $R0002E8                   00496558     setup.res
 0004:00000570       $R000300                   00496570     setup.res
 0004:00000858       $R0005E8                   00496858     setup.res
 0004:00000870       $R000600                   00496870     setup.res
 0004:00000b68       $R0008F8                   00496b68     setup.res
 0004:00000c50       $R0009E0                   00496c50     setup.res
 0004:00000d38       $R000AC8                   00496d38     setup.res
